Copyright 1986-2022 Xilinx, Inc. All Rights Reserved. Copyright 2022-2025 Advanced Micro Devices, Inc. All Rights Reserved.
--------------------------------------------------------------------------------------------------------------------------------------------------
| Tool Version      : Vivado v.2025.2 (lin64) Build 6299465 Fri Nov 14 12:34:56 MST 2025
| Date              : Fri Jul 31 16:51:20 2026
| Host              : abhishek-VMware-Virtual-Platform running 64-bit Ubuntu 24.04.2 LTS
| Command           : report_timing_summary -file /home/abhishek/Projects/HFT/vivado/mc_top/mc_top.runs/impl_1/post_route_timing_summary.rpt
| Design            : tick_to_trade_mc_top
| Device            : xcu200-fsgd2104
| Speed File        : -2  PRODUCTION 1.28 03-30-2022
| Design State      : Routed
| Temperature Grade : E
--------------------------------------------------------------------------------------------------------------------------------------------------

Timing Summary Report

------------------------------------------------------------------------------------------------
| Timer Settings
| --------------
------------------------------------------------------------------------------------------------

  Enable Multi Corner Analysis               :  Yes
  Enable Pessimism Removal                   :  Yes
  Pessimism Removal Resolution               :  Nearest Common Node
  Enable Input Delay Default Clock           :  No
  Enable Preset / Clear Arcs                 :  No
  Disable Flight Delays                      :  No
  Ignore I/O Paths                           :  No
  Timing Early Launch at Borrowing Latches   :  No
  Borrow Time for Max Delay Exceptions       :  Yes
  Merge Timing Exceptions                    :  Yes
  Inter-SLR Compensation                     :  Conservative

  Corner  Analyze    Analyze    
  Name    Max Paths  Min Paths  
  ------  ---------  ---------  
  Slow    Yes        Yes        
  Fast    Yes        Yes        


------------------------------------------------------------------------------------------------
| Report Methodology
| ------------------
------------------------------------------------------------------------------------------------

Rule       Severity  Description                                     Violations  
---------  --------  ----------------------------------------------  ----------  
SYNTH-6    Warning   Timing of a RAM block might be sub-optimal      1           
TIMING-9   Warning   Unknown CDC Logic                               1           
TIMING-38  Warning   Bus skew constraint applied on multiple clocks  3           

Note: This report is based on the most recent report_methodology run and may not be up-to-date. Run report_methodology on the current design for the latest report.



check_timing report

Table of Contents
-----------------
1. checking no_clock (0)
2. checking constant_clock (0)
3. checking pulse_width_clock (0)
4. checking unconstrained_internal_endpoints (0)
5. checking no_input_delay (41)
6. checking no_output_delay (87)
7. checking multiple_clock (0)
8. checking generated_clocks (0)
9. checking loops (0)
10. checking partial_input_delay (0)
11. checking partial_output_delay (0)
12. checking latch_loops (0)

1. checking no_clock (0)
------------------------
 There are 0 register/latch pins with no clock.


2. checking constant_clock (0)
------------------------------
 There are 0 register/latch pins with constant_clock.


3. checking pulse_width_clock (0)
---------------------------------
 There are 0 register/latch pins which need pulse_width check


4. checking unconstrained_internal_endpoints (0)
------------------------------------------------
 There are 0 pins that are not constrained for maximum delay.

 There are 0 pins that are not constrained for maximum delay due to constant clock.


5. checking no_input_delay (41)
-------------------------------
 There are 0 input ports with no input delay specified.

 There are 41 input ports with no input delay but user has a false path constraint. (MEDIUM)


6. checking no_output_delay (87)
--------------------------------
 There are 0 ports with no output delay specified.

 There are 87 ports with no output delay but user has a false path constraint (MEDIUM)

 There are 0 ports with no output delay but with a timing clock defined on it or propagating through it


7. checking multiple_clock (0)
------------------------------
 There are 0 register/latch pins with multiple clocks.


8. checking generated_clocks (0)
--------------------------------
 There are 0 generated clocks that are not connected to a clock source.


9. checking loops (0)
---------------------
 There are 0 combinational loops in the design.


10. checking partial_input_delay (0)
------------------------------------
 There are 0 input ports with partial input delay specified.


11. checking partial_output_delay (0)
-------------------------------------
 There are 0 ports with partial output delay specified.


12. checking latch_loops (0)
----------------------------
 There are 0 combinational latch loops in the design through latch input



------------------------------------------------------------------------------------------------
| Design Timing Summary
| ---------------------
------------------------------------------------------------------------------------------------

    WNS(ns)      TNS(ns)  TNS Failing Endpoints  TNS Total Endpoints      WHS(ns)      THS(ns)  THS Failing Endpoints  THS Total Endpoints     WPWS(ns)     TPWS(ns)  TPWS Failing Endpoints  TPWS Total Endpoints  
    -------      -------  ---------------------  -------------------      -------      -------  ---------------------  -------------------     --------     --------  ----------------------  --------------------  
      0.222        0.000                      0                18392        0.012        0.000                      0                18317        1.458        0.000                       0                  5855  


All user specified timing constraints are met.


------------------------------------------------------------------------------------------------
| Clock Summary
| -------------
------------------------------------------------------------------------------------------------

Clock     Waveform(ns)         Period(ns)      Frequency(MHz)
-----     ------------         ----------      --------------
clk_core  {0.000 2.000}        4.000           250.000         
clk_host  {0.000 4.000}        8.000           125.000         
clk_line  {0.000 3.200}        6.400           156.250         


------------------------------------------------------------------------------------------------
| Intra Clock Table
| -----------------
------------------------------------------------------------------------------------------------

Clock             WNS(ns)      TNS(ns)  TNS Failing Endpoints  TNS Total Endpoints      WHS(ns)      THS(ns)  THS Failing Endpoints  THS Total Endpoints     WPWS(ns)     TPWS(ns)  TPWS Failing Endpoints  TPWS Total Endpoints  
-----             -------      -------  ---------------------  -------------------      -------      -------  ---------------------  -------------------     --------     --------  ----------------------  --------------------  
clk_core            0.222        0.000                      0                12660        0.012        0.000                      0                12660        1.458        0.000                       0                  5570  
clk_host            5.684        0.000                      0                  189        0.032        0.000                      0                  189        3.468        0.000                       0                   146  
clk_line            4.003        0.000                      0                  704        0.057        0.000                      0                  704        2.668        0.000                       0                   139  


------------------------------------------------------------------------------------------------
| Inter Clock Table
| -----------------
------------------------------------------------------------------------------------------------

From Clock    To Clock          WNS(ns)      TNS(ns)  TNS Failing Endpoints  TNS Total Endpoints      WHS(ns)      THS(ns)  THS Failing Endpoints  THS Total Endpoints  
----------    --------          -------      -------  ---------------------  -------------------      -------      -------  ---------------------  -------------------  
clk_host      clk_core            2.797        0.000                      0                   55                                                                        
clk_line      clk_core            0.996        0.000                      0                  330                                                                        
clk_core      clk_host            2.915        0.000                      0                   29                                                                        
clk_core      clk_line            3.383        0.000                      0                   10                                                                        


------------------------------------------------------------------------------------------------
| Other Path Groups Table
| -----------------------
------------------------------------------------------------------------------------------------

Path Group         From Clock         To Clock               WNS(ns)      TNS(ns)  TNS Failing Endpoints  TNS Total Endpoints      WHS(ns)      THS(ns)  THS Failing Endpoints  THS Total Endpoints  
----------         ----------         --------               -------      -------  ---------------------  -------------------      -------      -------  ---------------------  -------------------  
**async_default**  clk_core           clk_core                 0.417        0.000                      0                 4615        0.074        0.000                      0                 4615  
**async_default**  clk_host           clk_host                 6.534        0.000                      0                  109        0.086        0.000                      0                  109  
**async_default**  clk_line           clk_line                 5.358        0.000                      0                   40        0.112        0.000                      0                   40  


------------------------------------------------------------------------------------------------
| Timing Details
| --------------
------------------------------------------------------------------------------------------------


---------------------------------------------------------------------------------------------------
From Clock:  clk_core
  To Clock:  clk_core

Setup :            0  Failing Endpoints,  Worst Slack        0.222ns,  Total Violation        0.000ns
Hold  :            0  Failing Endpoints,  Worst Slack        0.012ns,  Total Violation        0.000ns
PW    :            0  Failing Endpoints,  Worst Slack        1.458ns,  Total Violation        0.000ns
---------------------------------------------------------------------------------------------------


Max Delay Paths
--------------------------------------------------------------------------------------
Slack (MET) :             0.222ns  (required time - arrival time)
  Source:                 u_core/u_book/ask_lv_reg[cnt][0]/C
                            (rising edge-triggered cell FDCE clocked by clk_core  {rise@0.000ns fall@2.000ns period=4.000ns})
  Destination:            u_core/u_strategy/u_ofi/inc_r_reg[31]/D
                            (rising edge-triggered cell FDCE clocked by clk_core  {rise@0.000ns fall@2.000ns period=4.000ns})
  Path Group:             clk_core
  Path Type:              Setup (Max at Slow Process Corner)
  Requirement:            4.000ns  (clk_core rise@4.000ns - clk_core rise@0.000ns)
  Data Path Delay:        3.658ns  (logic 0.876ns (23.946%)  route 2.782ns (76.054%))
  Logic Levels:           8  (CARRY8=3 LUT4=3 LUT5=1 LUT6=1)
  Clock Path Skew:        -0.009ns (DCD - SCD + CPR)
    Destination Clock Delay (DCD):    0.020ns = ( 4.020 - 4.000 ) 
    Source Clock Delay      (SCD):    0.029ns
    Clock Pessimism Removal (CPR):    0.000ns
  Clock Uncertainty:      0.135ns  ((TSJ^2 + TIJ^2)^1/2 + DJ) / 2 + PE + UU
    Total System Jitter     (TSJ):    0.071ns
    Total Input Jitter      (TIJ):    0.000ns
    Discrete Jitter          (DJ):    0.000ns
    Phase Error              (PE):    0.000ns
    User Uncertainty         (UU):    0.100ns

    Location             Delay type                Incr(ns)  Path(ns)    Netlist Resource(s)
  -------------------------------------------------------------------    -------------------
                         (clock clk_core rise edge)
                                                      0.000     0.000 r  
                                                      0.000     0.000 r  clk_core (IN)
                         net (fo=5569, unset)         0.029     0.029    u_core/u_book/clk_core
    SLICE_X112Y545       FDCE                                         r  u_core/u_book/ask_lv_reg[cnt][0]/C
  -------------------------------------------------------------------    -------------------
    SLICE_X112Y545       FDCE (Prop_EFF_SLICEL_C_Q)
                                                      0.079     0.108 f  u_core/u_book/ask_lv_reg[cnt][0]/Q
                         net (fo=102, routed)         0.827     0.935    u_core/u_book/ask_lv_reg[cnt_n_0_][0]
    SLICE_X110Y525       LUT4 (Prop_A6LUT_SLICEM_I2_O)
                                                      0.038     0.973 r  u_core/u_book/ask_p_r[31]_i_1/O
                         net (fo=11, routed)          0.404     1.377    u_core/u_book/ask_lv_reg[price][0][31]_0[31]
    SLICE_X110Y551       LUT4 (Prop_H6LUT_SLICEM_I2_O)
                                                      0.125     1.502 r  u_core/u_book/i__carry__0_i_9/O
                         net (fo=1, routed)           0.015     1.517    u_core/u_strategy/u_ofi/inc_r0__1_carry_i_6[7]
    SLICE_X110Y551       CARRY8 (Prop_CARRY8_SLICEM_S[7]_CO[7])
                                                      0.124     1.641 f  u_core/u_strategy/u_ofi/inc_r4_inferred__1/i__carry__0/CO[7]
                         net (fo=65, routed)          1.069     2.711    u_core/u_strategy/u_ofi/CO[0]
    SLICE_X101Y490       LUT6 (Prop_B6LUT_SLICEL_I2_O)
                                                      0.090     2.801 r  u_core/u_strategy/u_ofi/inc_r0__1_carry__1_i_27/O
                         net (fo=2, routed)           0.317     3.117    u_core/u_strategy/u_ofi/inc_r0__1_carry__1_i_27_n_0
    SLICE_X97Y493        LUT4 (Prop_A6LUT_SLICEM_I0_O)
                                                      0.053     3.170 r  u_core/u_strategy/u_ofi/inc_r0__1_carry__1_i_6/O
                         net (fo=2, routed)           0.088     3.258    u_core/u_strategy/u_ofi/inc_r0__1_carry__1_i_6_n_0
    SLICE_X98Y493        LUT5 (Prop_C6LUT_SLICEL_I0_O)
                                                      0.096     3.354 r  u_core/u_strategy/u_ofi/inc_r0__1_carry__1_i_14/O
                         net (fo=1, routed)           0.010     3.364    u_core/u_strategy/u_ofi/inc_r0__1_carry__1_i_14_n_0
    SLICE_X98Y493        CARRY8 (Prop_CARRY8_SLICEL_S[2]_CO[7])
                                                      0.155     3.519 r  u_core/u_strategy/u_ofi/inc_r0__1_carry__1/CO[7]
                         net (fo=1, routed)           0.026     3.545    u_core/u_strategy/u_ofi/inc_r0__1_carry__1_n_0
    SLICE_X98Y494        CARRY8 (Prop_CARRY8_SLICEL_CI_O[7])
                                                      0.116     3.661 r  u_core/u_strategy/u_ofi/inc_r0__1_carry__2/O[7]
                         net (fo=1, routed)           0.026     3.687    u_core/u_strategy/u_ofi/inc_r0[31]
    SLICE_X98Y494        FDCE                                         r  u_core/u_strategy/u_ofi/inc_r_reg[31]/D
  -------------------------------------------------------------------    -------------------

                         (clock clk_core rise edge)
                                                      4.000     4.000 r  
                                                      0.000     4.000 r  clk_core (IN)
                         net (fo=5569, unset)         0.020     4.020    u_core/u_strategy/u_ofi/clk_core
    SLICE_X98Y494        FDCE                                         r  u_core/u_strategy/u_ofi/inc_r_reg[31]/C
                         clock pessimism              0.000     4.020    
                         clock uncertainty           -0.135     3.885    
    SLICE_X98Y494        FDCE (Setup_HFF_SLICEL_C_D)
                                                      0.025     3.910    u_core/u_strategy/u_ofi/inc_r_reg[31]
  -------------------------------------------------------------------
                         required time                          3.910    
                         arrival time                          -3.687    
  -------------------------------------------------------------------
                         slack                                  0.222    





Min Delay Paths
--------------------------------------------------------------------------------------
Slack (MET) :             0.012ns  (arrival time - required time)
  Source:                 u_core/u_book/entry_valid_reg[19]/C
                            (rising edge-triggered cell FDCE clocked by clk_core  {rise@0.000ns fall@2.000ns period=4.000ns})
  Destination:            u_core/u_book/entry_valid_reg[19]/D
                            (rising edge-triggered cell FDCE clocked by clk_core  {rise@0.000ns fall@2.000ns period=4.000ns})
  Path Group:             clk_core
  Path Type:              Hold (Min at Fast Process Corner)
  Requirement:            0.000ns  (clk_core rise@0.000ns - clk_core rise@0.000ns)
  Data Path Delay:        0.164ns  (logic 0.098ns (59.848%)  route 0.066ns (40.152%))
  Logic Levels:           1  (LUT6=1)
  Clock Path Skew:        0.006ns (DCD - SCD - CPR)
    Destination Clock Delay (DCD):    0.018ns
    Source Clock Delay      (SCD):    0.012ns
    Clock Pessimism Removal (CPR):    -0.000ns
  Clock Uncertainty:      0.100ns  ((TSJ^2 + TIJ^2)^1/2 + DJ) / 2 + PE + UU
    Total System Jitter     (TSJ):    0.000ns
    Total Input Jitter      (TIJ):    0.000ns
    Discrete Jitter          (DJ):    0.000ns
    Phase Error              (PE):    0.000ns
    User Uncertainty         (UU):    0.100ns

    Location             Delay type                Incr(ns)  Path(ns)    Netlist Resource(s)
  -------------------------------------------------------------------    -------------------
                         (clock clk_core rise edge)
                                                      0.000     0.000 r  
                                                      0.000     0.000 r  clk_core (IN)
                         net (fo=5569, unset)         0.012     0.012    u_core/u_book/clk_core
    SLICE_X120Y527       FDCE                                         r  u_core/u_book/entry_valid_reg[19]/C
  -------------------------------------------------------------------    -------------------
    SLICE_X120Y527       FDCE (Prop_DFF_SLICEL_C_Q)
                                                      0.039     0.051 r  u_core/u_book/entry_valid_reg[19]/Q
                         net (fo=3, routed)           0.050     0.101    u_core/u_book/entry_valid[19]
    SLICE_X120Y527       LUT6 (Prop_D6LUT_SLICEL_I5_O)
                                                      0.059     0.160 r  u_core/u_book/entry_valid[19]_i_1/O
                         net (fo=1, routed)           0.016     0.176    u_core/u_book/entry_valid[19]_i_1_n_0
    SLICE_X120Y527       FDCE                                         r  u_core/u_book/entry_valid_reg[19]/D
  -------------------------------------------------------------------    -------------------

                         (clock clk_core rise edge)
                                                      0.000     0.000 r  
                                                      0.000     0.000 r  clk_core (IN)
                         net (fo=5569, unset)         0.018     0.018    u_core/u_book/clk_core
    SLICE_X120Y527       FDCE                                         r  u_core/u_book/entry_valid_reg[19]/C
                         clock pessimism              0.000     0.018    
                         clock uncertainty            0.100     0.118    
    SLICE_X120Y527       FDCE (Hold_DFF_SLICEL_C_D)
                                                      0.046     0.164    u_core/u_book/entry_valid_reg[19]
  -------------------------------------------------------------------
                         required time                         -0.164    
                         arrival time                           0.176    
  -------------------------------------------------------------------
                         slack                                  0.012    





Pulse Width Checks
--------------------------------------------------------------------------------------
Clock Name:         clk_core
Waveform(ns):       { 0.000 2.000 }
Period(ns):         4.000
Sources:            { clk_core }

Check Type        Corner  Lib Pin             Reference Pin  Required(ns)  Actual(ns)  Slack(ns)  Location       Pin
Min Period        n/a     RAMB36E2/CLKARDCLK  n/a            1.569         4.000       2.431      RAMB36_X8Y108  u_core/u_book/entries_reg[0][order_ref]/CLKARDCLK
Low Pulse Width   Slow    RAMB36E2/CLKARDCLK  n/a            0.542         2.000       1.458      RAMB36_X8Y108  u_core/u_book/entries_reg[0][order_ref]/CLKARDCLK
High Pulse Width  Slow    RAMB36E2/CLKARDCLK  n/a            0.542         2.000       1.458      RAMB36_X8Y108  u_core/u_book/entries_reg[0][order_ref]/CLKARDCLK



---------------------------------------------------------------------------------------------------
From Clock:  clk_host
  To Clock:  clk_host

Setup :            0  Failing Endpoints,  Worst Slack        5.684ns,  Total Violation        0.000ns
Hold  :            0  Failing Endpoints,  Worst Slack        0.032ns,  Total Violation        0.000ns
PW    :            0  Failing Endpoints,  Worst Slack        3.468ns,  Total Violation        0.000ns
---------------------------------------------------------------------------------------------------


Max Delay Paths
--------------------------------------------------------------------------------------
Slack (MET) :             5.684ns  (required time - arrival time)
  Source:                 u_cfg/u_ack/sync_reg[1]/C
                            (rising edge-triggered cell FDCE clocked by clk_host  {rise@0.000ns fall@4.000ns period=8.000ns})
  Destination:            cfg_valid_host_reg/D
                            (rising edge-triggered cell FDCE clocked by clk_host  {rise@0.000ns fall@4.000ns period=8.000ns})
  Path Group:             clk_host
  Path Type:              Setup (Max at Slow Process Corner)
  Requirement:            8.000ns  (clk_host rise@8.000ns - clk_host rise@0.000ns)
  Data Path Delay:        2.198ns  (logic 0.248ns (11.283%)  route 1.950ns (88.717%))
  Logic Levels:           2  (LUT2=1 LUT6=1)
  Clock Path Skew:        -0.008ns (DCD - SCD + CPR)
    Destination Clock Delay (DCD):    0.020ns = ( 8.020 - 8.000 ) 
    Source Clock Delay      (SCD):    0.028ns
    Clock Pessimism Removal (CPR):    0.000ns
  Clock Uncertainty:      0.135ns  ((TSJ^2 + TIJ^2)^1/2 + DJ) / 2 + PE + UU
    Total System Jitter     (TSJ):    0.071ns
    Total Input Jitter      (TIJ):    0.000ns
    Discrete Jitter          (DJ):    0.000ns
    Phase Error              (PE):    0.000ns
    User Uncertainty         (UU):    0.100ns

    Location             Delay type                Incr(ns)  Path(ns)    Netlist Resource(s)
  -------------------------------------------------------------------    -------------------
                         (clock clk_host rise edge)
                                                      0.000     0.000 r  
                                                      0.000     0.000 r  clk_host (IN)
                         net (fo=145, unset)          0.028     0.028    u_cfg/u_ack/clk_host
    SLICE_X111Y555       FDCE                                         r  u_cfg/u_ack/sync_reg[1]/C
  -------------------------------------------------------------------    -------------------
    SLICE_X111Y555       FDCE (Prop_AFF2_SLICEL_C_Q)
                                                      0.081     0.109 r  u_cfg/u_ack/sync_reg[1]/Q
                         net (fo=2, routed)           0.304     0.413    u_cfg/u_ack/sync[1]
    SLICE_X111Y555       LUT2 (Prop_C5LUT_SLICEL_I0_O)
                                                      0.068     0.481 r  u_cfg/u_ack/cfg_load_pending_i_2/O
                         net (fo=1, routed)           0.684     1.165    u_cfg/u_ack/cfg_ready_host
    SLICE_X110Y555       LUT6 (Prop_D6LUT_SLICEM_I0_O)
                                                      0.099     1.264 r  u_cfg/u_ack/cfg_load_pending_i_1/O
                         net (fo=4, routed)           0.962     2.226    cfg_valid_host0
    SLICE_X111Y555       FDCE                                         r  cfg_valid_host_reg/D
  -------------------------------------------------------------------    -------------------

                         (clock clk_host rise edge)
                                                      8.000     8.000 r  
                                                      0.000     8.000 r  clk_host (IN)
                         net (fo=145, unset)          0.020     8.020    clk_host
    SLICE_X111Y555       FDCE                                         r  cfg_valid_host_reg/C
                         clock pessimism              0.000     8.020    
                         clock uncertainty           -0.135     7.885    
    SLICE_X111Y555       FDCE (Setup_CFF2_SLICEL_C_D)
                                                      0.025     7.910    cfg_valid_host_reg
  -------------------------------------------------------------------
                         required time                          7.910    
                         arrival time                          -2.226    
  -------------------------------------------------------------------
                         slack                                  5.684    





Min Delay Paths
--------------------------------------------------------------------------------------
Slack (MET) :             0.032ns  (arrival time - required time)
  Source:                 u_egress/u_fifo/rbin_reg[0]/C
                            (rising edge-triggered cell FDCE clocked by clk_host  {rise@0.000ns fall@4.000ns period=8.000ns})
  Destination:            u_egress/u_fifo/rbin_reg[3]/D
                            (rising edge-triggered cell FDCE clocked by clk_host  {rise@0.000ns fall@4.000ns period=8.000ns})
  Path Group:             clk_host
  Path Type:              Hold (Min at Fast Process Corner)
  Requirement:            0.000ns  (clk_host rise@0.000ns - clk_host rise@0.000ns)
  Data Path Delay:        0.184ns  (logic 0.061ns (33.093%)  route 0.123ns (66.907%))
  Logic Levels:           1  (LUT6=1)
  Clock Path Skew:        0.006ns (DCD - SCD - CPR)
    Destination Clock Delay (DCD):    0.019ns
    Source Clock Delay      (SCD):    0.013ns
    Clock Pessimism Removal (CPR):    -0.000ns
  Clock Uncertainty:      0.100ns  ((TSJ^2 + TIJ^2)^1/2 + DJ) / 2 + PE + UU
    Total System Jitter     (TSJ):    0.000ns
    Total Input Jitter      (TIJ):    0.000ns
    Discrete Jitter          (DJ):    0.000ns
    Phase Error              (PE):    0.000ns
    User Uncertainty         (UU):    0.100ns

    Location             Delay type                Incr(ns)  Path(ns)    Netlist Resource(s)
  -------------------------------------------------------------------    -------------------
                         (clock clk_host rise edge)
                                                      0.000     0.000 r  
                                                      0.000     0.000 r  clk_host (IN)
                         net (fo=145, unset)          0.013     0.013    u_egress/u_fifo/clk_host
    SLICE_X101Y552       FDCE                                         r  u_egress/u_fifo/rbin_reg[0]/C
  -------------------------------------------------------------------    -------------------
    SLICE_X101Y552       FDCE (Prop_GFF_SLICEL_C_Q)
                                                      0.039     0.052 r  u_egress/u_fifo/rbin_reg[0]/Q
                         net (fo=51, routed)          0.105     0.157    u_egress/u_fifo/rbin_reg[0]
    SLICE_X101Y552       LUT6 (Prop_F6LUT_SLICEL_I1_O)
                                                      0.022     0.179 r  u_egress/u_fifo/rbin[3]_i_1/O
                         net (fo=1, routed)           0.018     0.197    u_egress/u_fifo/b[3]
    SLICE_X101Y552       FDCE                                         r  u_egress/u_fifo/rbin_reg[3]/D
  -------------------------------------------------------------------    -------------------

                         (clock clk_host rise edge)
                                                      0.000     0.000 r  
                                                      0.000     0.000 r  clk_host (IN)
                         net (fo=145, unset)          0.019     0.019    u_egress/u_fifo/clk_host
    SLICE_X101Y552       FDCE                                         r  u_egress/u_fifo/rbin_reg[3]/C
                         clock pessimism              0.000     0.019    
                         clock uncertainty            0.100     0.119    
    SLICE_X101Y552       FDCE (Hold_FFF_SLICEL_C_D)
                                                      0.046     0.165    u_egress/u_fifo/rbin_reg[3]
  -------------------------------------------------------------------
                         required time                         -0.165    
                         arrival time                           0.197    
  -------------------------------------------------------------------
                         slack                                  0.032    





Pulse Width Checks
--------------------------------------------------------------------------------------
Clock Name:         clk_host
Waveform(ns):       { 0.000 4.000 }
Period(ns):         8.000
Sources:            { clk_host }

Check Type        Corner  Lib Pin     Reference Pin  Required(ns)  Actual(ns)  Slack(ns)  Location       Pin
Min Period        n/a     RAMD32/CLK  n/a            1.064         8.000       6.936      SLICE_X99Y556  u_axil_ar/u_fifo/mem_reg_0_3_0_8/RAMA/CLK
Low Pulse Width   Slow    RAMD32/CLK  n/a            0.532         4.000       3.468      SLICE_X99Y556  u_axil_ar/u_fifo/mem_reg_0_3_0_8/RAMA/CLK
High Pulse Width  Slow    RAMD32/CLK  n/a            0.532         4.000       3.468      SLICE_X99Y556  u_axil_ar/u_fifo/mem_reg_0_3_0_8/RAMA/CLK



---------------------------------------------------------------------------------------------------
From Clock:  clk_line
  To Clock:  clk_line

Setup :            0  Failing Endpoints,  Worst Slack        4.003ns,  Total Violation        0.000ns
Hold  :            0  Failing Endpoints,  Worst Slack        0.057ns,  Total Violation        0.000ns
PW    :            0  Failing Endpoints,  Worst Slack        2.668ns,  Total Violation        0.000ns
---------------------------------------------------------------------------------------------------


Max Delay Paths
--------------------------------------------------------------------------------------
Slack (MET) :             4.003ns  (required time - arrival time)
  Source:                 u_ingress/u_fifo/wbin_reg[0]/C
                            (rising edge-triggered cell FDCE clocked by clk_line  {rise@0.000ns fall@3.200ns period=6.400ns})
  Destination:            u_ingress/u_fifo/full_reg/D
                            (rising edge-triggered cell FDCE clocked by clk_line  {rise@0.000ns fall@3.200ns period=6.400ns})
  Path Group:             clk_line
  Path Type:              Setup (Max at Slow Process Corner)
  Requirement:            6.400ns  (clk_line rise@6.400ns - clk_line rise@0.000ns)
  Data Path Delay:        2.278ns  (logic 0.643ns (28.230%)  route 1.635ns (71.770%))
  Logic Levels:           5  (LUT4=1 LUT6=4)
  Clock Path Skew:        -0.009ns (DCD - SCD + CPR)
    Destination Clock Delay (DCD):    0.020ns = ( 6.420 - 6.400 ) 
    Source Clock Delay      (SCD):    0.029ns
    Clock Pessimism Removal (CPR):    0.000ns
  Clock Uncertainty:      0.135ns  ((TSJ^2 + TIJ^2)^1/2 + DJ) / 2 + PE + UU
    Total System Jitter     (TSJ):    0.071ns
    Total Input Jitter      (TIJ):    0.000ns
    Discrete Jitter          (DJ):    0.000ns
    Phase Error              (PE):    0.000ns
    User Uncertainty         (UU):    0.100ns

    Location             Delay type                Incr(ns)  Path(ns)    Netlist Resource(s)
  -------------------------------------------------------------------    -------------------
                         (clock clk_line rise edge)
                                                      0.000     0.000 r  
                                                      0.000     0.000 r  clk_line (IN)
                         net (fo=138, unset)          0.029     0.029    u_ingress/u_fifo/clk_line
    SLICE_X103Y482       FDCE                                         r  u_ingress/u_fifo/wbin_reg[0]/C
  -------------------------------------------------------------------    -------------------
    SLICE_X103Y482       FDCE (Prop_EFF_SLICEL_C_Q)
                                                      0.079     0.108 r  u_ingress/u_fifo/wbin_reg[0]/Q
                         net (fo=122, routed)         0.666     0.774    u_ingress/u_fifo/wbin_reg_n_0_[0]
    SLICE_X101Y481       LUT6 (Prop_H6LUT_SLICEL_I2_O)
                                                      0.150     0.924 r  u_ingress/u_fifo/wbin[8]_i_2/O
                         net (fo=12, routed)          0.419     1.344    u_ingress/u_fifo/wbin[8]_i_2_n_0
    SLICE_X102Y479       LUT4 (Prop_D5LUT_SLICEM_I2_O)
                                                      0.110     1.454 r  u_ingress/u_fifo/full_i_8/O
                         net (fo=1, routed)           0.216     1.670    u_ingress/u_fifo/full_i_8_n_0
    SLICE_X102Y479       LUT6 (Prop_G6LUT_SLICEM_I4_O)
                                                      0.090     1.760 r  u_ingress/u_fifo/full_i_7/O
                         net (fo=1, routed)           0.140     1.900    u_ingress/u_fifo/full_i_7_n_0
    SLICE_X103Y481       LUT6 (Prop_H6LUT_SLICEL_I3_O)
                                                      0.090     1.990 f  u_ingress/u_fifo/full_i_4/O
                         net (fo=1, routed)           0.142     2.132    u_ingress/u_fifo/full_i_4_n_0
    SLICE_X103Y482       LUT6 (Prop_H6LUT_SLICEL_I5_O)
                                                      0.124     2.256 r  u_ingress/u_fifo/full_i_1/O
                         net (fo=1, routed)           0.051     2.307    u_ingress/u_fifo/full_nxt
    SLICE_X103Y482       FDCE                                         r  u_ingress/u_fifo/full_reg/D
  -------------------------------------------------------------------    -------------------

                         (clock clk_line rise edge)
                                                      6.400     6.400 r  
                                                      0.000     6.400 r  clk_line (IN)
                         net (fo=138, unset)          0.020     6.420    u_ingress/u_fifo/clk_line
    SLICE_X103Y482       FDCE                                         r  u_ingress/u_fifo/full_reg/C
                         clock pessimism              0.000     6.420    
                         clock uncertainty           -0.135     6.285    
    SLICE_X103Y482       FDCE (Setup_HFF_SLICEL_C_D)
                                                      0.025     6.310    u_ingress/u_fifo/full_reg
  -------------------------------------------------------------------
                         required time                          6.310    
                         arrival time                          -2.307    
  -------------------------------------------------------------------
                         slack                                  4.003    





Min Delay Paths
--------------------------------------------------------------------------------------
Slack (MET) :             0.057ns  (arrival time - required time)
  Source:                 u_rst_line/sync_reg[0]/C
                            (rising edge-triggered cell FDCE clocked by clk_line  {rise@0.000ns fall@3.200ns period=6.400ns})
  Destination:            u_rst_line/sync_reg[1]/D
                            (rising edge-triggered cell FDCE clocked by clk_line  {rise@0.000ns fall@3.200ns period=6.400ns})
  Path Group:             clk_line
  Path Type:              Hold (Min at Fast Process Corner)
  Requirement:            0.000ns  (clk_line rise@0.000ns - clk_line rise@0.000ns)
  Data Path Delay:        0.210ns  (logic 0.039ns (18.571%)  route 0.171ns (81.429%))
  Logic Levels:           0  
  Clock Path Skew:        0.006ns (DCD - SCD - CPR)
    Destination Clock Delay (DCD):    0.019ns
    Source Clock Delay      (SCD):    0.013ns
    Clock Pessimism Removal (CPR):    -0.000ns
  Clock Uncertainty:      0.100ns  ((TSJ^2 + TIJ^2)^1/2 + DJ) / 2 + PE + UU
    Total System Jitter     (TSJ):    0.000ns
    Total Input Jitter      (TIJ):    0.000ns
    Discrete Jitter          (DJ):    0.000ns
    Phase Error              (PE):    0.000ns
    User Uncertainty         (UU):    0.100ns

    Location             Delay type                Incr(ns)  Path(ns)    Netlist Resource(s)
  -------------------------------------------------------------------    -------------------
                         (clock clk_line rise edge)
                                                      0.000     0.000 r  
                                                      0.000     0.000 r  clk_line (IN)
                         net (fo=138, unset)          0.013     0.013    u_rst_line/clk_line
    SLICE_X103Y484       FDCE                                         r  u_rst_line/sync_reg[0]/C
  -------------------------------------------------------------------    -------------------
    SLICE_X103Y484       FDCE (Prop_HFF2_SLICEL_C_Q)
                                                      0.039     0.052 r  u_rst_line/sync_reg[0]/Q
                         net (fo=1, routed)           0.171     0.223    u_rst_line/sync[0]
    SLICE_X103Y484       FDCE                                         r  u_rst_line/sync_reg[1]/D
  -------------------------------------------------------------------    -------------------

                         (clock clk_line rise edge)
                                                      0.000     0.000 r  
                                                      0.000     0.000 r  clk_line (IN)
                         net (fo=138, unset)          0.019     0.019    u_rst_line/clk_line
    SLICE_X103Y484       FDCE                                         r  u_rst_line/sync_reg[1]/C
                         clock pessimism              0.000     0.019    
                         clock uncertainty            0.100     0.119    
    SLICE_X103Y484       FDCE (Hold_EFF2_SLICEL_C_D)
                                                      0.047     0.166    u_rst_line/sync_reg[1]
  -------------------------------------------------------------------
                         required time                         -0.166    
                         arrival time                           0.223    
  -------------------------------------------------------------------
                         slack                                  0.057    





Pulse Width Checks
--------------------------------------------------------------------------------------
Clock Name:         clk_line
Waveform(ns):       { 0.000 3.200 }
Period(ns):         6.400
Sources:            { clk_line }

Check Type        Corner  Lib Pin      Reference Pin  Required(ns)  Actual(ns)  Slack(ns)  Location        Pin
Min Period        n/a     RAMD64E/CLK  n/a            1.064         6.400       5.336      SLICE_X102Y481  u_ingress/u_fifo/mem_reg_0_63_0_6/RAMA/CLK
Low Pulse Width   Slow    RAMD64E/CLK  n/a            0.532         3.200       2.668      SLICE_X102Y481  u_ingress/u_fifo/mem_reg_0_63_0_6/RAMA/CLK
High Pulse Width  Slow    RAMD64E/CLK  n/a            0.532         3.200       2.668      SLICE_X102Y481  u_ingress/u_fifo/mem_reg_0_63_0_6/RAMA/CLK



---------------------------------------------------------------------------------------------------
From Clock:  clk_host
  To Clock:  clk_core

Setup :            0  Failing Endpoints,  Worst Slack        2.797ns,  Total Violation        0.000ns
Hold  :           NA  Failing Endpoints,  Worst Slack           NA  ,  Total Violation           NA
---------------------------------------------------------------------------------------------------


Max Delay Paths
--------------------------------------------------------------------------------------
Slack (MET) :             2.797ns  (required time - arrival time)
  Source:                 u_cfg/req_tog_reg/C
                            (rising edge-triggered cell FDCE clocked by clk_host  {rise@0.000ns fall@4.000ns period=8.000ns})
  Destination:            u_cfg/u_req/sync_reg[0]/D
                            (rising edge-triggered cell FDCE clocked by clk_core  {rise@0.000ns fall@2.000ns period=4.000ns})
  Path Group:             clk_core
  Path Type:              Setup (Max at Slow Process Corner)
  Requirement:            4.000ns  (MaxDelay Path 4.000ns)
  Data Path Delay:        1.228ns  (logic 0.079ns (6.432%)  route 1.149ns (93.568%))
  Logic Levels:           0  
  Timing Exception:       MaxDelay Path 4.000ns -datapath_only

    Location             Delay type                Incr(ns)  Path(ns)    Netlist Resource(s)
  -------------------------------------------------------------------    -------------------
    SLICE_X111Y555                                    0.000     0.000 r  u_cfg/req_tog_reg/C
    SLICE_X111Y555       FDCE (Prop_DFF_SLICEL_C_Q)
                                                      0.079     0.079 r  u_cfg/req_tog_reg/Q
                         net (fo=4, routed)           1.149     1.228    u_cfg/u_req/D[0]
    SLICE_X111Y555       FDCE                                         r  u_cfg/u_req/sync_reg[0]/D
  -------------------------------------------------------------------    -------------------

                         max delay                    4.000     4.000    
    SLICE_X111Y555       FDCE (Setup_HFF2_SLICEL_C_D)
                                                      0.025     4.025    u_cfg/u_req/sync_reg[0]
  -------------------------------------------------------------------
                         required time                          4.025    
                         arrival time                          -1.228    
  -------------------------------------------------------------------
                         slack                                  2.797    





---------------------------------------------------------------------------------------------------
From Clock:  clk_line
  To Clock:  clk_core

Setup :            0  Failing Endpoints,  Worst Slack        0.996ns,  Total Violation        0.000ns
Hold  :           NA  Failing Endpoints,  Worst Slack           NA  ,  Total Violation           NA
---------------------------------------------------------------------------------------------------


Max Delay Paths
--------------------------------------------------------------------------------------
Slack (MET) :             0.996ns  (required time - arrival time)
  Source:                 u_ingress/u_fifo/mem_reg_64_127_7_8/RAMB/CLK
                            (rising edge-triggered cell RAMD64E clocked by clk_line  {rise@0.000ns fall@3.200ns period=6.400ns})
  Destination:            u_core/u_parser/order_ref_reg[16]/CE
                            (rising edge-triggered cell FDRE clocked by clk_core  {rise@0.000ns fall@2.000ns period=4.000ns})
  Path Group:             clk_core
  Path Type:              Setup (Max at Slow Process Corner)
  Requirement:            4.000ns  (MaxDelay Path 4.000ns)
  Data Path Delay:        2.943ns  (logic 0.514ns (17.465%)  route 2.429ns (82.535%))
  Logic Levels:           3  (LUT4=1 LUT6=1 MUXF7=1)
  Timing Exception:       MaxDelay Path 4.000ns -datapath_only

    Location             Delay type                Incr(ns)  Path(ns)    Netlist Resource(s)
  -------------------------------------------------------------------    -------------------
    SLICE_X102Y480                                    0.000     0.000 r  u_ingress/u_fifo/mem_reg_64_127_7_8/RAMB/CLK
    SLICE_X102Y480       RAMD64E (Prop_F6LUT_SLICEM_CLK_O)
                                                      0.304     0.304 r  u_ingress/u_fifo/mem_reg_64_127_7_8/RAMB/O
                         net (fo=1, routed)           0.299     0.603    u_ingress/u_fifo/mem_reg_64_127_7_8_n_1
    SLICE_X100Y481       LUT6 (Prop_D6LUT_SLICEM_I3_O)
                                                      0.051     0.654 r  u_ingress/u_fifo/msg_type[7]_i_5/O
                         net (fo=1, routed)           0.025     0.679    u_ingress/u_fifo/msg_type[7]_i_5_n_0
    SLICE_X100Y481       MUXF7 (Prop_F7MUX_CD_SLICEM_I0_O)
                                                      0.069     0.748 r  u_ingress/u_fifo/msg_type_reg[7]_i_3/O
                         net (fo=14, routed)          0.509     1.257    u_core/u_parser/core_s_tlast
    SLICE_X104Y508       LUT4 (Prop_G6LUT_SLICEM_I2_O)
                                                      0.090     1.347 r  u_core/u_parser/msg_type[7]_i_1/O
                         net (fo=202, routed)         1.596     2.943    u_core/u_parser/msg_type[7]_i_1_n_0
    SLICE_X116Y542       FDRE                                         r  u_core/u_parser/order_ref_reg[16]/CE
  -------------------------------------------------------------------    -------------------

                         max delay                    4.000     4.000    
    SLICE_X116Y542       FDRE (Setup_HFF2_SLICEM_C_CE)
                                                     -0.061     3.939    u_core/u_parser/order_ref_reg[16]
  -------------------------------------------------------------------
                         required time                          3.939    
                         arrival time                          -2.943    
  -------------------------------------------------------------------
                         slack                                  0.996    





---------------------------------------------------------------------------------------------------
From Clock:  clk_core
  To Clock:  clk_host

Setup :            0  Failing Endpoints,  Worst Slack        2.915ns,  Total Violation        0.000ns
Hold  :           NA  Failing Endpoints,  Worst Slack           NA  ,  Total Violation           NA
---------------------------------------------------------------------------------------------------


Max Delay Paths
--------------------------------------------------------------------------------------
Slack (MET) :             2.915ns  (required time - arrival time)
  Source:                 u_cfg/ack_tog_reg/C
                            (rising edge-triggered cell FDCE clocked by clk_core  {rise@0.000ns fall@2.000ns period=4.000ns})
  Destination:            u_cfg/u_ack/sync_reg[0]/D
                            (rising edge-triggered cell FDCE clocked by clk_host  {rise@0.000ns fall@4.000ns period=8.000ns})
  Path Group:             clk_host
  Path Type:              Setup (Max at Slow Process Corner)
  Requirement:            4.000ns  (MaxDelay Path 4.000ns)
  Data Path Delay:        1.110ns  (logic 0.079ns (7.117%)  route 1.031ns (92.883%))
  Logic Levels:           0  
  Timing Exception:       MaxDelay Path 4.000ns -datapath_only

    Location             Delay type                Incr(ns)  Path(ns)    Netlist Resource(s)
  -------------------------------------------------------------------    -------------------
    SLICE_X111Y555                                    0.000     0.000 r  u_cfg/ack_tog_reg/C
    SLICE_X111Y555       FDCE (Prop_HFF_SLICEL_C_Q)
                                                      0.079     0.079 r  u_cfg/ack_tog_reg/Q
                         net (fo=1, routed)           1.031     1.110    u_cfg/u_ack/D[0]
    SLICE_X111Y555       FDCE                                         r  u_cfg/u_ack/sync_reg[0]/D
  -------------------------------------------------------------------    -------------------

                         max delay                    4.000     4.000    
    SLICE_X111Y555       FDCE (Setup_DFF2_SLICEL_C_D)
                                                      0.025     4.025    u_cfg/u_ack/sync_reg[0]
  -------------------------------------------------------------------
                         required time                          4.025    
                         arrival time                          -1.110    
  -------------------------------------------------------------------
                         slack                                  2.915    





---------------------------------------------------------------------------------------------------
From Clock:  clk_core
  To Clock:  clk_line

Setup :            0  Failing Endpoints,  Worst Slack        3.383ns,  Total Violation        0.000ns
Hold  :           NA  Failing Endpoints,  Worst Slack           NA  ,  Total Violation           NA
---------------------------------------------------------------------------------------------------


Max Delay Paths
--------------------------------------------------------------------------------------
Slack (MET) :             3.383ns  (required time - arrival time)
  Source:                 u_ingress/u_fifo/rgray_reg[3]/C
                            (rising edge-triggered cell FDCE clocked by clk_core  {rise@0.000ns fall@2.000ns period=4.000ns})
  Destination:            u_ingress/u_fifo/rq_reg[0][3]/D
                            (rising edge-triggered cell FDCE clocked by clk_line  {rise@0.000ns fall@3.200ns period=6.400ns})
  Path Group:             clk_line
  Path Type:              Setup (Max at Slow Process Corner)
  Requirement:            4.000ns  (MaxDelay Path 4.000ns)
  Data Path Delay:        0.642ns  (logic 0.076ns (11.838%)  route 0.566ns (88.162%))
  Logic Levels:           0  
  Timing Exception:       MaxDelay Path 4.000ns -datapath_only

    Location             Delay type                Incr(ns)  Path(ns)    Netlist Resource(s)
  -------------------------------------------------------------------    -------------------
    SLICE_X102Y479                                    0.000     0.000 r  u_ingress/u_fifo/rgray_reg[3]/C
    SLICE_X102Y479       FDCE (Prop_EFF_SLICEM_C_Q)
                                                      0.076     0.076 r  u_ingress/u_fifo/rgray_reg[3]/Q
                         net (fo=1, routed)           0.566     0.642    u_ingress/u_fifo/rgray[3]
    SLICE_X103Y481       FDCE                                         r  u_ingress/u_fifo/rq_reg[0][3]/D
  -------------------------------------------------------------------    -------------------

                         max delay                    4.000     4.000    
    SLICE_X103Y481       FDCE (Setup_DFF2_SLICEL_C_D)
                                                      0.025     4.025    u_ingress/u_fifo/rq_reg[0][3]
  -------------------------------------------------------------------
                         required time                          4.025    
                         arrival time                          -0.642    
  -------------------------------------------------------------------
                         slack                                  3.383    





---------------------------------------------------------------------------------------------------
Path Group:  **async_default**
From Clock:  clk_core
  To Clock:  clk_core

Setup :            0  Failing Endpoints,  Worst Slack        0.417ns,  Total Violation        0.000ns
Hold  :            0  Failing Endpoints,  Worst Slack        0.074ns,  Total Violation        0.000ns
---------------------------------------------------------------------------------------------------


Max Delay Paths
--------------------------------------------------------------------------------------
Slack (MET) :             0.417ns  (required time - arrival time)
  Source:                 u_rst_core/sync_reg[2]/C
                            (rising edge-triggered cell FDCE clocked by clk_core  {rise@0.000ns fall@2.000ns period=4.000ns})
  Destination:            u_core/u_lat/hist_reg[10][13]/CLR
                            (recovery check against rising-edge clock clk_core  {rise@0.000ns fall@2.000ns period=4.000ns})
  Path Group:             **async_default**
  Path Type:              Recovery (Max at Slow Process Corner)
  Requirement:            4.000ns  (clk_core rise@4.000ns - clk_core rise@0.000ns)
  Data Path Delay:        3.375ns  (logic 0.080ns (2.371%)  route 3.295ns (97.629%))
  Logic Levels:           0  
  Clock Path Skew:        -0.007ns (DCD - SCD + CPR)
    Destination Clock Delay (DCD):    0.021ns = ( 4.021 - 4.000 ) 
    Source Clock Delay      (SCD):    0.028ns
    Clock Pessimism Removal (CPR):    0.000ns
  Clock Uncertainty:      0.135ns  ((TSJ^2 + TIJ^2)^1/2 + DJ) / 2 + PE + UU
    Total System Jitter     (TSJ):    0.071ns
    Total Input Jitter      (TIJ):    0.000ns
    Discrete Jitter          (DJ):    0.000ns
    Phase Error              (PE):    0.000ns
    User Uncertainty         (UU):    0.100ns

    Location             Delay type                Incr(ns)  Path(ns)    Netlist Resource(s)
  -------------------------------------------------------------------    -------------------
                         (clock clk_core rise edge)
                                                      0.000     0.000 r  
                                                      0.000     0.000 r  clk_core (IN)
                         net (fo=5569, unset)         0.028     0.028    u_rst_core/clk_core
    SLICE_X109Y524       FDCE                                         r  u_rst_core/sync_reg[2]/C
  -------------------------------------------------------------------    -------------------
    SLICE_X109Y524       FDCE (Prop_BFF2_SLICEL_C_Q)
                                                      0.080     0.108 r  u_rst_core/sync_reg[2]/Q
                         net (fo=4617, routed)        3.295     3.403    u_core/u_lat/ar_addr_lat_reg[4]_rep__0_0
    SLICE_X100Y568       FDCE                                         f  u_core/u_lat/hist_reg[10][13]/CLR  (IS_INVERTED)
  -------------------------------------------------------------------    -------------------

                         (clock clk_core rise edge)
                                                      4.000     4.000 r  
                                                      0.000     4.000 r  clk_core (IN)
                         net (fo=5569, unset)         0.021     4.021    u_core/u_lat/clk_core
    SLICE_X100Y568       FDCE                                         r  u_core/u_lat/hist_reg[10][13]/C
                         clock pessimism              0.000     4.021    
                         clock uncertainty           -0.135     3.886    
    SLICE_X100Y568       FDCE (Recov_DFF_SLICEM_C_CLR)
                                                     -0.066     3.820    u_core/u_lat/hist_reg[10][13]
  -------------------------------------------------------------------
                         required time                          3.820    
                         arrival time                          -3.403    
  -------------------------------------------------------------------
                         slack                                  0.417    





Min Delay Paths
--------------------------------------------------------------------------------------
Slack (MET) :             0.074ns  (arrival time - required time)
  Source:                 u_rst_core/sync_reg[2]/C
                            (rising edge-triggered cell FDCE clocked by clk_core  {rise@0.000ns fall@2.000ns period=4.000ns})
  Destination:            u_core/u_book/state_reg[0]/CLR
                            (removal check against rising-edge clock clk_core  {rise@0.000ns fall@2.000ns period=4.000ns})
  Path Group:             **async_default**
  Path Type:              Removal (Min at Fast Process Corner)
  Requirement:            0.000ns  (clk_core rise@0.000ns - clk_core rise@0.000ns)
  Data Path Delay:        0.161ns  (logic 0.040ns (24.813%)  route 0.121ns (75.187%))
  Logic Levels:           0  
  Clock Path Skew:        0.007ns (DCD - SCD - CPR)
    Destination Clock Delay (DCD):    0.019ns
    Source Clock Delay      (SCD):    0.012ns
    Clock Pessimism Removal (CPR):    -0.000ns
  Clock Uncertainty:      0.100ns  ((TSJ^2 + TIJ^2)^1/2 + DJ) / 2 + PE + UU
    Total System Jitter     (TSJ):    0.000ns
    Total Input Jitter      (TIJ):    0.000ns
    Discrete Jitter          (DJ):    0.000ns
    Phase Error              (PE):    0.000ns
    User Uncertainty         (UU):    0.100ns

    Location             Delay type                Incr(ns)  Path(ns)    Netlist Resource(s)
  -------------------------------------------------------------------    -------------------
                         (clock clk_core rise edge)
                                                      0.000     0.000 r  
                                                      0.000     0.000 r  clk_core (IN)
                         net (fo=5569, unset)         0.012     0.012    u_rst_core/clk_core
    SLICE_X109Y524       FDCE                                         r  u_rst_core/sync_reg[2]/C
  -------------------------------------------------------------------    -------------------
    SLICE_X109Y524       FDCE (Prop_BFF2_SLICEL_C_Q)
                                                      0.040     0.052 r  u_rst_core/sync_reg[2]/Q
                         net (fo=4617, routed)        0.121     0.173    u_core/u_book/bid_lv_reg[cnt][0]_rep_1
    SLICE_X109Y525       FDCE                                         f  u_core/u_book/state_reg[0]/CLR  (IS_INVERTED)
  -------------------------------------------------------------------    -------------------

                         (clock clk_core rise edge)
                                                      0.000     0.000 r  
                                                      0.000     0.000 r  clk_core (IN)
                         net (fo=5569, unset)         0.019     0.019    u_core/u_book/clk_core
    SLICE_X109Y525       FDCE                                         r  u_core/u_book/state_reg[0]/C
                         clock pessimism              0.000     0.019    
                         clock uncertainty            0.100     0.119    
    SLICE_X109Y525       FDCE (Remov_EFF_SLICEL_C_CLR)
                                                     -0.020     0.099    u_core/u_book/state_reg[0]
  -------------------------------------------------------------------
                         required time                         -0.099    
                         arrival time                           0.173    
  -------------------------------------------------------------------
                         slack                                  0.074    





---------------------------------------------------------------------------------------------------
Path Group:  **async_default**
From Clock:  clk_host
  To Clock:  clk_host

Setup :            0  Failing Endpoints,  Worst Slack        6.534ns,  Total Violation        0.000ns
Hold  :            0  Failing Endpoints,  Worst Slack        0.086ns,  Total Violation        0.000ns
---------------------------------------------------------------------------------------------------


Max Delay Paths
--------------------------------------------------------------------------------------
Slack (MET) :             6.534ns  (required time - arrival time)
  Source:                 u_rst_host/sync_reg[2]/C
                            (rising edge-triggered cell FDCE clocked by clk_host  {rise@0.000ns fall@4.000ns period=8.000ns})
  Destination:            cfg_load_pending_reg/PRE
                            (recovery check against rising-edge clock clk_host  {rise@0.000ns fall@4.000ns period=8.000ns})
  Path Group:             **async_default**
  Path Type:              Recovery (Max at Slow Process Corner)
  Requirement:            8.000ns  (clk_host rise@8.000ns - clk_host rise@0.000ns)
  Data Path Delay:        1.257ns  (logic 0.080ns (6.362%)  route 1.177ns (93.638%))
  Logic Levels:           0  
  Clock Path Skew:        -0.007ns (DCD - SCD + CPR)
    Destination Clock Delay (DCD):    0.021ns = ( 8.021 - 8.000 ) 
    Source Clock Delay      (SCD):    0.028ns
    Clock Pessimism Removal (CPR):    0.000ns
  Clock Uncertainty:      0.135ns  ((TSJ^2 + TIJ^2)^1/2 + DJ) / 2 + PE + UU
    Total System Jitter     (TSJ):    0.071ns
    Total Input Jitter      (TIJ):    0.000ns
    Discrete Jitter          (DJ):    0.000ns
    Phase Error              (PE):    0.000ns
    User Uncertainty         (UU):    0.100ns

    Location             Delay type                Incr(ns)  Path(ns)    Netlist Resource(s)
  -------------------------------------------------------------------    -------------------
                         (clock clk_host rise edge)
                                                      0.000     0.000 r  
                                                      0.000     0.000 r  clk_host (IN)
                         net (fo=145, unset)          0.028     0.028    u_rst_host/clk_host
    SLICE_X96Y552        FDCE                                         r  u_rst_host/sync_reg[2]/C
  -------------------------------------------------------------------    -------------------
    SLICE_X96Y552        FDCE (Prop_BFF2_SLICEL_C_Q)
                                                      0.080     0.108 r  u_rst_host/sync_reg[2]/Q
                         net (fo=109, routed)         1.177     1.285    u_rst_host_n_0
    SLICE_X110Y555       FDPE                                         f  cfg_load_pending_reg/PRE  (IS_INVERTED)
  -------------------------------------------------------------------    -------------------

                         (clock clk_host rise edge)
                                                      8.000     8.000 r  
                                                      0.000     8.000 r  clk_host (IN)
                         net (fo=145, unset)          0.021     8.021    clk_host
    SLICE_X110Y555       FDPE                                         r  cfg_load_pending_reg/C
                         clock pessimism              0.000     8.021    
                         clock uncertainty           -0.135     7.886    
    SLICE_X110Y555       FDPE (Recov_HFF2_SLICEM_C_PRE)
                                                     -0.066     7.820    cfg_load_pending_reg
  -------------------------------------------------------------------
                         required time                          7.820    
                         arrival time                          -1.285    
  -------------------------------------------------------------------
                         slack                                  6.534    





Min Delay Paths
--------------------------------------------------------------------------------------
Slack (MET) :             0.086ns  (arrival time - required time)
  Source:                 u_rst_host/sync_reg[2]/C
                            (rising edge-triggered cell FDCE clocked by clk_host  {rise@0.000ns fall@4.000ns period=8.000ns})
  Destination:            u_axil_ar/u_fifo/full_reg/CLR
                            (removal check against rising-edge clock clk_host  {rise@0.000ns fall@4.000ns period=8.000ns})
  Path Group:             **async_default**
  Path Type:              Removal (Min at Fast Process Corner)
  Requirement:            0.000ns  (clk_host rise@0.000ns - clk_host rise@0.000ns)
  Data Path Delay:        0.173ns  (logic 0.040ns (23.107%)  route 0.133ns (76.893%))
  Logic Levels:           0  
  Clock Path Skew:        0.007ns (DCD - SCD - CPR)
    Destination Clock Delay (DCD):    0.019ns
    Source Clock Delay      (SCD):    0.012ns
    Clock Pessimism Removal (CPR):    -0.000ns
  Clock Uncertainty:      0.100ns  ((TSJ^2 + TIJ^2)^1/2 + DJ) / 2 + PE + UU
    Total System Jitter     (TSJ):    0.000ns
    Total Input Jitter      (TIJ):    0.000ns
    Discrete Jitter          (DJ):    0.000ns
    Phase Error              (PE):    0.000ns
    User Uncertainty         (UU):    0.100ns

    Location             Delay type                Incr(ns)  Path(ns)    Netlist Resource(s)
  -------------------------------------------------------------------    -------------------
                         (clock clk_host rise edge)
                                                      0.000     0.000 r  
                                                      0.000     0.000 r  clk_host (IN)
                         net (fo=145, unset)          0.012     0.012    u_rst_host/clk_host
    SLICE_X96Y552        FDCE                                         r  u_rst_host/sync_reg[2]/C
  -------------------------------------------------------------------    -------------------
    SLICE_X96Y552        FDCE (Prop_BFF2_SLICEL_C_Q)
                                                      0.040     0.052 r  u_rst_host/sync_reg[2]/Q
                         net (fo=109, routed)         0.133     0.185    u_axil_ar/u_fifo/wbin_reg[0]_0
    SLICE_X98Y553        FDCE                                         f  u_axil_ar/u_fifo/full_reg/CLR  (IS_INVERTED)
  -------------------------------------------------------------------    -------------------

                         (clock clk_host rise edge)
                                                      0.000     0.000 r  
                                                      0.000     0.000 r  clk_host (IN)
                         net (fo=145, unset)          0.019     0.019    u_axil_ar/u_fifo/clk_host
    SLICE_X98Y553        FDCE                                         r  u_axil_ar/u_fifo/full_reg/C
                         clock pessimism              0.000     0.019    
                         clock uncertainty            0.100     0.119    
    SLICE_X98Y553        FDCE (Remov_HFF_SLICEL_C_CLR)
                                                     -0.020     0.099    u_axil_ar/u_fifo/full_reg
  -------------------------------------------------------------------
                         required time                         -0.099    
                         arrival time                           0.185    
  -------------------------------------------------------------------
                         slack                                  0.086    





---------------------------------------------------------------------------------------------------
Path Group:  **async_default**
From Clock:  clk_line
  To Clock:  clk_line

Setup :            0  Failing Endpoints,  Worst Slack        5.358ns,  Total Violation        0.000ns
Hold  :            0  Failing Endpoints,  Worst Slack        0.112ns,  Total Violation        0.000ns
---------------------------------------------------------------------------------------------------


Max Delay Paths
--------------------------------------------------------------------------------------
Slack (MET) :             5.358ns  (required time - arrival time)
  Source:                 u_rst_line/sync_reg[2]/C
                            (rising edge-triggered cell FDCE clocked by clk_line  {rise@0.000ns fall@3.200ns period=6.400ns})
  Destination:            u_ingress/u_fifo/rq_reg[0][1]/CLR
                            (recovery check against rising-edge clock clk_line  {rise@0.000ns fall@3.200ns period=6.400ns})
  Path Group:             **async_default**
  Path Type:              Recovery (Max at Slow Process Corner)
  Requirement:            6.400ns  (clk_line rise@6.400ns - clk_line rise@0.000ns)
  Data Path Delay:        0.831ns  (logic 0.081ns (9.743%)  route 0.750ns (90.257%))
  Logic Levels:           0  
  Clock Path Skew:        -0.009ns (DCD - SCD + CPR)
    Destination Clock Delay (DCD):    0.020ns = ( 6.420 - 6.400 ) 
    Source Clock Delay      (SCD):    0.029ns
    Clock Pessimism Removal (CPR):    0.000ns
  Clock Uncertainty:      0.135ns  ((TSJ^2 + TIJ^2)^1/2 + DJ) / 2 + PE + UU
    Total System Jitter     (TSJ):    0.071ns
    Total Input Jitter      (TIJ):    0.000ns
    Discrete Jitter          (DJ):    0.000ns
    Phase Error              (PE):    0.000ns
    User Uncertainty         (UU):    0.100ns

    Location             Delay type                Incr(ns)  Path(ns)    Netlist Resource(s)
  -------------------------------------------------------------------    -------------------
                         (clock clk_line rise edge)
                                                      0.000     0.000 r  
                                                      0.000     0.000 r  clk_line (IN)
                         net (fo=138, unset)          0.029     0.029    u_rst_line/clk_line
    SLICE_X103Y484       FDCE                                         r  u_rst_line/sync_reg[2]/C
  -------------------------------------------------------------------    -------------------
    SLICE_X103Y484       FDCE (Prop_FFF2_SLICEL_C_Q)
                                                      0.081     0.110 r  u_rst_line/sync_reg[2]/Q
                         net (fo=40, routed)          0.750     0.860    u_ingress/u_fifo/wbin_reg[9]_0
    SLICE_X103Y483       FDCE                                         f  u_ingress/u_fifo/rq_reg[0][1]/CLR  (IS_INVERTED)
  -------------------------------------------------------------------    -------------------

                         (clock clk_line rise edge)
                                                      6.400     6.400 r  
                                                      0.000     6.400 r  clk_line (IN)
                         net (fo=138, unset)          0.020     6.420    u_ingress/u_fifo/clk_line
    SLICE_X103Y483       FDCE                                         r  u_ingress/u_fifo/rq_reg[0][1]/C
                         clock pessimism              0.000     6.420    
                         clock uncertainty           -0.135     6.285    
    SLICE_X103Y483       FDCE (Recov_HFF2_SLICEL_C_CLR)
                                                     -0.066     6.219    u_ingress/u_fifo/rq_reg[0][1]
  -------------------------------------------------------------------
                         required time                          6.219    
                         arrival time                          -0.860    
  -------------------------------------------------------------------
                         slack                                  5.358    





Min Delay Paths
--------------------------------------------------------------------------------------
Slack (MET) :             0.112ns  (arrival time - required time)
  Source:                 u_rst_line/sync_reg[2]/C
                            (rising edge-triggered cell FDCE clocked by clk_line  {rise@0.000ns fall@3.200ns period=6.400ns})
  Destination:            u_ingress/u_fifo/full_reg/CLR
                            (removal check against rising-edge clock clk_line  {rise@0.000ns fall@3.200ns period=6.400ns})
  Path Group:             **async_default**
  Path Type:              Removal (Min at Fast Process Corner)
  Requirement:            0.000ns  (clk_line rise@0.000ns - clk_line rise@0.000ns)
  Data Path Delay:        0.198ns  (logic 0.040ns (20.250%)  route 0.158ns (79.750%))
  Logic Levels:           0  
  Clock Path Skew:        0.006ns (DCD - SCD - CPR)
    Destination Clock Delay (DCD):    0.019ns
    Source Clock Delay      (SCD):    0.013ns
    Clock Pessimism Removal (CPR):    -0.000ns
  Clock Uncertainty:      0.100ns  ((TSJ^2 + TIJ^2)^1/2 + DJ) / 2 + PE + UU
    Total System Jitter     (TSJ):    0.000ns
    Total Input Jitter      (TIJ):    0.000ns
    Discrete Jitter          (DJ):    0.000ns
    Phase Error              (PE):    0.000ns
    User Uncertainty         (UU):    0.100ns

    Location             Delay type                Incr(ns)  Path(ns)    Netlist Resource(s)
  -------------------------------------------------------------------    -------------------
                         (clock clk_line rise edge)
                                                      0.000     0.000 r  
                                                      0.000     0.000 r  clk_line (IN)
                         net (fo=138, unset)          0.013     0.013    u_rst_line/clk_line
    SLICE_X103Y484       FDCE                                         r  u_rst_line/sync_reg[2]/C
  -------------------------------------------------------------------    -------------------
    SLICE_X103Y484       FDCE (Prop_FFF2_SLICEL_C_Q)
                                                      0.040     0.053 r  u_rst_line/sync_reg[2]/Q
                         net (fo=40, routed)          0.158     0.211    u_ingress/u_fifo/wbin_reg[9]_0
    SLICE_X103Y482       FDCE                                         f  u_ingress/u_fifo/full_reg/CLR  (IS_INVERTED)
  -------------------------------------------------------------------    -------------------

                         (clock clk_line rise edge)
                                                      0.000     0.000 r  
                                                      0.000     0.000 r  clk_line (IN)
                         net (fo=138, unset)          0.019     0.019    u_ingress/u_fifo/clk_line
    SLICE_X103Y482       FDCE                                         r  u_ingress/u_fifo/full_reg/C
                         clock pessimism              0.000     0.019    
                         clock uncertainty            0.100     0.119    
    SLICE_X103Y482       FDCE (Remov_HFF_SLICEL_C_CLR)
                                                     -0.020     0.099    u_ingress/u_fifo/full_reg
  -------------------------------------------------------------------
                         required time                         -0.099    
                         arrival time                           0.211    
  -------------------------------------------------------------------
                         slack                                  0.112    





