Copyright 1986-2022 Xilinx, Inc. All Rights Reserved. Copyright 2022-2025 Advanced Micro Devices, Inc. All Rights Reserved.
----------------------------------------------------------------------------------------------------------------------------------------------------------------------------------
| Tool Version     : Vivado v.2025.2 (lin64) Build 6299465 Fri Nov 14 12:34:56 MST 2025
| Date             : Fri Jul 31 16:50:16 2026
| Host             : abhishek-VMware-Virtual-Platform running 64-bit Ubuntu 24.04.2 LTS
| Command          : report_power -file tick_to_trade_mc_top_power_routed.rpt -pb tick_to_trade_mc_top_power_summary_routed.pb -rpx tick_to_trade_mc_top_power_routed.rpx
| Design           : tick_to_trade_mc_top
| Device           : xcu200-fsgd2104-2-e
| Design State     : routed
| Grade            : extended
| Process          : typical
| Characterization : Production
----------------------------------------------------------------------------------------------------------------------------------------------------------------------------------

Power Report

Table of Contents
-----------------
1. Summary
1.1 On-Chip Components
1.2 Power Supply Summary
1.3 Confidence Level
2. Settings
2.1 Environment
2.2 Clock Constraints
3. Detailed Reports
3.1 By Hierarchy

1. Summary
----------

+--------------------------+--------------+
| Total On-Chip Power (W)  | 2.595        |
| Design Power Budget (W)  | Unspecified* |
| Power Budget Margin (W)  | NA           |
| Dynamic (W)              | 0.125        |
| Device Static (W)        | 2.470        |
| Effective TJA (C/W)      | 0.5          |
| Max Ambient (C)          | 98.6         |
| Junction Temperature (C) | 26.4         |
| Confidence Level         | Medium       |
| Setting File             | ---          |
| Simulation Activity File | ---          |
| Design Nets Matched      | NA           |
+--------------------------+--------------+
* Specify Design Power Budget using, set_operating_conditions -design_power_budget <value in Watts>


1.1 On-Chip Components
----------------------

+--------------------------+-----------+----------+-----------+-----------------+
| On-Chip                  | Power (W) | Used     | Available | Utilization (%) |
+--------------------------+-----------+----------+-----------+-----------------+
| Clocks                   |     0.049 |        5 |       --- |             --- |
| CLB Logic                |     0.037 |    16234 |       --- |             --- |
|   LUT as Logic           |     0.026 |     7427 |   1182240 |            0.63 |
|   LUT as Distributed RAM |     0.007 |      510 |    591840 |            0.09 |
|   CARRY8                 |     0.002 |      336 |    147780 |            0.23 |
|   Register               |    <0.001 |     5273 |   2364480 |            0.22 |
|   LUT as Shift Register  |    <0.001 |       34 |    591840 |           <0.01 |
|   Others                 |     0.000 |       49 |       --- |             --- |
|   F7/F8 Muxes            |     0.000 |      810 |   1182240 |            0.07 |
| Signals                  |     0.034 |    10894 |       --- |             --- |
| Block RAM                |     0.006 |        1 |      2160 |            0.05 |
| Static Power             |     2.470 |          |           |                 |
| Total                    |     2.595 |          |           |                 |
+--------------------------+-----------+----------+-----------+-----------------+


1.2 Power Supply Summary
------------------------

+------------------+-------------+-----------+-------------+------------+-------------+-------------+------------+
| Source           | Voltage (V) | Total (A) | Dynamic (A) | Static (A) | Powerup (A) | Budget (A)  | Margin (A) |
+------------------+-------------+-----------+-------------+------------+-------------+-------------+------------+
| Vccint           |       0.850 |     0.955 |       0.147 |      0.808 |       NA    | Unspecified | NA         |
| Vccint_io        |       0.850 |     0.262 |       0.000 |      0.262 |       NA    | Unspecified | NA         |
| Vccbram          |       0.850 |     0.016 |       0.000 |      0.015 |       NA    | Unspecified | NA         |
| Vccaux           |       1.800 |     0.651 |       0.000 |      0.651 |       NA    | Unspecified | NA         |
| Vccaux_io        |       1.800 |     0.185 |       0.000 |      0.185 |       NA    | Unspecified | NA         |
| Vcco33           |       3.300 |     0.000 |       0.000 |      0.000 |       NA    | Unspecified | NA         |
| Vcco25           |       2.500 |     0.000 |       0.000 |      0.000 |       NA    | Unspecified | NA         |
| Vcco18           |       1.800 |     0.000 |       0.000 |      0.000 |       NA    | Unspecified | NA         |
| Vcco15           |       1.500 |     0.000 |       0.000 |      0.000 |       NA    | Unspecified | NA         |
| Vcco135          |       1.350 |     0.000 |       0.000 |      0.000 |       NA    | Unspecified | NA         |
| Vcco12           |       1.200 |     0.000 |       0.000 |      0.000 |       NA    | Unspecified | NA         |
| Vcco10           |       1.000 |     0.000 |       0.000 |      0.000 |       NA    | Unspecified | NA         |
| Vccadc           |       1.800 |     0.024 |       0.000 |      0.024 |       NA    | Unspecified | NA         |
| VMGTAVCC (GTY)   |       0.900 |     0.000 |       0.000 |      0.000 |       NA    | Unspecified | NA         |
| VMGTAVTT (GTY)   |       1.200 |     0.000 |       0.000 |      0.000 |       NA    | Unspecified | NA         |
| VMGTVCCAUX (GTY) |       1.800 |     0.000 |       0.000 |      0.000 |       NA    | Unspecified | NA         |
+------------------+-------------+-----------+-------------+------------+-------------+-------------+------------+


1.3 Confidence Level
--------------------

+-----------------------------+------------+------------------------------------------------+------------------------------------------------------------------------------------------------------------+
| User Input Data             | Confidence | Details                                        | Action                                                                                                     |
+-----------------------------+------------+------------------------------------------------+------------------------------------------------------------------------------------------------------------+
| Design implementation state | High       | Design is routed                               |                                                                                                            |
| Clock nodes activity        | High       | User specified more than 95% of clocks         |                                                                                                            |
| I/O nodes activity          | High       | User specified more than 95% of inputs         |                                                                                                            |
| Internal nodes activity     | Medium     | User specified less than 25% of internal nodes | Provide missing internal nodes activity with simulation results or by editing the "By Resource Type" views |
| Device models               | High       | Device models are Production                   |                                                                                                            |
|                             |            |                                                |                                                                                                            |
| Overall confidence level    | Medium     |                                                |                                                                                                            |
+-----------------------------+------------+------------------------------------------------+------------------------------------------------------------------------------------------------------------+


2. Settings
-----------

2.1 Environment
---------------

+-----------------------+--------------------------+
| Ambient Temp (C)      | 25.0                     |
| ThetaJA (C/W)         | 0.5                      |
| Airflow (LFM)         | 250                      |
| Heat Sink             | medium (Medium Profile)  |
| ThetaSA (C/W)         | 0.7                      |
| Board Selection       | medium (10"x10")         |
| # of Board Layers     | 12to15 (12 to 15 Layers) |
| Board Temperature (C) | 25.0                     |
+-----------------------+--------------------------+


2.2 Clock Constraints
---------------------

+----------+----------+-----------------+
| Clock    | Domain   | Constraint (ns) |
+----------+----------+-----------------+
| clk_core | clk_core |             4.0 |
| clk_host | clk_host |             8.0 |
| clk_line | clk_line |             6.4 |
+----------+----------+-----------------+


3. Detailed Reports
-------------------

3.1 By Hierarchy
----------------

+----------------------+-----------+
| Name                 | Power (W) |
+----------------------+-----------+
| tick_to_trade_mc_top |     0.125 |
|   u_axil_r           |     0.002 |
|     u_fifo           |     0.002 |
|   u_core             |     0.111 |
|     u_book           |     0.056 |
|     u_lat            |     0.027 |
|     u_parser         |     0.006 |
|     u_risk           |     0.002 |
|     u_strategy       |     0.019 |
|       u_imbalance    |     0.003 |
|       u_ofi          |     0.016 |
|   u_egress           |     0.002 |
|     u_fifo           |     0.002 |
|   u_ingress          |     0.007 |
|     u_fifo           |     0.007 |
+----------------------+-----------+


