Copyright 1986-2022 Xilinx, Inc. All Rights Reserved. Copyright 2022-2025 Advanced Micro Devices, Inc. All Rights Reserved.
--------------------------------------------------------------------------------------------------------------------------------------------------
| Tool Version      : Vivado v.2025.2 (lin64) Build 6299465 Fri Nov 14 12:34:56 MST 2025
| Date              : Fri Jul 31 16:38:20 2026
| Host              : abhishek-VMware-Virtual-Platform running 64-bit Ubuntu 24.04.2 LTS
| Command           : report_timing_summary -file /home/abhishek/Projects/HFT/vivado/mc_top/mc_top.runs/synth_1/post_synth_timing_summary.rpt
| Design            : tick_to_trade_mc_top
| Device            : xcu200-fsgd2104
| Speed File        : -2  PRODUCTION 1.28 03-30-2022
| Design State      : Synthesized
| Temperature Grade : E
--------------------------------------------------------------------------------------------------------------------------------------------------

Timing Summary Report

------------------------------------------------------------------------------------------------
| Timer Settings
| --------------
------------------------------------------------------------------------------------------------

  Enable Multi Corner Analysis               :  Yes
  Enable Pessimism Removal                   :  Yes
  Pessimism Removal Resolution               :  Nearest Common Node
  Enable Input Delay Default Clock           :  No
  Enable Preset / Clear Arcs                 :  No
  Disable Flight Delays                      :  No
  Ignore I/O Paths                           :  No
  Timing Early Launch at Borrowing Latches   :  No
  Borrow Time for Max Delay Exceptions       :  Yes
  Merge Timing Exceptions                    :  Yes
  Inter-SLR Compensation                     :  Conservative

  Corner  Analyze    Analyze    
  Name    Max Paths  Min Paths  
  ------  ---------  ---------  
  Slow    Yes        Yes        
  Fast    Yes        Yes        


------------------------------------------------------------------------------------------------
| Report Methodology
| ------------------
------------------------------------------------------------------------------------------------

No report available as report_methodology has not been run prior. Run report_methodology on the current design for the summary of methodology violations.



check_timing report

Table of Contents
-----------------
1. checking no_clock (0)
2. checking constant_clock (0)
3. checking pulse_width_clock (0)
4. checking unconstrained_internal_endpoints (0)
5. checking no_input_delay (41)
6. checking no_output_delay (87)
7. checking multiple_clock (0)
8. checking generated_clocks (0)
9. checking loops (0)
10. checking partial_input_delay (0)
11. checking partial_output_delay (0)
12. checking latch_loops (0)

1. checking no_clock (0)
------------------------
 There are 0 register/latch pins with no clock.


2. checking constant_clock (0)
------------------------------
 There are 0 register/latch pins with constant_clock.


3. checking pulse_width_clock (0)
---------------------------------
 There are 0 register/latch pins which need pulse_width check


4. checking unconstrained_internal_endpoints (0)
------------------------------------------------
 There are 0 pins that are not constrained for maximum delay.

 There are 0 pins that are not constrained for maximum delay due to constant clock.


5. checking no_input_delay (41)
-------------------------------
 There are 0 input ports with no input delay specified.

 There are 41 input ports with no input delay but user has a false path constraint. (MEDIUM)


6. checking no_output_delay (87)
--------------------------------
 There are 0 ports with no output delay specified.

 There are 87 ports with no output delay but user has a false path constraint (MEDIUM)

 There are 0 ports with no output delay but with a timing clock defined on it or propagating through it


7. checking multiple_clock (0)
------------------------------
 There are 0 register/latch pins with multiple clocks.


8. checking generated_clocks (0)
--------------------------------
 There are 0 generated clocks that are not connected to a clock source.


9. checking loops (0)
---------------------
 There are 0 combinational loops in the design.


10. checking partial_input_delay (0)
------------------------------------
 There are 0 input ports with partial input delay specified.


11. checking partial_output_delay (0)
-------------------------------------
 There are 0 ports with partial output delay specified.


12. checking latch_loops (0)
----------------------------
 There are 0 combinational latch loops in the design through latch input



------------------------------------------------------------------------------------------------
| Design Timing Summary
| ---------------------
------------------------------------------------------------------------------------------------

    WNS(ns)      TNS(ns)  TNS Failing Endpoints  TNS Total Endpoints      WHS(ns)      THS(ns)  THS Failing Endpoints  THS Total Endpoints     WPWS(ns)     TPWS(ns)  TPWS Failing Endpoints  TPWS Total Endpoints  
    -------      -------  ---------------------  -------------------      -------      -------  ---------------------  -------------------     --------     --------  ----------------------  --------------------  
      0.639        0.000                      0                18383       -0.071      -65.363                   2524                18308        1.458        0.000                       0                  5852  


Timing constraints are not met.


------------------------------------------------------------------------------------------------
| Clock Summary
| -------------
------------------------------------------------------------------------------------------------

Clock     Waveform(ns)         Period(ns)      Frequency(MHz)
-----     ------------         ----------      --------------
clk_core  {0.000 2.000}        4.000           250.000         
clk_host  {0.000 4.000}        8.000           125.000         
clk_line  {0.000 3.200}        6.400           156.250         


------------------------------------------------------------------------------------------------
| Intra Clock Table
| -----------------
------------------------------------------------------------------------------------------------

Clock             WNS(ns)      TNS(ns)  TNS Failing Endpoints  TNS Total Endpoints      WHS(ns)      THS(ns)  THS Failing Endpoints  THS Total Endpoints     WPWS(ns)     TPWS(ns)  TPWS Failing Endpoints  TPWS Total Endpoints  
-----             -------      -------  ---------------------  -------------------      -------      -------  ---------------------  -------------------     --------     --------  ----------------------  --------------------  
clk_core            0.639        0.000                      0                12654       -0.070      -36.946                   1811                12654        1.458        0.000                       0                  5567  
clk_host            6.905        0.000                      0                  189       -0.071       -4.263                    122                  189        3.468        0.000                       0                   146  
clk_line            4.822        0.000                      0                  704       -0.059      -24.154                    591                  704        2.668        0.000                       0                   139  


------------------------------------------------------------------------------------------------
| Inter Clock Table
| -----------------
------------------------------------------------------------------------------------------------

From Clock    To Clock          WNS(ns)      TNS(ns)  TNS Failing Endpoints  TNS Total Endpoints      WHS(ns)      THS(ns)  THS Failing Endpoints  THS Total Endpoints  
----------    --------          -------      -------  ---------------------  -------------------      -------      -------  ---------------------  -------------------  
clk_host      clk_core            3.458        0.000                      0                   55                                                                        
clk_line      clk_core            2.449        0.000                      0                  330                                                                        
clk_core      clk_host            3.736        0.000                      0                   29                                                                        
clk_core      clk_line            3.736        0.000                      0                   10                                                                        


------------------------------------------------------------------------------------------------
| Other Path Groups Table
| -----------------------
------------------------------------------------------------------------------------------------

Path Group         From Clock         To Clock               WNS(ns)      TNS(ns)  TNS Failing Endpoints  TNS Total Endpoints      WHS(ns)      THS(ns)  THS Failing Endpoints  THS Total Endpoints  
----------         ----------         --------               -------      -------  ---------------------  -------------------      -------      -------  ---------------------  -------------------  
**async_default**  clk_core           clk_core                 3.149        0.000                      0                 4612        0.214        0.000                      0                 4612  
**async_default**  clk_host           clk_host                 7.240        0.000                      0                  109        0.170        0.000                      0                  109  
**async_default**  clk_line           clk_line                 5.663        0.000                      0                   40        0.159        0.000                      0                   40  


------------------------------------------------------------------------------------------------
| Timing Details
| --------------
------------------------------------------------------------------------------------------------


---------------------------------------------------------------------------------------------------
From Clock:  clk_core
  To Clock:  clk_core

Setup :            0  Failing Endpoints,  Worst Slack        0.639ns,  Total Violation        0.000ns
Hold  :         1811  Failing Endpoints,  Worst Slack       -0.070ns,  Total Violation      -36.946ns
PW    :            0  Failing Endpoints,  Worst Slack        1.458ns,  Total Violation        0.000ns
---------------------------------------------------------------------------------------------------


Max Delay Paths
--------------------------------------------------------------------------------------
Slack (MET) :             0.639ns  (required time - arrival time)
  Source:                 u_cfg/dst_data_reg[0]/C
                            (rising edge-triggered cell FDCE clocked by clk_core  {rise@0.000ns fall@2.000ns period=4.000ns})
  Destination:            u_core/u_risk/position_reg[10]/CE
                            (rising edge-triggered cell FDCE clocked by clk_core  {rise@0.000ns fall@2.000ns period=4.000ns})
  Path Group:             clk_core
  Path Type:              Setup (Max at Slow Process Corner)
  Requirement:            4.000ns  (clk_core rise@4.000ns - clk_core rise@0.000ns)
  Data Path Delay:        3.158ns  (logic 0.976ns (30.906%)  route 2.182ns (69.094%))
  Logic Levels:           12  (CARRY8=5 LUT2=1 LUT3=1 LUT4=3 LUT5=1 LUT6=1)
  Clock Path Skew:        -0.007ns (DCD - SCD + CPR)
    Destination Clock Delay (DCD):    0.021ns = ( 4.021 - 4.000 ) 
    Source Clock Delay      (SCD):    0.028ns
    Clock Pessimism Removal (CPR):    0.000ns
  Clock Uncertainty:      0.135ns  ((TSJ^2 + TIJ^2)^1/2 + DJ) / 2 + PE + UU
    Total System Jitter     (TSJ):    0.071ns
    Total Input Jitter      (TIJ):    0.000ns
    Discrete Jitter          (DJ):    0.000ns
    Phase Error              (PE):    0.000ns
    User Uncertainty         (UU):    0.100ns

    Location             Delay type                Incr(ns)  Path(ns)    Netlist Resource(s)
  -------------------------------------------------------------------    -------------------
                         (clock clk_core rise edge)
                                                      0.000     0.000 r  
                                                      0.000     0.000 r  clk_core (IN)
                         net (fo=5566, unset)         0.028     0.028    u_cfg/clk_core
                         FDCE                                         r  u_cfg/dst_data_reg[0]/C
  -------------------------------------------------------------------    -------------------
                         FDCE (Prop_FDCE_C_Q)         0.077     0.105 r  u_cfg/dst_data_reg[0]/Q
                         net (fo=106, unplaced)       0.188     0.293    u_core/u_strategy/u_ofi/risk_price_reg[0][0]
                         LUT4 (Prop_LUT4_I1_O)        0.090     0.383 r  u_core/u_strategy/u_ofi/risk_price[0]_i_1/O
                         net (fo=5, unplaced)         0.215     0.598    u_core/u_strategy/u_ofi/order_price_reg[0]_0
                         LUT4 (Prop_LUT4_I2_O)        0.070     0.668 r  u_core/u_strategy/u_ofi/position5_carry_i_8/O
                         net (fo=1, unplaced)         0.257     0.925    u_core/u_risk/position5_carry__0_0[0]
                         CARRY8 (Prop_CARRY8_DI[0]_CO[7])
                                                      0.140     1.065 r  u_core/u_risk/position5_carry/CO[7]
                         net (fo=1, unplaced)         0.005     1.070    u_core/u_risk/position5_carry_n_0
                         CARRY8 (Prop_CARRY8_CI_CO[7])
                                                      0.022     1.092 r  u_core/u_risk/position5_carry__0/CO[7]
                         net (fo=31, unplaced)        0.303     1.395    u_core/u_strategy/u_ofi/_inferred__4/i__carry[0]
                         LUT2 (Prop_LUT2_I0_O)        0.070     1.465 r  u_core/u_strategy/u_ofi/i__carry_i_8__5/O
                         net (fo=1, unplaced)         0.257     1.722    u_core/u_risk/risk_reject_i_28_0[0]
                         CARRY8 (Prop_CARRY8_DI[0]_CO[7])
                                                      0.140     1.862 r  u_core/u_risk/_inferred__4/i__carry/CO[7]
                         net (fo=1, unplaced)         0.005     1.867    u_core/u_risk/_inferred__4/i__carry_n_0
                         CARRY8 (Prop_CARRY8_CI_CO[7])
                                                      0.022     1.889 r  u_core/u_risk/_inferred__4/i__carry__0/CO[7]
                         net (fo=1, unplaced)         0.005     1.894    u_core/u_risk/_inferred__4/i__carry__0_n_0
                         CARRY8 (Prop_CARRY8_CI_O[5])
                                                      0.116     2.010 f  u_core/u_risk/_inferred__4/i__carry__1/O[5]
                         net (fo=1, unplaced)         0.141     2.151    u_core/u_strategy/u_ofi/risk_reject_i_14[0]
                         LUT4 (Prop_LUT4_I0_O)        0.100     2.251 f  u_core/u_strategy/u_ofi/risk_reject_i_32/O
                         net (fo=1, unplaced)         0.197     2.448    u_core/u_risk/risk_reject_i_5_0
                         LUT5 (Prop_LUT5_I4_O)        0.038     2.486 f  u_core/u_risk/risk_reject_i_14/O
                         net (fo=1, unplaced)         0.197     2.683    u_core/u_risk/risk_reject_i_14_n_0
                         LUT6 (Prop_LUT6_I5_O)        0.038     2.721 r  u_core/u_risk/risk_reject_i_5/O
                         net (fo=4, unplaced)         0.165     2.886    u_core/u_risk/risk_reject_i_14_0
                         LUT3 (Prop_LUT3_I0_O)        0.053     2.939 r  u_core/u_risk/risk_valid_i_1/O
                         net (fo=32, unplaced)        0.247     3.186    u_core/u_risk/risk_valid_c
                         FDCE                                         r  u_core/u_risk/position_reg[10]/CE
  -------------------------------------------------------------------    -------------------

                         (clock clk_core rise edge)
                                                      4.000     4.000 r  
                                                      0.000     4.000 r  clk_core (IN)
                         net (fo=5566, unset)         0.021     4.021    u_core/u_risk/clk_core
                         FDCE                                         r  u_core/u_risk/position_reg[10]/C
                         clock pessimism              0.000     4.021    
                         clock uncertainty           -0.135     3.886    
                         FDCE (Setup_FDCE_C_CE)      -0.061     3.825    u_core/u_risk/position_reg[10]
  -------------------------------------------------------------------
                         required time                          3.825    
                         arrival time                          -3.186    
  -------------------------------------------------------------------
                         slack                                  0.639    





Min Delay Paths
--------------------------------------------------------------------------------------
Slack (VIOLATED) :        -0.070ns  (arrival time - required time)
  Source:                 u_core/m_axis_tdata_reg[37]/C
                            (rising edge-triggered cell FDCE clocked by clk_core  {rise@0.000ns fall@2.000ns period=4.000ns})
  Destination:            u_egress/u_fifo/mem_reg_0_63_35_41/RAMC/I
                            (rising edge-triggered cell RAMD64E clocked by clk_core  {rise@0.000ns fall@2.000ns period=4.000ns})
  Path Group:             clk_core
  Path Type:              Hold (Min at Fast Process Corner)
  Requirement:            0.000ns  (clk_core rise@0.000ns - clk_core rise@0.000ns)
  Data Path Delay:        0.112ns  (logic 0.038ns (33.929%)  route 0.074ns (66.071%))
  Logic Levels:           0  
  Clock Path Skew:        0.027ns (DCD - SCD - CPR)
    Destination Clock Delay (DCD):    0.039ns
    Source Clock Delay      (SCD):    0.012ns
    Clock Pessimism Removal (CPR):    -0.000ns
  Clock Uncertainty:      0.100ns  ((TSJ^2 + TIJ^2)^1/2 + DJ) / 2 + PE + UU
    Total System Jitter     (TSJ):    0.000ns
    Total Input Jitter      (TIJ):    0.000ns
    Discrete Jitter          (DJ):    0.000ns
    Phase Error              (PE):    0.000ns
    User Uncertainty         (UU):    0.100ns

    Location             Delay type                Incr(ns)  Path(ns)    Netlist Resource(s)
  -------------------------------------------------------------------    -------------------
                         (clock clk_core rise edge)
                                                      0.000     0.000 r  
                                                      0.000     0.000 r  clk_core (IN)
                         net (fo=5566, unset)         0.012     0.012    u_core/clk_core
                         FDCE                                         r  u_core/m_axis_tdata_reg[37]/C
  -------------------------------------------------------------------    -------------------
                         FDCE (Prop_FDCE_C_Q)         0.038     0.050 r  u_core/m_axis_tdata_reg[37]/Q
                         net (fo=1, unplaced)         0.074     0.124    u_egress/u_fifo/mem_reg_0_63_35_41/DIC
                         RAMD64E                                      r  u_egress/u_fifo/mem_reg_0_63_35_41/RAMC/I
  -------------------------------------------------------------------    -------------------

                         (clock clk_core rise edge)
                                                      0.000     0.000 r  
                                                      0.000     0.000 r  clk_core (IN)
                         net (fo=5566, unset)         0.039     0.039    u_egress/u_fifo/mem_reg_0_63_35_41/WCLK
                         RAMD64E                                      r  u_egress/u_fifo/mem_reg_0_63_35_41/RAMC/CLK
                         clock pessimism              0.000     0.039    
                         clock uncertainty            0.100     0.139    
                         RAMD64E (Hold_RAMD64E_CLK_I)
                                                      0.055     0.194    u_egress/u_fifo/mem_reg_0_63_35_41/RAMC
  -------------------------------------------------------------------
                         required time                         -0.194    
                         arrival time                           0.124    
  -------------------------------------------------------------------
                         slack                                 -0.070    





Pulse Width Checks
--------------------------------------------------------------------------------------
Clock Name:         clk_core
Waveform(ns):       { 0.000 2.000 }
Period(ns):         4.000
Sources:            { clk_core }

Check Type        Corner  Lib Pin             Reference Pin  Required(ns)  Actual(ns)  Slack(ns)  Location  Pin
Min Period        n/a     RAMB36E2/CLKARDCLK  n/a            1.569         4.000       2.431                u_core/u_book/entries_reg[0][order_ref]/CLKARDCLK
Low Pulse Width   Slow    RAMB36E2/CLKARDCLK  n/a            0.542         2.000       1.458                u_core/u_book/entries_reg[0][order_ref]/CLKARDCLK
High Pulse Width  Slow    RAMB36E2/CLKARDCLK  n/a            0.542         2.000       1.458                u_core/u_book/entries_reg[0][order_ref]/CLKARDCLK



---------------------------------------------------------------------------------------------------
From Clock:  clk_host
  To Clock:  clk_host

Setup :            0  Failing Endpoints,  Worst Slack        6.905ns,  Total Violation        0.000ns
Hold  :          122  Failing Endpoints,  Worst Slack       -0.071ns,  Total Violation       -4.263ns
PW    :            0  Failing Endpoints,  Worst Slack        3.468ns,  Total Violation        0.000ns
---------------------------------------------------------------------------------------------------


Max Delay Paths
--------------------------------------------------------------------------------------
Slack (MET) :             6.905ns  (required time - arrival time)
  Source:                 u_egress/u_fifo/rbin_reg[2]/C
                            (rising edge-triggered cell FDCE clocked by clk_host  {rise@0.000ns fall@4.000ns period=8.000ns})
  Destination:            u_egress/u_fifo/empty_reg/D
                            (rising edge-triggered cell FDPE clocked by clk_host  {rise@0.000ns fall@4.000ns period=8.000ns})
  Path Group:             clk_host
  Path Type:              Setup (Max at Slow Process Corner)
  Requirement:            8.000ns  (clk_host rise@8.000ns - clk_host rise@0.000ns)
  Data Path Delay:        0.977ns  (logic 0.400ns (40.942%)  route 0.577ns (59.058%))
  Logic Levels:           3  (LUT3=1 LUT5=1 LUT6=1)
  Clock Path Skew:        -0.008ns (DCD - SCD + CPR)
    Destination Clock Delay (DCD):    0.020ns = ( 8.020 - 8.000 ) 
    Source Clock Delay      (SCD):    0.028ns
    Clock Pessimism Removal (CPR):    0.000ns
  Clock Uncertainty:      0.135ns  ((TSJ^2 + TIJ^2)^1/2 + DJ) / 2 + PE + UU
    Total System Jitter     (TSJ):    0.071ns
    Total Input Jitter      (TIJ):    0.000ns
    Discrete Jitter          (DJ):    0.000ns
    Phase Error              (PE):    0.000ns
    User Uncertainty         (UU):    0.100ns

    Location             Delay type                Incr(ns)  Path(ns)    Netlist Resource(s)
  -------------------------------------------------------------------    -------------------
                         (clock clk_host rise edge)
                                                      0.000     0.000 r  
                                                      0.000     0.000 r  clk_host (IN)
                         net (fo=145, unset)          0.028     0.028    u_egress/u_fifo/clk_host
                         FDCE                                         r  u_egress/u_fifo/rbin_reg[2]/C
  -------------------------------------------------------------------    -------------------
                         FDCE (Prop_FDCE_C_Q)         0.077     0.105 r  u_egress/u_fifo/rbin_reg[2]/Q
                         net (fo=48, unplaced)        0.177     0.282    u_egress/u_fifo/rbin_reg[2]
                         LUT5 (Prop_LUT5_I0_O)        0.163     0.445 r  u_egress/u_fifo/rgray[3]_i_2/O
                         net (fo=1, unplaced)         0.197     0.642    u_egress/u_fifo/rgray[3]_i_2_n_0
                         LUT3 (Prop_LUT3_I2_O)        0.070     0.712 r  u_egress/u_fifo/rgray[3]_i_1/O
                         net (fo=2, unplaced)         0.155     0.867    u_egress/u_fifo/bin2gray0_return[3]
                         LUT6 (Prop_LUT6_I2_O)        0.090     0.957 r  u_egress/u_fifo/empty_i_1/O
                         net (fo=1, unplaced)         0.048     1.005    u_egress/u_fifo/empty_i_1_n_0
                         FDPE                                         r  u_egress/u_fifo/empty_reg/D
  -------------------------------------------------------------------    -------------------

                         (clock clk_host rise edge)
                                                      8.000     8.000 r  
                                                      0.000     8.000 r  clk_host (IN)
                         net (fo=145, unset)          0.020     8.020    u_egress/u_fifo/clk_host
                         FDPE                                         r  u_egress/u_fifo/empty_reg/C
                         clock pessimism              0.000     8.020    
                         clock uncertainty           -0.135     7.885    
                         FDPE (Setup_FDPE_C_D)        0.025     7.910    u_egress/u_fifo/empty_reg
  -------------------------------------------------------------------
                         required time                          7.910    
                         arrival time                          -1.005    
  -------------------------------------------------------------------
                         slack                                  6.905    





Min Delay Paths
--------------------------------------------------------------------------------------
Slack (VIOLATED) :        -0.071ns  (arrival time - required time)
  Source:                 u_axil_ar/u_fifo/wbin_reg[0]/C
                            (rising edge-triggered cell FDCE clocked by clk_host  {rise@0.000ns fall@4.000ns period=8.000ns})
  Destination:            u_axil_ar/u_fifo/mem_reg_0_3_0_8/RAMH/ADR0
                            (rising edge-triggered cell RAMS32 clocked by clk_host  {rise@0.000ns fall@4.000ns period=8.000ns})
  Path Group:             clk_host
  Path Type:              Hold (Min at Fast Process Corner)
  Requirement:            0.000ns  (clk_host rise@0.000ns - clk_host rise@0.000ns)
  Data Path Delay:        0.115ns  (logic 0.038ns (33.043%)  route 0.077ns (66.957%))
  Logic Levels:           0  
  Clock Path Skew:        0.027ns (DCD - SCD - CPR)
    Destination Clock Delay (DCD):    0.039ns
    Source Clock Delay      (SCD):    0.012ns
    Clock Pessimism Removal (CPR):    -0.000ns
  Clock Uncertainty:      0.100ns  ((TSJ^2 + TIJ^2)^1/2 + DJ) / 2 + PE + UU
    Total System Jitter     (TSJ):    0.000ns
    Total Input Jitter      (TIJ):    0.000ns
    Discrete Jitter          (DJ):    0.000ns
    Phase Error              (PE):    0.000ns
    User Uncertainty         (UU):    0.100ns

    Location             Delay type                Incr(ns)  Path(ns)    Netlist Resource(s)
  -------------------------------------------------------------------    -------------------
                         (clock clk_host rise edge)
                                                      0.000     0.000 r  
                                                      0.000     0.000 r  clk_host (IN)
                         net (fo=145, unset)          0.012     0.012    u_axil_ar/u_fifo/clk_host
                         FDCE                                         r  u_axil_ar/u_fifo/wbin_reg[0]/C
  -------------------------------------------------------------------    -------------------
                         FDCE (Prop_FDCE_C_Q)         0.038     0.050 r  u_axil_ar/u_fifo/wbin_reg[0]/Q
                         net (fo=21, unplaced)        0.077     0.127    u_axil_ar/u_fifo/mem_reg_0_3_0_8/ADDRH0
                         RAMS32                                       r  u_axil_ar/u_fifo/mem_reg_0_3_0_8/RAMH/ADR0
  -------------------------------------------------------------------    -------------------

                         (clock clk_host rise edge)
                                                      0.000     0.000 r  
                                                      0.000     0.000 r  clk_host (IN)
                         net (fo=145, unset)          0.039     0.039    u_axil_ar/u_fifo/mem_reg_0_3_0_8/WCLK
                         RAMS32                                       r  u_axil_ar/u_fifo/mem_reg_0_3_0_8/RAMH/CLK
                         clock pessimism              0.000     0.039    
                         clock uncertainty            0.100     0.139    
                         RAMS32 (Hold_RAMS32_CLK_ADR0)
                                                      0.059     0.198    u_axil_ar/u_fifo/mem_reg_0_3_0_8/RAMH
  -------------------------------------------------------------------
                         required time                         -0.198    
                         arrival time                           0.127    
  -------------------------------------------------------------------
                         slack                                 -0.071    





Pulse Width Checks
--------------------------------------------------------------------------------------
Clock Name:         clk_host
Waveform(ns):       { 0.000 4.000 }
Period(ns):         8.000
Sources:            { clk_host }

Check Type        Corner  Lib Pin     Reference Pin  Required(ns)  Actual(ns)  Slack(ns)  Location  Pin
Min Period        n/a     RAMD32/CLK  n/a            1.064         8.000       6.936                u_axil_ar/u_fifo/mem_reg_0_3_0_8/RAMA/CLK
Low Pulse Width   Slow    RAMD32/CLK  n/a            0.532         4.000       3.468                u_axil_ar/u_fifo/mem_reg_0_3_0_8/RAMA/CLK
High Pulse Width  Slow    RAMD32/CLK  n/a            0.532         4.000       3.468                u_axil_ar/u_fifo/mem_reg_0_3_0_8/RAMA/CLK



---------------------------------------------------------------------------------------------------
From Clock:  clk_line
  To Clock:  clk_line

Setup :            0  Failing Endpoints,  Worst Slack        4.822ns,  Total Violation        0.000ns
Hold  :          591  Failing Endpoints,  Worst Slack       -0.059ns,  Total Violation      -24.154ns
PW    :            0  Failing Endpoints,  Worst Slack        2.668ns,  Total Violation        0.000ns
---------------------------------------------------------------------------------------------------


Max Delay Paths
--------------------------------------------------------------------------------------
Slack (MET) :             4.822ns  (required time - arrival time)
  Source:                 u_ingress/u_fifo/wbin_reg[3]/C
                            (rising edge-triggered cell FDCE clocked by clk_line  {rise@0.000ns fall@3.200ns period=6.400ns})
  Destination:            u_ingress/u_fifo/full_reg/D
                            (rising edge-triggered cell FDCE clocked by clk_line  {rise@0.000ns fall@3.200ns period=6.400ns})
  Path Group:             clk_line
  Path Type:              Setup (Max at Slow Process Corner)
  Requirement:            6.400ns  (clk_line rise@6.400ns - clk_line rise@0.000ns)
  Data Path Delay:        1.460ns  (logic 0.379ns (25.959%)  route 1.081ns (74.041%))
  Logic Levels:           5  (LUT4=1 LUT6=4)
  Clock Path Skew:        -0.008ns (DCD - SCD + CPR)
    Destination Clock Delay (DCD):    0.020ns = ( 6.420 - 6.400 ) 
    Source Clock Delay      (SCD):    0.028ns
    Clock Pessimism Removal (CPR):    0.000ns
  Clock Uncertainty:      0.135ns  ((TSJ^2 + TIJ^2)^1/2 + DJ) / 2 + PE + UU
    Total System Jitter     (TSJ):    0.071ns
    Total Input Jitter      (TIJ):    0.000ns
    Discrete Jitter          (DJ):    0.000ns
    Phase Error              (PE):    0.000ns
    User Uncertainty         (UU):    0.100ns

    Location             Delay type                Incr(ns)  Path(ns)    Netlist Resource(s)
  -------------------------------------------------------------------    -------------------
                         (clock clk_line rise edge)
                                                      0.000     0.000 r  
                                                      0.000     0.000 r  clk_line (IN)
                         net (fo=138, unset)          0.028     0.028    u_ingress/u_fifo/clk_line
                         FDCE                                         r  u_ingress/u_fifo/wbin_reg[3]/C
  -------------------------------------------------------------------    -------------------
                         FDCE (Prop_FDCE_C_Q)         0.077     0.105 r  u_ingress/u_fifo/wbin_reg[3]/Q
                         net (fo=117, unplaced)       0.207     0.312    u_ingress/u_fifo/wbin_reg_n_0_[3]
                         LUT6 (Prop_LUT6_I0_O)        0.150     0.462 r  u_ingress/u_fifo/wbin[8]_i_2/O
                         net (fo=12, unplaced)        0.235     0.697    u_ingress/u_fifo/wbin[8]_i_2_n_0
                         LUT4 (Prop_LUT4_I2_O)        0.038     0.735 r  u_ingress/u_fifo/full_i_8/O
                         net (fo=1, unplaced)         0.197     0.932    u_ingress/u_fifo/full_i_8_n_0
                         LUT6 (Prop_LUT6_I4_O)        0.038     0.970 r  u_ingress/u_fifo/full_i_7/O
                         net (fo=1, unplaced)         0.197     1.167    u_ingress/u_fifo/full_i_7_n_0
                         LUT6 (Prop_LUT6_I3_O)        0.038     1.205 f  u_ingress/u_fifo/full_i_4/O
                         net (fo=1, unplaced)         0.197     1.402    u_ingress/u_fifo/full_i_4_n_0
                         LUT6 (Prop_LUT6_I5_O)        0.038     1.440 r  u_ingress/u_fifo/full_i_1/O
                         net (fo=1, unplaced)         0.048     1.488    u_ingress/u_fifo/full_nxt
                         FDCE                                         r  u_ingress/u_fifo/full_reg/D
  -------------------------------------------------------------------    -------------------

                         (clock clk_line rise edge)
                                                      6.400     6.400 r  
                                                      0.000     6.400 r  clk_line (IN)
                         net (fo=138, unset)          0.020     6.420    u_ingress/u_fifo/clk_line
                         FDCE                                         r  u_ingress/u_fifo/full_reg/C
                         clock pessimism              0.000     6.420    
                         clock uncertainty           -0.135     6.285    
                         FDCE (Setup_FDCE_C_D)        0.025     6.310    u_ingress/u_fifo/full_reg
  -------------------------------------------------------------------
                         required time                          6.310    
                         arrival time                          -1.488    
  -------------------------------------------------------------------
                         slack                                  4.822    





Min Delay Paths
--------------------------------------------------------------------------------------
Slack (VIOLATED) :        -0.059ns  (arrival time - required time)
  Source:                 u_ingress/u_fifo/wbin_reg[3]/C
                            (rising edge-triggered cell FDCE clocked by clk_line  {rise@0.000ns fall@3.200ns period=6.400ns})
  Destination:            u_ingress/u_fifo/mem_reg_0_63_0_6/RAMA/WADR3
                            (rising edge-triggered cell RAMD64E clocked by clk_line  {rise@0.000ns fall@3.200ns period=6.400ns})
  Path Group:             clk_line
  Path Type:              Hold (Min at Fast Process Corner)
  Requirement:            0.000ns  (clk_line rise@0.000ns - clk_line rise@0.000ns)
  Data Path Delay:        0.130ns  (logic 0.038ns (29.231%)  route 0.092ns (70.769%))
  Logic Levels:           0  
  Clock Path Skew:        0.027ns (DCD - SCD - CPR)
    Destination Clock Delay (DCD):    0.039ns
    Source Clock Delay      (SCD):    0.012ns
    Clock Pessimism Removal (CPR):    -0.000ns
  Clock Uncertainty:      0.100ns  ((TSJ^2 + TIJ^2)^1/2 + DJ) / 2 + PE + UU
    Total System Jitter     (TSJ):    0.000ns
    Total Input Jitter      (TIJ):    0.000ns
    Discrete Jitter          (DJ):    0.000ns
    Phase Error              (PE):    0.000ns
    User Uncertainty         (UU):    0.100ns

    Location             Delay type                Incr(ns)  Path(ns)    Netlist Resource(s)
  -------------------------------------------------------------------    -------------------
                         (clock clk_line rise edge)
                                                      0.000     0.000 r  
                                                      0.000     0.000 r  clk_line (IN)
                         net (fo=138, unset)          0.012     0.012    u_ingress/u_fifo/clk_line
                         FDCE                                         r  u_ingress/u_fifo/wbin_reg[3]/C
  -------------------------------------------------------------------    -------------------
                         FDCE (Prop_FDCE_C_Q)         0.038     0.050 r  u_ingress/u_fifo/wbin_reg[3]/Q
                         net (fo=117, unplaced)       0.092     0.142    u_ingress/u_fifo/mem_reg_0_63_0_6/ADDRH3
                         RAMD64E                                      r  u_ingress/u_fifo/mem_reg_0_63_0_6/RAMA/WADR3
  -------------------------------------------------------------------    -------------------

                         (clock clk_line rise edge)
                                                      0.000     0.000 r  
                                                      0.000     0.000 r  clk_line (IN)
                         net (fo=138, unset)          0.039     0.039    u_ingress/u_fifo/mem_reg_0_63_0_6/WCLK
                         RAMD64E                                      r  u_ingress/u_fifo/mem_reg_0_63_0_6/RAMA/CLK
                         clock pessimism              0.000     0.039    
                         clock uncertainty            0.100     0.139    
                         RAMD64E (Hold_RAMD64E_CLK_WADR3)
                                                      0.062     0.201    u_ingress/u_fifo/mem_reg_0_63_0_6/RAMA
  -------------------------------------------------------------------
                         required time                         -0.201    
                         arrival time                           0.142    
  -------------------------------------------------------------------
                         slack                                 -0.059    





Pulse Width Checks
--------------------------------------------------------------------------------------
Clock Name:         clk_line
Waveform(ns):       { 0.000 3.200 }
Period(ns):         6.400
Sources:            { clk_line }

Check Type        Corner  Lib Pin      Reference Pin  Required(ns)  Actual(ns)  Slack(ns)  Location  Pin
Min Period        n/a     RAMD64E/CLK  n/a            1.064         6.400       5.336                u_ingress/u_fifo/mem_reg_0_63_0_6/RAMA/CLK
Low Pulse Width   Slow    RAMD64E/CLK  n/a            0.532         3.200       2.668                u_ingress/u_fifo/mem_reg_0_63_0_6/RAMA/CLK
High Pulse Width  Slow    RAMD64E/CLK  n/a            0.532         3.200       2.668                u_ingress/u_fifo/mem_reg_0_63_0_6/RAMA/CLK



---------------------------------------------------------------------------------------------------
From Clock:  clk_host
  To Clock:  clk_core

Setup :            0  Failing Endpoints,  Worst Slack        3.458ns,  Total Violation        0.000ns
Hold  :           NA  Failing Endpoints,  Worst Slack           NA  ,  Total Violation           NA
---------------------------------------------------------------------------------------------------


Max Delay Paths
--------------------------------------------------------------------------------------
Slack (MET) :             3.458ns  (required time - arrival time)
  Source:                 u_axil_w/u_fifo/mem_reg_0_3_0_13/DP/CLK
                            (rising edge-triggered cell RAMD32 clocked by clk_host  {rise@0.000ns fall@4.000ns period=8.000ns})
  Destination:            u_core/u_lat/do_clear_reg/D
                            (rising edge-triggered cell FDCE clocked by clk_core  {rise@0.000ns fall@2.000ns period=4.000ns})
  Path Group:             clk_core
  Path Type:              Setup (Max at Slow Process Corner)
  Requirement:            4.000ns  (MaxDelay Path 4.000ns)
  Data Path Delay:        0.567ns  (logic 0.420ns (74.074%)  route 0.147ns (25.926%))
  Logic Levels:           1  (LUT6=1)
  Timing Exception:       MaxDelay Path 4.000ns -datapath_only

    Location             Delay type                Incr(ns)  Path(ns)    Netlist Resource(s)
  -------------------------------------------------------------------    -------------------
                                                      0.000     0.000 r  u_axil_w/u_fifo/mem_reg_0_3_0_13/DP/CLK
                         RAMD32 (Prop_RAMD32_CLK_O)
                                                      0.295     0.295 r  u_axil_w/u_fifo/mem_reg_0_3_0_13/DP/O
                         net (fo=1, unplaced)         0.099     0.394    u_core/u_lat/w_core[0]
                         LUT6 (Prop_LUT6_I2_O)        0.125     0.519 r  u_core/u_lat/do_clear_i_1/O
                         net (fo=1, unplaced)         0.048     0.567    u_core/u_lat/do_clear
                         FDCE                                         r  u_core/u_lat/do_clear_reg/D
  -------------------------------------------------------------------    -------------------

                         max delay                    4.000     4.000    
                         FDCE (Setup_FDCE_C_D)        0.025     4.025    u_core/u_lat/do_clear_reg
  -------------------------------------------------------------------
                         required time                          4.025    
                         arrival time                          -0.567    
  -------------------------------------------------------------------
                         slack                                  3.458    





---------------------------------------------------------------------------------------------------
From Clock:  clk_line
  To Clock:  clk_core

Setup :            0  Failing Endpoints,  Worst Slack        2.449ns,  Total Violation        0.000ns
Hold  :           NA  Failing Endpoints,  Worst Slack           NA  ,  Total Violation           NA
---------------------------------------------------------------------------------------------------


Max Delay Paths
--------------------------------------------------------------------------------------
Slack (MET) :             2.449ns  (required time - arrival time)
  Source:                 u_ingress/u_fifo/mem_reg_192_255_7_8/RAMB/CLK
                            (rising edge-triggered cell RAMD64E clocked by clk_line  {rise@0.000ns fall@3.200ns period=6.400ns})
  Destination:            u_core/u_parser/price_reg[0]/R
                            (rising edge-triggered cell FDRE clocked by clk_core  {rise@0.000ns fall@2.000ns period=4.000ns})
  Path Group:             clk_core
  Path Type:              Setup (Max at Slow Process Corner)
  Requirement:            4.000ns  (MaxDelay Path 4.000ns)
  Data Path Delay:        1.477ns  (logic 0.596ns (40.352%)  route 0.881ns (59.648%))
  Logic Levels:           4  (LUT4=1 LUT6=2 MUXF7=1)
  Timing Exception:       MaxDelay Path 4.000ns -datapath_only

    Location             Delay type                Incr(ns)  Path(ns)    Netlist Resource(s)
  -------------------------------------------------------------------    -------------------
                                                      0.000     0.000 r  u_ingress/u_fifo/mem_reg_192_255_7_8/RAMB/CLK
                         RAMD64E (Prop_RAMD64E_CLK_O)
                                                      0.304     0.304 r  u_ingress/u_fifo/mem_reg_192_255_7_8/RAMB/O
                         net (fo=1, unplaced)         0.106     0.410    u_ingress/u_fifo/mem_reg_192_255_7_8_n_1
                         LUT6 (Prop_LUT6_I0_O)        0.149     0.559 r  u_ingress/u_fifo/msg_type[7]_i_5/O
                         net (fo=1, unplaced)         0.024     0.583    u_ingress/u_fifo/msg_type[7]_i_5_n_0
                         MUXF7 (Prop_MUXF7_I0_O)      0.067     0.650 r  u_ingress/u_fifo/msg_type_reg[7]_i_3/O
                         net (fo=14, unplaced)        0.195     0.845    u_core/u_parser/core_s_tlast
                         LUT4 (Prop_LUT4_I2_O)        0.038     0.883 r  u_core/u_parser/msg_type[7]_i_1/O
                         net (fo=202, unplaced)       0.299     1.182    u_core/u_parser/msg_type[7]_i_1_n_0
                         LUT6 (Prop_LUT6_I0_O)        0.038     1.220 r  u_core/u_parser/price[31]_i_1/O
                         net (fo=32, unplaced)        0.257     1.477    u_core/u_parser/price[31]_i_1_n_0
                         FDRE                                         r  u_core/u_parser/price_reg[0]/R
  -------------------------------------------------------------------    -------------------

                         max delay                    4.000     4.000    
                         FDRE (Setup_FDRE_C_R)       -0.074     3.926    u_core/u_parser/price_reg[0]
  -------------------------------------------------------------------
                         required time                          3.926    
                         arrival time                          -1.477    
  -------------------------------------------------------------------
                         slack                                  2.449    





---------------------------------------------------------------------------------------------------
From Clock:  clk_core
  To Clock:  clk_host

Setup :            0  Failing Endpoints,  Worst Slack        3.736ns,  Total Violation        0.000ns
Hold  :           NA  Failing Endpoints,  Worst Slack           NA  ,  Total Violation           NA
---------------------------------------------------------------------------------------------------


Max Delay Paths
--------------------------------------------------------------------------------------
Slack (MET) :             3.736ns  (required time - arrival time)
  Source:                 u_egress/u_fifo/wbin_reg[6]/C
                            (rising edge-triggered cell FDCE clocked by clk_core  {rise@0.000ns fall@2.000ns period=4.000ns})
  Destination:            u_egress/u_fifo/wq_reg[0][6]/D
                            (rising edge-triggered cell FDCE clocked by clk_host  {rise@0.000ns fall@4.000ns period=8.000ns})
  Path Group:             clk_host
  Path Type:              Setup (Max at Slow Process Corner)
  Requirement:            4.000ns  (MaxDelay Path 4.000ns)
  Data Path Delay:        0.289ns  (logic 0.077ns (26.644%)  route 0.212ns (73.356%))
  Logic Levels:           0  
  Timing Exception:       MaxDelay Path 4.000ns -datapath_only

    Location             Delay type                Incr(ns)  Path(ns)    Netlist Resource(s)
  -------------------------------------------------------------------    -------------------
                                                      0.000     0.000 r  u_egress/u_fifo/wbin_reg[6]/C
                         FDCE (Prop_FDCE_C_Q)         0.077     0.077 r  u_egress/u_fifo/wbin_reg[6]/Q
                         net (fo=4, unplaced)         0.212     0.289    u_egress/u_fifo/wbin_reg_n_0_[6]
                         FDCE                                         r  u_egress/u_fifo/wq_reg[0][6]/D
  -------------------------------------------------------------------    -------------------

                         max delay                    4.000     4.000    
                         FDCE (Setup_FDCE_C_D)        0.025     4.025    u_egress/u_fifo/wq_reg[0][6]
  -------------------------------------------------------------------
                         required time                          4.025    
                         arrival time                          -0.289    
  -------------------------------------------------------------------
                         slack                                  3.736    





---------------------------------------------------------------------------------------------------
From Clock:  clk_core
  To Clock:  clk_line

Setup :            0  Failing Endpoints,  Worst Slack        3.736ns,  Total Violation        0.000ns
Hold  :           NA  Failing Endpoints,  Worst Slack           NA  ,  Total Violation           NA
---------------------------------------------------------------------------------------------------


Max Delay Paths
--------------------------------------------------------------------------------------
Slack (MET) :             3.736ns  (required time - arrival time)
  Source:                 u_ingress/u_fifo/rbin_reg[9]/C
                            (rising edge-triggered cell FDCE clocked by clk_core  {rise@0.000ns fall@2.000ns period=4.000ns})
  Destination:            u_ingress/u_fifo/rq_reg[0][9]/D
                            (rising edge-triggered cell FDCE clocked by clk_line  {rise@0.000ns fall@3.200ns period=6.400ns})
  Path Group:             clk_line
  Path Type:              Setup (Max at Slow Process Corner)
  Requirement:            4.000ns  (MaxDelay Path 4.000ns)
  Data Path Delay:        0.289ns  (logic 0.077ns (26.644%)  route 0.212ns (73.356%))
  Logic Levels:           0  
  Timing Exception:       MaxDelay Path 4.000ns -datapath_only

    Location             Delay type                Incr(ns)  Path(ns)    Netlist Resource(s)
  -------------------------------------------------------------------    -------------------
                                                      0.000     0.000 r  u_ingress/u_fifo/rbin_reg[9]/C
                         FDCE (Prop_FDCE_C_Q)         0.077     0.077 r  u_ingress/u_fifo/rbin_reg[9]/Q
                         net (fo=4, unplaced)         0.212     0.289    u_ingress/u_fifo/rbin_reg[9]
                         FDCE                                         r  u_ingress/u_fifo/rq_reg[0][9]/D
  -------------------------------------------------------------------    -------------------

                         max delay                    4.000     4.000    
                         FDCE (Setup_FDCE_C_D)        0.025     4.025    u_ingress/u_fifo/rq_reg[0][9]
  -------------------------------------------------------------------
                         required time                          4.025    
                         arrival time                          -0.289    
  -------------------------------------------------------------------
                         slack                                  3.736    





---------------------------------------------------------------------------------------------------
Path Group:  **async_default**
From Clock:  clk_core
  To Clock:  clk_core

Setup :            0  Failing Endpoints,  Worst Slack        3.149ns,  Total Violation        0.000ns
Hold  :            0  Failing Endpoints,  Worst Slack        0.214ns,  Total Violation        0.000ns
---------------------------------------------------------------------------------------------------


Max Delay Paths
--------------------------------------------------------------------------------------
Slack (MET) :             3.149ns  (required time - arrival time)
  Source:                 u_rst_core/sync_reg[2]/C
                            (rising edge-triggered cell FDCE clocked by clk_core  {rise@0.000ns fall@2.000ns period=4.000ns})
  Destination:            decision_overflow_core_reg/CLR
                            (recovery check against rising-edge clock clk_core  {rise@0.000ns fall@2.000ns period=4.000ns})
  Path Group:             **async_default**
  Path Type:              Recovery (Max at Slow Process Corner)
  Requirement:            4.000ns  (clk_core rise@4.000ns - clk_core rise@0.000ns)
  Data Path Delay:        0.640ns  (logic 0.115ns (17.969%)  route 0.525ns (82.031%))
  Logic Levels:           1  (LUT1=1)
  Clock Path Skew:        -0.010ns (DCD - SCD + CPR)
    Destination Clock Delay (DCD):    0.020ns = ( 4.020 - 4.000 ) 
    Source Clock Delay      (SCD):    0.030ns
    Clock Pessimism Removal (CPR):    0.000ns
  Clock Uncertainty:      0.135ns  ((TSJ^2 + TIJ^2)^1/2 + DJ) / 2 + PE + UU
    Total System Jitter     (TSJ):    0.071ns
    Total Input Jitter      (TIJ):    0.000ns
    Discrete Jitter          (DJ):    0.000ns
    Phase Error              (PE):    0.000ns
    User Uncertainty         (UU):    0.100ns

    Location             Delay type                Incr(ns)  Path(ns)    Netlist Resource(s)
  -------------------------------------------------------------------    -------------------
                         (clock clk_core rise edge)
                                                      0.000     0.000 r  
                                                      0.000     0.000 r  clk_core (IN)
                         net (fo=5566, unset)         0.030     0.030    u_rst_core/clk_core
                         FDCE                                         r  u_rst_core/sync_reg[2]/C
  -------------------------------------------------------------------    -------------------
                         FDCE (Prop_FDCE_C_Q)         0.077     0.107 r  u_rst_core/sync_reg[2]/Q
                         net (fo=3, unplaced)         0.155     0.262    u_rst_core/sync[2]
                         LUT1 (Prop_LUT1_I0_O)        0.038     0.300 f  u_rst_core/ask_p_r[31]_i_2/O
                         net (fo=4612, unplaced)      0.370     0.670    u_rst_core_n_1
                         FDCE                                         f  decision_overflow_core_reg/CLR
  -------------------------------------------------------------------    -------------------

                         (clock clk_core rise edge)
                                                      4.000     4.000 r  
                                                      0.000     4.000 r  clk_core (IN)
                         net (fo=5566, unset)         0.020     4.020    clk_core
                         FDCE                                         r  decision_overflow_core_reg/C
                         clock pessimism              0.000     4.020    
                         clock uncertainty           -0.135     3.885    
                         FDCE (Recov_FDCE_C_CLR)     -0.066     3.819    decision_overflow_core_reg
  -------------------------------------------------------------------
                         required time                          3.819    
                         arrival time                          -0.670    
  -------------------------------------------------------------------
                         slack                                  3.149    





Min Delay Paths
--------------------------------------------------------------------------------------
Slack (MET) :             0.214ns  (arrival time - required time)
  Source:                 u_rst_core/sync_reg[2]/C
                            (rising edge-triggered cell FDCE clocked by clk_core  {rise@0.000ns fall@2.000ns period=4.000ns})
  Destination:            u_axil_ar/u_fifo/wq_reg[0][0]/CLR
                            (removal check against rising-edge clock clk_core  {rise@0.000ns fall@2.000ns period=4.000ns})
  Path Group:             **async_default**
  Path Type:              Removal (Min at Fast Process Corner)
  Requirement:            0.000ns  (clk_core rise@0.000ns - clk_core rise@0.000ns)
  Data Path Delay:        0.300ns  (logic 0.052ns (17.333%)  route 0.248ns (82.667%))
  Logic Levels:           1  (LUT1=1)
  Clock Path Skew:        0.006ns (DCD - SCD - CPR)
    Destination Clock Delay (DCD):    0.019ns
    Source Clock Delay      (SCD):    0.013ns
    Clock Pessimism Removal (CPR):    -0.000ns
  Clock Uncertainty:      0.100ns  ((TSJ^2 + TIJ^2)^1/2 + DJ) / 2 + PE + UU
    Total System Jitter     (TSJ):    0.000ns
    Total Input Jitter      (TIJ):    0.000ns
    Discrete Jitter          (DJ):    0.000ns
    Phase Error              (PE):    0.000ns
    User Uncertainty         (UU):    0.100ns

    Location             Delay type                Incr(ns)  Path(ns)    Netlist Resource(s)
  -------------------------------------------------------------------    -------------------
                         (clock clk_core rise edge)
                                                      0.000     0.000 r  
                                                      0.000     0.000 r  clk_core (IN)
                         net (fo=5566, unset)         0.013     0.013    u_rst_core/clk_core
                         FDCE                                         r  u_rst_core/sync_reg[2]/C
  -------------------------------------------------------------------    -------------------
                         FDCE (Prop_FDCE_C_Q)         0.038     0.051 r  u_rst_core/sync_reg[2]/Q
                         net (fo=3, unplaced)         0.076     0.127    u_rst_core/sync[2]
                         LUT1 (Prop_LUT1_I0_O)        0.014     0.141 f  u_rst_core/ask_p_r[31]_i_2/O
                         net (fo=4612, unplaced)      0.172     0.313    u_axil_ar/u_fifo/rgray_reg[1]_0
                         FDCE                                         f  u_axil_ar/u_fifo/wq_reg[0][0]/CLR
  -------------------------------------------------------------------    -------------------

                         (clock clk_core rise edge)
                                                      0.000     0.000 r  
                                                      0.000     0.000 r  clk_core (IN)
                         net (fo=5566, unset)         0.019     0.019    u_axil_ar/u_fifo/clk_core
                         FDCE                                         r  u_axil_ar/u_fifo/wq_reg[0][0]/C
                         clock pessimism              0.000     0.019    
                         clock uncertainty            0.100     0.119    
                         FDCE (Remov_FDCE_C_CLR)     -0.020     0.099    u_axil_ar/u_fifo/wq_reg[0][0]
  -------------------------------------------------------------------
                         required time                         -0.099    
                         arrival time                           0.313    
  -------------------------------------------------------------------
                         slack                                  0.214    





---------------------------------------------------------------------------------------------------
Path Group:  **async_default**
From Clock:  clk_host
  To Clock:  clk_host

Setup :            0  Failing Endpoints,  Worst Slack        7.240ns,  Total Violation        0.000ns
Hold  :            0  Failing Endpoints,  Worst Slack        0.170ns,  Total Violation        0.000ns
---------------------------------------------------------------------------------------------------


Max Delay Paths
--------------------------------------------------------------------------------------
Slack (MET) :             7.240ns  (required time - arrival time)
  Source:                 u_rst_host/sync_reg[2]/C
                            (rising edge-triggered cell FDCE clocked by clk_host  {rise@0.000ns fall@4.000ns period=8.000ns})
  Destination:            cfg_load_pending_reg/PRE
                            (recovery check against rising-edge clock clk_host  {rise@0.000ns fall@4.000ns period=8.000ns})
  Path Group:             **async_default**
  Path Type:              Recovery (Max at Slow Process Corner)
  Requirement:            8.000ns  (clk_host rise@8.000ns - clk_host rise@0.000ns)
  Data Path Delay:        0.549ns  (logic 0.115ns (20.947%)  route 0.434ns (79.053%))
  Logic Levels:           1  (LUT1=1)
  Clock Path Skew:        -0.010ns (DCD - SCD + CPR)
    Destination Clock Delay (DCD):    0.020ns = ( 8.020 - 8.000 ) 
    Source Clock Delay      (SCD):    0.030ns
    Clock Pessimism Removal (CPR):    0.000ns
  Clock Uncertainty:      0.135ns  ((TSJ^2 + TIJ^2)^1/2 + DJ) / 2 + PE + UU
    Total System Jitter     (TSJ):    0.071ns
    Total Input Jitter      (TIJ):    0.000ns
    Discrete Jitter          (DJ):    0.000ns
    Phase Error              (PE):    0.000ns
    User Uncertainty         (UU):    0.100ns

    Location             Delay type                Incr(ns)  Path(ns)    Netlist Resource(s)
  -------------------------------------------------------------------    -------------------
                         (clock clk_host rise edge)
                                                      0.000     0.000 r  
                                                      0.000     0.000 r  clk_host (IN)
                         net (fo=145, unset)          0.030     0.030    u_rst_host/clk_host
                         FDCE                                         r  u_rst_host/sync_reg[2]/C
  -------------------------------------------------------------------    -------------------
                         FDCE (Prop_FDCE_C_Q)         0.077     0.107 r  u_rst_host/sync_reg[2]/Q
                         net (fo=1, unplaced)         0.149     0.256    u_rst_host/sync[2]
                         LUT1 (Prop_LUT1_I0_O)        0.038     0.294 f  u_rst_host/dst_valid_i_2/O
                         net (fo=109, unplaced)       0.285     0.579    u_rst_host_n_0
                         FDPE                                         f  cfg_load_pending_reg/PRE
  -------------------------------------------------------------------    -------------------

                         (clock clk_host rise edge)
                                                      8.000     8.000 r  
                                                      0.000     8.000 r  clk_host (IN)
                         net (fo=145, unset)          0.020     8.020    clk_host
                         FDPE                                         r  cfg_load_pending_reg/C
                         clock pessimism              0.000     8.020    
                         clock uncertainty           -0.135     7.885    
                         FDPE (Recov_FDPE_C_PRE)     -0.066     7.819    cfg_load_pending_reg
  -------------------------------------------------------------------
                         required time                          7.819    
                         arrival time                          -0.579    
  -------------------------------------------------------------------
                         slack                                  7.240    





Min Delay Paths
--------------------------------------------------------------------------------------
Slack (MET) :             0.170ns  (arrival time - required time)
  Source:                 u_rst_host/sync_reg[2]/C
                            (rising edge-triggered cell FDCE clocked by clk_host  {rise@0.000ns fall@4.000ns period=8.000ns})
  Destination:            u_axil_ar/u_fifo/rq_reg[0][0]/CLR
                            (removal check against rising-edge clock clk_host  {rise@0.000ns fall@4.000ns period=8.000ns})
  Path Group:             **async_default**
  Path Type:              Removal (Min at Fast Process Corner)
  Requirement:            0.000ns  (clk_host rise@0.000ns - clk_host rise@0.000ns)
  Data Path Delay:        0.256ns  (logic 0.052ns (20.312%)  route 0.204ns (79.687%))
  Logic Levels:           1  (LUT1=1)
  Clock Path Skew:        0.006ns (DCD - SCD - CPR)
    Destination Clock Delay (DCD):    0.019ns
    Source Clock Delay      (SCD):    0.013ns
    Clock Pessimism Removal (CPR):    -0.000ns
  Clock Uncertainty:      0.100ns  ((TSJ^2 + TIJ^2)^1/2 + DJ) / 2 + PE + UU
    Total System Jitter     (TSJ):    0.000ns
    Total Input Jitter      (TIJ):    0.000ns
    Discrete Jitter          (DJ):    0.000ns
    Phase Error              (PE):    0.000ns
    User Uncertainty         (UU):    0.100ns

    Location             Delay type                Incr(ns)  Path(ns)    Netlist Resource(s)
  -------------------------------------------------------------------    -------------------
                         (clock clk_host rise edge)
                                                      0.000     0.000 r  
                                                      0.000     0.000 r  clk_host (IN)
                         net (fo=145, unset)          0.013     0.013    u_rst_host/clk_host
                         FDCE                                         r  u_rst_host/sync_reg[2]/C
  -------------------------------------------------------------------    -------------------
                         FDCE (Prop_FDCE_C_Q)         0.038     0.051 r  u_rst_host/sync_reg[2]/Q
                         net (fo=1, unplaced)         0.074     0.125    u_rst_host/sync[2]
                         LUT1 (Prop_LUT1_I0_O)        0.014     0.139 f  u_rst_host/dst_valid_i_2/O
                         net (fo=109, unplaced)       0.130     0.269    u_axil_ar/u_fifo/wbin_reg[0]_0
                         FDCE                                         f  u_axil_ar/u_fifo/rq_reg[0][0]/CLR
  -------------------------------------------------------------------    -------------------

                         (clock clk_host rise edge)
                                                      0.000     0.000 r  
                                                      0.000     0.000 r  clk_host (IN)
                         net (fo=145, unset)          0.019     0.019    u_axil_ar/u_fifo/clk_host
                         FDCE                                         r  u_axil_ar/u_fifo/rq_reg[0][0]/C
                         clock pessimism              0.000     0.019    
                         clock uncertainty            0.100     0.119    
                         FDCE (Remov_FDCE_C_CLR)     -0.020     0.099    u_axil_ar/u_fifo/rq_reg[0][0]
  -------------------------------------------------------------------
                         required time                         -0.099    
                         arrival time                           0.269    
  -------------------------------------------------------------------
                         slack                                  0.170    





---------------------------------------------------------------------------------------------------
Path Group:  **async_default**
From Clock:  clk_line
  To Clock:  clk_line

Setup :            0  Failing Endpoints,  Worst Slack        5.663ns,  Total Violation        0.000ns
Hold  :            0  Failing Endpoints,  Worst Slack        0.159ns,  Total Violation        0.000ns
---------------------------------------------------------------------------------------------------


Max Delay Paths
--------------------------------------------------------------------------------------
Slack (MET) :             5.663ns  (required time - arrival time)
  Source:                 u_rst_line/sync_reg[2]/C
                            (rising edge-triggered cell FDCE clocked by clk_line  {rise@0.000ns fall@3.200ns period=6.400ns})
  Destination:            u_ingress/u_fifo/full_reg/CLR
                            (recovery check against rising-edge clock clk_line  {rise@0.000ns fall@3.200ns period=6.400ns})
  Path Group:             **async_default**
  Path Type:              Recovery (Max at Slow Process Corner)
  Requirement:            6.400ns  (clk_line rise@6.400ns - clk_line rise@0.000ns)
  Data Path Delay:        0.526ns  (logic 0.115ns (21.863%)  route 0.411ns (78.137%))
  Logic Levels:           1  (LUT1=1)
  Clock Path Skew:        -0.010ns (DCD - SCD + CPR)
    Destination Clock Delay (DCD):    0.020ns = ( 6.420 - 6.400 ) 
    Source Clock Delay      (SCD):    0.030ns
    Clock Pessimism Removal (CPR):    0.000ns
  Clock Uncertainty:      0.135ns  ((TSJ^2 + TIJ^2)^1/2 + DJ) / 2 + PE + UU
    Total System Jitter     (TSJ):    0.071ns
    Total Input Jitter      (TIJ):    0.000ns
    Discrete Jitter          (DJ):    0.000ns
    Phase Error              (PE):    0.000ns
    User Uncertainty         (UU):    0.100ns

    Location             Delay type                Incr(ns)  Path(ns)    Netlist Resource(s)
  -------------------------------------------------------------------    -------------------
                         (clock clk_line rise edge)
                                                      0.000     0.000 r  
                                                      0.000     0.000 r  clk_line (IN)
                         net (fo=138, unset)          0.030     0.030    u_rst_line/clk_line
                         FDCE                                         r  u_rst_line/sync_reg[2]/C
  -------------------------------------------------------------------    -------------------
                         FDCE (Prop_FDCE_C_Q)         0.077     0.107 r  u_rst_line/sync_reg[2]/Q
                         net (fo=1, unplaced)         0.149     0.256    u_rst_line/sync[2]
                         LUT1 (Prop_LUT1_I0_O)        0.038     0.294 f  u_rst_line/full_i_2__0/O
                         net (fo=40, unplaced)        0.262     0.556    u_ingress/u_fifo/wbin_reg[9]_0
                         FDCE                                         f  u_ingress/u_fifo/full_reg/CLR
  -------------------------------------------------------------------    -------------------

                         (clock clk_line rise edge)
                                                      6.400     6.400 r  
                                                      0.000     6.400 r  clk_line (IN)
                         net (fo=138, unset)          0.020     6.420    u_ingress/u_fifo/clk_line
                         FDCE                                         r  u_ingress/u_fifo/full_reg/C
                         clock pessimism              0.000     6.420    
                         clock uncertainty           -0.135     6.285    
                         FDCE (Recov_FDCE_C_CLR)     -0.066     6.219    u_ingress/u_fifo/full_reg
  -------------------------------------------------------------------
                         required time                          6.219    
                         arrival time                          -0.556    
  -------------------------------------------------------------------
                         slack                                  5.663    





Min Delay Paths
--------------------------------------------------------------------------------------
Slack (MET) :             0.159ns  (arrival time - required time)
  Source:                 u_rst_line/sync_reg[2]/C
                            (rising edge-triggered cell FDCE clocked by clk_line  {rise@0.000ns fall@3.200ns period=6.400ns})
  Destination:            u_ingress/u_fifo/rq_reg[0][0]/CLR
                            (removal check against rising-edge clock clk_line  {rise@0.000ns fall@3.200ns period=6.400ns})
  Path Group:             **async_default**
  Path Type:              Removal (Min at Fast Process Corner)
  Requirement:            0.000ns  (clk_line rise@0.000ns - clk_line rise@0.000ns)
  Data Path Delay:        0.245ns  (logic 0.052ns (21.224%)  route 0.193ns (78.776%))
  Logic Levels:           1  (LUT1=1)
  Clock Path Skew:        0.006ns (DCD - SCD - CPR)
    Destination Clock Delay (DCD):    0.019ns
    Source Clock Delay      (SCD):    0.013ns
    Clock Pessimism Removal (CPR):    -0.000ns
  Clock Uncertainty:      0.100ns  ((TSJ^2 + TIJ^2)^1/2 + DJ) / 2 + PE + UU
    Total System Jitter     (TSJ):    0.000ns
    Total Input Jitter      (TIJ):    0.000ns
    Discrete Jitter          (DJ):    0.000ns
    Phase Error              (PE):    0.000ns
    User Uncertainty         (UU):    0.100ns

    Location             Delay type                Incr(ns)  Path(ns)    Netlist Resource(s)
  -------------------------------------------------------------------    -------------------
                         (clock clk_line rise edge)
                                                      0.000     0.000 r  
                                                      0.000     0.000 r  clk_line (IN)
                         net (fo=138, unset)          0.013     0.013    u_rst_line/clk_line
                         FDCE                                         r  u_rst_line/sync_reg[2]/C
  -------------------------------------------------------------------    -------------------
                         FDCE (Prop_FDCE_C_Q)         0.038     0.051 r  u_rst_line/sync_reg[2]/Q
                         net (fo=1, unplaced)         0.074     0.125    u_rst_line/sync[2]
                         LUT1 (Prop_LUT1_I0_O)        0.014     0.139 f  u_rst_line/full_i_2__0/O
                         net (fo=40, unplaced)        0.119     0.258    u_ingress/u_fifo/wbin_reg[9]_0
                         FDCE                                         f  u_ingress/u_fifo/rq_reg[0][0]/CLR
  -------------------------------------------------------------------    -------------------

                         (clock clk_line rise edge)
                                                      0.000     0.000 r  
                                                      0.000     0.000 r  clk_line (IN)
                         net (fo=138, unset)          0.019     0.019    u_ingress/u_fifo/clk_line
                         FDCE                                         r  u_ingress/u_fifo/rq_reg[0][0]/C
                         clock pessimism              0.000     0.019    
                         clock uncertainty            0.100     0.119    
                         FDCE (Remov_FDCE_C_CLR)     -0.020     0.099    u_ingress/u_fifo/rq_reg[0][0]
  -------------------------------------------------------------------
                         required time                         -0.099    
                         arrival time                           0.258    
  -------------------------------------------------------------------
                         slack                                  0.159    





