Copyright 1986-2022 Xilinx, Inc. All Rights Reserved. Copyright 2022-2025 Advanced Micro Devices, Inc. All Rights Reserved.
----------------------------------------------------------------------------------------------------------------------------------------------------
| Tool Version      : Vivado v.2025.2 (lin64) Build 6299465 Fri Nov 14 12:34:56 MST 2025
| Date              : Fri Jul 31 16:38:20 2026
| Host              : abhishek-VMware-Virtual-Platform running 64-bit Ubuntu 24.04.2 LTS
| Command           : report_clock_interaction -file /home/abhishek/Projects/HFT/vivado/mc_top/mc_top.runs/synth_1/post_synth_clock_interaction.rpt
| Design            : tick_to_trade_mc_top
| Device            : xcu200-fsgd2104
| Speed File        : -2  PRODUCTION 1.28 03-30-2022
| Design State      : Synthesized
| Temperature Grade : E
----------------------------------------------------------------------------------------------------------------------------------------------------

Clock Interaction Report

Clock Interaction Table
-----------------------

                            WNS                            TNS Failing  TNS Total    WNS Path         Clock-Pair           Inter-Clock              
From Clock    To Clock      Clock Edges  WNS(ns)  TNS(ns)    Endpoints    Endpoints  Requirement(ns)  Classification       Constraints              
------------  ------------  -----------  -------  -------  -----------  -----------  ---------------  -------------------  -----------------------  
clk_core      clk_core      rise - rise     0.64     0.00            0        17266             4.00  Clean                Timed                    
clk_core      clk_host      rise - rise     3.74     0.00            0           29             4.00  Ignored              Max Delay Datapath Only  
clk_core      clk_line      rise - rise     3.74     0.00            0           10             4.00  Ignored              Max Delay Datapath Only  
clk_host      clk_core      rise - rise     3.46     0.00            0           55             4.00  Ignored              Max Delay Datapath Only  
clk_host      clk_host      rise - rise     6.90     0.00            0          298             8.00  Clean                Timed                    
clk_line      clk_core      rise - rise     2.45     0.00            0          330             4.00  Ignored              Max Delay Datapath Only  
clk_line      clk_line      rise - rise     4.82     0.00            0          744             6.40  Clean                Timed                    


