Copyright 1986-2022 Xilinx, Inc. All Rights Reserved. Copyright 2022-2025 Advanced Micro Devices, Inc. All Rights Reserved.
---------------------------------------------------------------------------------------------------------------------------------------------
| Tool Version : Vivado v.2025.2 (lin64) Build 6299465 Fri Nov 14 12:34:56 MST 2025
| Date         : Fri Jul 31 16:37:10 2026
| Host         : abhishek-VMware-Virtual-Platform running 64-bit Ubuntu 24.04.2 LTS
| Command      : report_utilization -file tick_to_trade_mc_top_utilization_synth.rpt -pb tick_to_trade_mc_top_utilization_synth.pb
| Design       : tick_to_trade_mc_top
| Device       : xcu200-fsgd2104-2-e
| Speed File   : -2
| Design State : Synthesized
---------------------------------------------------------------------------------------------------------------------------------------------

Utilization Design Information

Table of Contents
-----------------
1. CLB Logic
1.1 Summary of Registers by Type
2. BLOCKRAM
3. ARITHMETIC
4. I/O
5. CLOCK
6. ADVANCED
7. CONFIGURATION
8. Primitives
9. Black Boxes
10. Instantiated Netlists
11. SLR Connectivity
12. SLR Connectivity Matrix
13. SLR IO Utilization

1. CLB Logic
------------

+----------------------------+------+-------+------------+-----------+-------+
|          Site Type         | Used | Fixed | Prohibited | Available | Util% |
+----------------------------+------+-------+------------+-----------+-------+
| CLB LUTs*                  | 8210 |     0 |          0 |   1182240 |  0.69 |
|   LUT as Logic             | 7666 |     0 |          0 |   1182240 |  0.65 |
|   LUT as Memory            |  544 |     0 |          0 |    591840 |  0.09 |
|     LUT as Distributed RAM |  510 |     0 |            |           |       |
|     LUT as Shift Register  |   34 |     0 |            |           |       |
| CLB Registers              | 5270 |     0 |          0 |   2364480 |  0.22 |
|   Register as Flip Flop    | 5270 |     0 |          0 |   2364480 |  0.22 |
|   Register as Latch        |    0 |     0 |          0 |   2364480 |  0.00 |
| CARRY8                     |  336 |     0 |          0 |    147780 |  0.23 |
| F7 Muxes                   |  546 |     0 |          0 |    591120 |  0.09 |
| F8 Muxes                   |  264 |     0 |          0 |    295560 |  0.09 |
| F9 Muxes                   |    0 |     0 |          0 |    147780 |  0.00 |
| Unique Control Sets        |  142 |       |          0 |    295560 |  0.05 |
+----------------------------+------+-------+------------+-----------+-------+
* Warning! The Final LUT count, after physical optimizations and full implementation, is typically lower. Run opt_design after synthesis, if not already completed, for a more realistic count.
Warning! LUT value is adjusted to account for LUT combining.
Warning! For any ECO changes, please run place_design if there are unplaced instances
** Note: Available Control Sets calculated as Slices * 2, Review the Control Sets Report for more information regarding control sets.


1.1 Summary of Registers by Type
--------------------------------

+-------+--------------+-------------+--------------+
| Total | Clock Enable | Synchronous | Asynchronous |
+-------+--------------+-------------+--------------+
| 0     |            _ |           - |            - |
| 0     |            _ |           - |          Set |
| 0     |            _ |           - |        Reset |
| 0     |            _ |         Set |            - |
| 0     |            _ |       Reset |            - |
| 0     |          Yes |           - |            - |
| 10    |          Yes |           - |          Set |
| 4760  |          Yes |           - |        Reset |
| 0     |          Yes |         Set |            - |
| 500   |          Yes |       Reset |            - |
+-------+--------------+-------------+--------------+


2. BLOCKRAM
-----------

+-------------------+------+-------+------------+-----------+-------+
|     Site Type     | Used | Fixed | Prohibited | Available | Util% |
+-------------------+------+-------+------------+-----------+-------+
| Block RAM Tile    |    1 |     0 |          0 |      2160 |  0.05 |
|   RAMB36/FIFO*    |    1 |     0 |          0 |      2160 |  0.05 |
|     RAMB36E2 only |    1 |       |            |           |       |
|   RAMB18          |    0 |     0 |          0 |      4320 |  0.00 |
| URAM              |    0 |     0 |          0 |       960 |  0.00 |
+-------------------+------+-------+------------+-----------+-------+
* Note: Each Block RAM Tile only has one FIFO logic available and therefore can accommodate only one FIFO36E2 or one FIFO18E2. However, if a FIFO18E2 occupies a Block RAM Tile, that tile can still accommodate a RAMB18E2


3. ARITHMETIC
-------------

+-----------+------+-------+------------+-----------+-------+
| Site Type | Used | Fixed | Prohibited | Available | Util% |
+-----------+------+-------+------------+-----------+-------+
| DSPs      |    0 |     0 |          0 |      6840 |  0.00 |
+-----------+------+-------+------------+-----------+-------+


4. I/O
------

+------------------+------+-------+------------+-----------+-------+
|     Site Type    | Used | Fixed | Prohibited | Available | Util% |
+------------------+------+-------+------------+-----------+-------+
| Bonded IOB       |    0 |     0 |          0 |       676 |  0.00 |
|   HPIOB_M        |    0 |     0 |          0 |       312 |  0.00 |
|   HPIOB_S        |    0 |     0 |          0 |       312 |  0.00 |
|   HPIOB_SNGL     |    0 |     0 |          0 |        52 |  0.00 |
| HPIOBDIFFINBUF   |    0 |     0 |          0 |       720 |  0.00 |
| HPIOBDIFFOUTBUF  |    0 |     0 |          0 |       720 |  0.00 |
| BITSLICE_CONTROL |    0 |     0 |          0 |       240 |  0.00 |
| BITSLICE_RX_TX   |    0 |     0 |          0 |      9360 |  0.00 |
| BITSLICE_TX      |    0 |     0 |          0 |       240 |  0.00 |
| RIU_OR           |    0 |     0 |          0 |       120 |  0.00 |
+------------------+------+-------+------------+-----------+-------+


5. CLOCK
--------

+------------+------+-------+------------+-----------+-------+
|  Site Type | Used | Fixed | Prohibited | Available | Util% |
+------------+------+-------+------------+-----------+-------+
| BUFGCE     |    0 |     0 |          0 |       720 |  0.00 |
| BUFGCE_DIV |    0 |     0 |          0 |       120 |  0.00 |
| BUFG_GT    |    0 |     0 |          0 |       720 |  0.00 |
| BUFGCTRL*  |    0 |     0 |          0 |       240 |  0.00 |
| PLL        |    0 |     0 |          0 |        60 |  0.00 |
| MMCM       |    0 |     0 |          0 |        30 |  0.00 |
+------------+------+-------+------------+-----------+-------+
* Note: Each used BUFGCTRL counts as two GLOBAL CLOCK BUFFERs. This table does not include global clocking resources, only buffer cell usage. See the Clock Utilization Report (report_clock_utilization) for detailed accounting of global clocking resource availability.


6. ADVANCED
-----------

+-----------------+------+-------+------------+-----------+-------+
|    Site Type    | Used | Fixed | Prohibited | Available | Util% |
+-----------------+------+-------+------------+-----------+-------+
| CMACE4          |    0 |     0 |          0 |         9 |  0.00 |
| GTYE4_CHANNEL   |    0 |     0 |          0 |        24 |  0.00 |
| GTYE4_COMMON    |    0 |     0 |          0 |         6 |  0.00 |
| ILKNE4          |    0 |     0 |          0 |         9 |  0.00 |
| OBUFDS_GTE4     |    0 |     0 |          0 |        12 |  0.00 |
| OBUFDS_GTE4_ADV |    0 |     0 |          0 |        12 |  0.00 |
| PCIE40E4        |    0 |     0 |          0 |         6 |  0.00 |
| SYSMONE4        |    0 |     0 |          0 |         3 |  0.00 |
+-----------------+------+-------+------------+-----------+-------+


7. CONFIGURATION
----------------

+-------------+------+-------+------------+-----------+-------+
|  Site Type  | Used | Fixed | Prohibited | Available | Util% |
+-------------+------+-------+------------+-----------+-------+
| BSCANE2     |    0 |     0 |          0 |        12 |  0.00 |
| DNA_PORTE2  |    0 |     0 |          0 |         3 |  0.00 |
| EFUSE_USR   |    0 |     0 |          0 |         3 |  0.00 |
| FRAME_ECCE4 |    0 |     0 |          0 |         3 |  0.00 |
| ICAPE3      |    0 |     0 |          0 |         6 |  0.00 |
| MASTER_JTAG |    0 |     0 |          0 |         3 |  0.00 |
| STARTUPE3   |    0 |     0 |          0 |         3 |  0.00 |
+-------------+------+-------+------------+-----------+-------+


8. Primitives
-------------

+----------+------+---------------------+
| Ref Name | Used | Functional Category |
+----------+------+---------------------+
| FDCE     | 4760 |            Register |
| LUT6     | 3770 |                 CLB |
| LUT4     | 1820 |                 CLB |
| LUT3     | 1441 |                 CLB |
| LUT2     | 1176 |                 CLB |
| LUT5     |  838 |                 CLB |
| MUXF7    |  546 |                 CLB |
| FDRE     |  500 |            Register |
| RAMD64E  |  472 |                 CLB |
| CARRY8   |  336 |                 CLB |
| MUXF8    |  264 |                 CLB |
| LUT1     |  148 |                 CLB |
| RAMD32   |   64 |                 CLB |
| SRL16E   |   34 |                 CLB |
| RAMS32   |   10 |                 CLB |
| FDPE     |   10 |            Register |
| RAMB36E2 |    1 |            BLOCKRAM |
+----------+------+---------------------+


9. Black Boxes
--------------

+----------+------+
| Ref Name | Used |
+----------+------+


10. Instantiated Netlists
-------------------------

+----------+------+
| Ref Name | Used |
+----------+------+


11. SLR Connectivity
--------------------

+----------------------------------+------+-------+-----------+-------+
|                                  | Used | Fixed | Available | Util% |
+----------------------------------+------+-------+-----------+-------+
| SLR2 <-> SLR1                    |    0 |       |     17280 |  0.00 |
|   SLR1 -> SLR2                   |    0 |       |           |  0.00 |
|     Using TX_REG only            |    0 |     0 |           |       |
|     Using RX_REG only            |    0 |     0 |           |       |
|     Using Both TX_REG and RX_REG |    0 |     0 |           |       |
|   SLR2 -> SLR1                   |    0 |       |           |  0.00 |
|     Using TX_REG only            |    0 |     0 |           |       |
|     Using RX_REG only            |    0 |     0 |           |       |
|     Using Both TX_REG and RX_REG |    0 |     0 |           |       |
| SLR1 <-> SLR0                    |    0 |       |     17280 |  0.00 |
|   SLR0 -> SLR1                   |    0 |       |           |  0.00 |
|     Using TX_REG only            |    0 |     0 |           |       |
|     Using RX_REG only            |    0 |     0 |           |       |
|     Using Both TX_REG and RX_REG |    0 |     0 |           |       |
|   SLR1 -> SLR0                   |    0 |       |           |  0.00 |
|     Using TX_REG only            |    0 |     0 |           |       |
|     Using RX_REG only            |    0 |     0 |           |       |
|     Using Both TX_REG and RX_REG |    0 |     0 |           |       |
+----------------------------------+------+-------+-----------+-------+
| Total SLLs Used                  |    0 |       |           |       |
+----------------------------------+------+-------+-----------+-------+


12. SLR Connectivity Matrix
---------------------------

+-----------+------+------+------+
| FROM \ TO | SLR2 | SLR1 | SLR0 |
+-----------+------+------+------+
| SLR2      |    0 |    0 |    0 |
| SLR1      |    0 |    0 |    0 |
| SLR0      |    0 |    0 |    0 |
+-----------+------+------+------+


13. SLR IO Utilization
----------------------

+-----------+-----------+---------+------------+----------+------------+----------+-----+
| SLR Index | Used IOBs | (%)IOBs | Used IPADs | (%)IPADs | Used OPADs | (%)OPADs | GTs |
+-----------+-----------+---------+------------+----------+------------+----------+-----+
| SLR2      |         0 |    0.00 |          0 |     0.00 |          0 |     0.00 |   0 |
| SLR1      |         0 |    0.00 |          0 |     0.00 |          0 |     0.00 |   0 |
| SLR0      |         0 |    0.00 |          0 |     0.00 |          0 |     0.00 |   0 |
+-----------+-----------+---------+------------+----------+------------+----------+-----+
| Total     |         0 |         |          0 |          |          0 |          |   0 |
+-----------+-----------+---------+------------+----------+------------+----------+-----+


