Copyright 1986-2022 Xilinx, Inc. All Rights Reserved. Copyright 2022-2025 Advanced Micro Devices, Inc. All Rights Reserved.
--------------------------------------------------------------------------------------------------------------------------------------------------
| Tool Version      : Vivado v.2025.2 (lin64) Build 6299465 Fri Nov 14 12:34:56 MST 2025
| Date              : Thu Jul  2 21:47:58 2026
| Host              : abhishek-VMware-Virtual-Platform running 64-bit Ubuntu 24.04.2 LTS
| Command           : report_timing_summary -file results/ofimaker_synth/timing.rpt -quiet
| Design            : strategy_ofi_maker
| Device            : xcu200-fsgd2104
| Speed File        : -2  PRODUCTION 1.28 03-30-2022
| Design State      : Optimized
| Temperature Grade : E
--------------------------------------------------------------------------------------------------------------------------------------------------

Timing Summary Report

------------------------------------------------------------------------------------------------
| Timer Settings
| --------------
------------------------------------------------------------------------------------------------

  Enable Multi Corner Analysis               :  Yes
  Enable Pessimism Removal                   :  Yes
  Pessimism Removal Resolution               :  Nearest Common Node
  Enable Input Delay Default Clock           :  No
  Enable Preset / Clear Arcs                 :  No
  Disable Flight Delays                      :  No
  Ignore I/O Paths                           :  No
  Timing Early Launch at Borrowing Latches   :  No
  Borrow Time for Max Delay Exceptions       :  Yes
  Merge Timing Exceptions                    :  Yes
  Inter-SLR Compensation                     :  Conservative

  Corner  Analyze    Analyze    
  Name    Max Paths  Min Paths  
  ------  ---------  ---------  
  Slow    Yes        Yes        
  Fast    Yes        Yes        


------------------------------------------------------------------------------------------------
| Report Methodology
| ------------------
------------------------------------------------------------------------------------------------

No report available as report_methodology has not been run prior. Run report_methodology on the current design for the summary of methodology violations.



check_timing report

Table of Contents
-----------------
1. checking no_clock (0)
2. checking constant_clock (0)
3. checking pulse_width_clock (0)
4. checking unconstrained_internal_endpoints (0)
5. checking no_input_delay (162)
6. checking no_output_delay (71)
7. checking multiple_clock (0)
8. checking generated_clocks (0)
9. checking loops (0)
10. checking partial_input_delay (0)
11. checking partial_output_delay (0)
12. checking latch_loops (0)

1. checking no_clock (0)
------------------------
 There are 0 register/latch pins with no clock.


2. checking constant_clock (0)
------------------------------
 There are 0 register/latch pins with constant_clock.


3. checking pulse_width_clock (0)
---------------------------------
 There are 0 register/latch pins which need pulse_width check


4. checking unconstrained_internal_endpoints (0)
------------------------------------------------
 There are 0 pins that are not constrained for maximum delay.

 There are 0 pins that are not constrained for maximum delay due to constant clock.


5. checking no_input_delay (162)
--------------------------------
 There are 162 input ports with no input delay specified. (HIGH)

 There are 0 input ports with no input delay but user has a false path constraint.


6. checking no_output_delay (71)
--------------------------------
 There are 71 ports with no output delay specified. (HIGH)

 There are 0 ports with no output delay but user has a false path constraint

 There are 0 ports with no output delay but with a timing clock defined on it or propagating through it


7. checking multiple_clock (0)
------------------------------
 There are 0 register/latch pins with multiple clocks.


8. checking generated_clocks (0)
--------------------------------
 There are 0 generated clocks that are not connected to a clock source.


9. checking loops (0)
---------------------
 There are 0 combinational loops in the design.


10. checking partial_input_delay (0)
------------------------------------
 There are 0 input ports with partial input delay specified.


11. checking partial_output_delay (0)
-------------------------------------
 There are 0 ports with partial output delay specified.


12. checking latch_loops (0)
----------------------------
 There are 0 combinational latch loops in the design through latch input



------------------------------------------------------------------------------------------------
| Design Timing Summary
| ---------------------
------------------------------------------------------------------------------------------------

    WNS(ns)      TNS(ns)  TNS Failing Endpoints  TNS Total Endpoints      WHS(ns)      THS(ns)  THS Failing Endpoints  THS Total Endpoints     WPWS(ns)     TPWS(ns)  TPWS Failing Endpoints  TPWS Total Endpoints  
    -------      -------  ---------------------  -------------------      -------      -------  ---------------------  -------------------     --------     --------  ----------------------  --------------------  
      0.660        0.000                      0                 7158        0.039        0.000                      0                 7158        1.968        0.000                       0                  7319  


All user specified timing constraints are met.


------------------------------------------------------------------------------------------------
| Clock Summary
| -------------
------------------------------------------------------------------------------------------------

Clock  Waveform(ns)         Period(ns)      Frequency(MHz)
-----  ------------         ----------      --------------
clk    {0.000 2.500}        5.000           200.000         


------------------------------------------------------------------------------------------------
| Intra Clock Table
| -----------------
------------------------------------------------------------------------------------------------

Clock             WNS(ns)      TNS(ns)  TNS Failing Endpoints  TNS Total Endpoints      WHS(ns)      THS(ns)  THS Failing Endpoints  THS Total Endpoints     WPWS(ns)     TPWS(ns)  TPWS Failing Endpoints  TPWS Total Endpoints  
-----             -------      -------  ---------------------  -------------------      -------      -------  ---------------------  -------------------     --------     --------  ----------------------  --------------------  
clk                 0.660        0.000                      0                 7158        0.039        0.000                      0                 7158        1.968        0.000                       0                  7319  


------------------------------------------------------------------------------------------------
| Inter Clock Table
| -----------------
------------------------------------------------------------------------------------------------

From Clock    To Clock          WNS(ns)      TNS(ns)  TNS Failing Endpoints  TNS Total Endpoints      WHS(ns)      THS(ns)  THS Failing Endpoints  THS Total Endpoints  
----------    --------          -------      -------  ---------------------  -------------------      -------      -------  ---------------------  -------------------  


------------------------------------------------------------------------------------------------
| Other Path Groups Table
| -----------------------
------------------------------------------------------------------------------------------------

Path Group    From Clock    To Clock          WNS(ns)      TNS(ns)  TNS Failing Endpoints  TNS Total Endpoints      WHS(ns)      THS(ns)  THS Failing Endpoints  THS Total Endpoints  
----------    ----------    --------          -------      -------  ---------------------  -------------------      -------      -------  ---------------------  -------------------  


------------------------------------------------------------------------------------------------
| Timing Details
| --------------
------------------------------------------------------------------------------------------------


---------------------------------------------------------------------------------------------------
From Clock:  clk
  To Clock:  clk

Setup :            0  Failing Endpoints,  Worst Slack        0.660ns,  Total Violation        0.000ns
Hold  :            0  Failing Endpoints,  Worst Slack        0.039ns,  Total Violation        0.000ns
PW    :            0  Failing Endpoints,  Worst Slack        1.968ns,  Total Violation        0.000ns
---------------------------------------------------------------------------------------------------


Max Delay Paths
--------------------------------------------------------------------------------------
Slack (MET) :             0.660ns  (required time - arrival time)
  Source:                 pap_reg[0]/C
                            (rising edge-triggered cell FDCE clocked by clk  {rise@0.000ns fall@2.500ns period=5.000ns})
  Destination:            pl_r_reg[33]/D
                            (rising edge-triggered cell FDCE clocked by clk  {rise@0.000ns fall@2.500ns period=5.000ns})
  Path Group:             clk
  Path Type:              Setup (Max at Slow Process Corner)
  Requirement:            5.000ns  (clk rise@5.000ns - clk rise@0.000ns)
  Data Path Delay:        4.322ns  (logic 1.704ns (39.426%)  route 2.618ns (60.574%))
  Logic Levels:           19  (CARRY8=11 LUT2=2 LUT3=1 LUT4=2 LUT5=2 LUT6=1)
  Clock Path Skew:        -0.008ns (DCD - SCD + CPR)
    Destination Clock Delay (DCD):    0.020ns = ( 5.020 - 5.000 ) 
    Source Clock Delay      (SCD):    0.028ns
    Clock Pessimism Removal (CPR):    0.000ns
  Clock Uncertainty:      0.035ns  ((TSJ^2 + TIJ^2)^1/2 + DJ) / 2 + PE
    Total System Jitter     (TSJ):    0.071ns
    Total Input Jitter      (TIJ):    0.000ns
    Discrete Jitter          (DJ):    0.000ns
    Phase Error              (PE):    0.000ns

    Location             Delay type                Incr(ns)  Path(ns)    Netlist Resource(s)
  -------------------------------------------------------------------    -------------------
                         (clock clk rise edge)        0.000     0.000 r  
                                                      0.000     0.000 r  clk (IN)
                         net (fo=7318, unset)         0.028     0.028    clk
                         FDCE                                         r  pap_reg[0]/C
  -------------------------------------------------------------------    -------------------
                         FDCE (Prop_FDCE_C_Q)         0.077     0.105 r  pap_reg[0]/Q
                         net (fo=4, unplaced)         0.115     0.220    pap[0]
                         LUT4 (Prop_LUT4_I0_O)        0.139     0.359 r  taps_reg[2][32]_srl6_taps_reg_c_66_i_132/O
                         net (fo=1, unplaced)         0.257     0.616    taps_reg[2][32]_srl6_taps_reg_c_66_i_132_n_0
                         CARRY8 (Prop_CARRY8_DI[0]_CO[7])
                                                      0.140     0.756 r  taps_reg[2][32]_srl6_taps_reg_c_66_i_91/CO[7]
                         net (fo=1, unplaced)         0.005     0.761    taps_reg[2][32]_srl6_taps_reg_c_66_i_91_n_0
                         CARRY8 (Prop_CARRY8_CI_CO[7])
                                                      0.022     0.783 r  taps_reg[2][32]_srl6_taps_reg_c_66_i_73/CO[7]
                         net (fo=64, unplaced)        0.320     1.103    taps_reg[2][32]_srl6_taps_reg_c_66_i_73_n_0
                         LUT2 (Prop_LUT2_I0_O)        0.070     1.173 r  taps_reg[2][15]_srl6_taps_reg_c_66_i_26/O
                         net (fo=1, unplaced)         0.257     1.430    taps_reg[2][15]_srl6_taps_reg_c_66_i_26_n_0
                         CARRY8 (Prop_CARRY8_DI[0]_CO[7])
                                                      0.140     1.570 r  taps_reg[2][15]_srl6_taps_reg_c_66_i_18/CO[7]
                         net (fo=1, unplaced)         0.005     1.575    taps_reg[2][15]_srl6_taps_reg_c_66_i_18_n_0
                         CARRY8 (Prop_CARRY8_CI_CO[7])
                                                      0.022     1.597 r  taps_reg[2][23]_srl6_taps_reg_c_66_i_18/CO[7]
                         net (fo=1, unplaced)         0.005     1.602    taps_reg[2][23]_srl6_taps_reg_c_66_i_18_n_0
                         CARRY8 (Prop_CARRY8_CI_O[4])
                                                      0.086     1.688 f  taps_reg[2][31]_srl6_taps_reg_c_66_i_18/O[4]
                         net (fo=2, unplaced)         0.204     1.892    ofi_sum3[20]
                         LUT5 (Prop_LUT5_I2_O)        0.038     1.930 r  taps_reg[2][23]_srl6_taps_reg_c_66_i_4/O
                         net (fo=2, unplaced)         0.197     2.127    taps_reg[2][23]_srl6_taps_reg_c_66_i_4_n_0
                         LUT6 (Prop_LUT6_I0_O)        0.037     2.164 r  taps_reg[2][23]_srl6_taps_reg_c_66_i_12/O
                         net (fo=1, unplaced)         0.029     2.193    taps_reg[2][23]_srl6_taps_reg_c_66_i_12_n_0
                         CARRY8 (Prop_CARRY8_S[5]_CO[7])
                                                      0.166     2.359 r  taps_reg[2][23]_srl6_taps_reg_c_66_i_1/CO[7]
                         net (fo=1, unplaced)         0.005     2.364    taps_reg[2][23]_srl6_taps_reg_c_66_i_1_n_0
                         CARRY8 (Prop_CARRY8_CI_O[4])
                                                      0.086     2.450 r  taps_reg[2][31]_srl6_taps_reg_c_66_i_1/O[4]
                         net (fo=3, unplaced)         0.210     2.660    ofi_sum2[28]
                         LUT4 (Prop_LUT4_I2_O)        0.038     2.698 r  ofi_sum[31]_i_4/O
                         net (fo=2, unplaced)         0.197     2.895    ofi_sum[31]_i_4_n_0
                         LUT5 (Prop_LUT5_I0_O)        0.037     2.932 r  ofi_sum[31]_i_12/O
                         net (fo=1, unplaced)         0.029     2.961    ofi_sum[31]_i_12_n_0
                         CARRY8 (Prop_CARRY8_S[5]_CO[7])
                                                      0.166     3.127 r  ofi_sum_reg[31]_i_1/CO[7]
                         net (fo=1, unplaced)         0.005     3.132    ofi_sum_reg[31]_i_1_n_0
                         CARRY8 (Prop_CARRY8_CI_CO[7])
                                                      0.022     3.154 r  ofi_sum_reg[39]_i_1/CO[7]
                         net (fo=1, unplaced)         0.005     3.159    ofi_sum_reg[39]_i_1_n_0
                         CARRY8 (Prop_CARRY8_CI_O[5])
                                                      0.116     3.275 f  ofi_sum_reg[47]_i_2/O[5]
                         net (fo=5, unplaced)         0.189     3.464    ofi_sum_reg[47]_i_2_n_10
                         LUT2 (Prop_LUT2_I0_O)        0.105     3.569 r  pl_r[63]_i_22/O
                         net (fo=1, unplaced)         0.234     3.803    pl_r[63]_i_22_n_0
                         CARRY8 (Prop_CARRY8_DI[5]_CO[7])
                                                      0.097     3.900 r  pl_r_reg[63]_i_3/CO[7]
                         net (fo=32, unplaced)        0.302     4.202    tilt_c1
                         LUT3 (Prop_LUT3_I1_O)        0.100     4.302 r  pl_r[33]_i_1/O
                         net (fo=1, unplaced)         0.048     4.350    pl_r[33]_i_1_n_0
                         FDCE                                         r  pl_r_reg[33]/D
  -------------------------------------------------------------------    -------------------

                         (clock clk rise edge)        5.000     5.000 r  
                                                      0.000     5.000 r  clk (IN)
                         net (fo=7318, unset)         0.020     5.020    clk
                         FDCE                                         r  pl_r_reg[33]/C
                         clock pessimism              0.000     5.020    
                         clock uncertainty           -0.035     4.985    
                         FDCE (Setup_FDCE_C_D)        0.025     5.010    pl_r_reg[33]
  -------------------------------------------------------------------
                         required time                          5.010    
                         arrival time                          -4.350    
  -------------------------------------------------------------------
                         slack                                  0.660    





Min Delay Paths
--------------------------------------------------------------------------------------
Slack (MET) :             0.039ns  (arrival time - required time)
  Source:                 num_r_reg[37]/C
                            (rising edge-triggered cell FDCE clocked by clk  {rise@0.000ns fall@2.500ns period=5.000ns})
  Destination:            u_div/gstage[23].nsh_reg[24][61]_srl24_u_div_gstage_c_22/D
                            (rising edge-triggered cell SRLC32E clocked by clk  {rise@0.000ns fall@2.500ns period=5.000ns})
  Path Group:             clk
  Path Type:              Hold (Min at Fast Process Corner)
  Requirement:            0.000ns  (clk rise@0.000ns - clk rise@0.000ns)
  Data Path Delay:        0.111ns  (logic 0.037ns (33.333%)  route 0.074ns (66.667%))
  Logic Levels:           0  
  Clock Path Skew:        0.026ns (DCD - SCD - CPR)
    Destination Clock Delay (DCD):    0.039ns
    Source Clock Delay      (SCD):    0.013ns
    Clock Pessimism Removal (CPR):    -0.000ns

    Location             Delay type                Incr(ns)  Path(ns)    Netlist Resource(s)
  -------------------------------------------------------------------    -------------------
                         (clock clk rise edge)        0.000     0.000 r  
                                                      0.000     0.000 r  clk (IN)
                         net (fo=7318, unset)         0.013     0.013    clk
                         FDCE                                         r  num_r_reg[37]/C
  -------------------------------------------------------------------    -------------------
                         FDCE (Prop_FDCE_C_Q)         0.037     0.050 r  num_r_reg[37]/Q
                         net (fo=1, unplaced)         0.074     0.124    u_div/gstage[0].rem_reg[1][7]_0[37]
                         SRLC32E                                      r  u_div/gstage[23].nsh_reg[24][61]_srl24_u_div_gstage_c_22/D
  -------------------------------------------------------------------    -------------------

                         (clock clk rise edge)        0.000     0.000 r  
                                                      0.000     0.000 r  clk (IN)
                         net (fo=7318, unset)         0.039     0.039    u_div/clk
                         SRLC32E                                      r  u_div/gstage[23].nsh_reg[24][61]_srl24_u_div_gstage_c_22/CLK
                         clock pessimism              0.000     0.039    
                         SRLC32E (Hold_SRLC32E_CLK_D)
                                                      0.046     0.085    u_div/gstage[23].nsh_reg[24][61]_srl24_u_div_gstage_c_22
  -------------------------------------------------------------------
                         required time                         -0.085    
                         arrival time                           0.124    
  -------------------------------------------------------------------
                         slack                                  0.039    





Pulse Width Checks
--------------------------------------------------------------------------------------
Clock Name:         clk
Waveform(ns):       { 0.000 2.500 }
Period(ns):         5.000
Sources:            { clk }

Check Type        Corner  Lib Pin     Reference Pin  Required(ns)  Actual(ns)  Slack(ns)  Location  Pin
Min Period        n/a     SRL16E/CLK  n/a            1.064         5.000       3.936                taps_reg[2][0]_srl6_taps_reg_c_66/CLK
Low Pulse Width   Slow    SRL16E/CLK  n/a            0.532         2.500       1.968                taps_reg[2][0]_srl6_taps_reg_c_66/CLK
High Pulse Width  Slow    SRL16E/CLK  n/a            0.532         2.500       1.968                taps_reg[2][0]_srl6_taps_reg_c_66/CLK



