Copyright 1986-2022 Xilinx, Inc. All Rights Reserved. Copyright 2022-2025 Advanced Micro Devices, Inc. All Rights Reserved.
--------------------------------------------------------------------------------------------------------------------------------------------------
| Tool Version      : Vivado v.2025.2 (lin64) Build 6299465 Fri Nov 14 12:34:56 MST 2025
| Date              : Thu Jul  2 17:12:35 2026
| Host              : abhishek-VMware-Virtual-Platform running 64-bit Ubuntu 24.04.2 LTS
| Command           : report_timing_summary -file results/ttt_select_synth/timing.rpt -quiet
| Design            : tick_to_trade_top
| Device            : xcu200-fsgd2104
| Speed File        : -2  PRODUCTION 1.28 03-30-2022
| Design State      : Optimized
| Temperature Grade : E
--------------------------------------------------------------------------------------------------------------------------------------------------

Timing Summary Report

------------------------------------------------------------------------------------------------
| Timer Settings
| --------------
------------------------------------------------------------------------------------------------

  Enable Multi Corner Analysis               :  Yes
  Enable Pessimism Removal                   :  Yes
  Pessimism Removal Resolution               :  Nearest Common Node
  Enable Input Delay Default Clock           :  No
  Enable Preset / Clear Arcs                 :  No
  Disable Flight Delays                      :  No
  Ignore I/O Paths                           :  No
  Timing Early Launch at Borrowing Latches   :  No
  Borrow Time for Max Delay Exceptions       :  Yes
  Merge Timing Exceptions                    :  Yes
  Inter-SLR Compensation                     :  Conservative

  Corner  Analyze    Analyze    
  Name    Max Paths  Min Paths  
  ------  ---------  ---------  
  Slow    Yes        Yes        
  Fast    Yes        Yes        


------------------------------------------------------------------------------------------------
| Report Methodology
| ------------------
------------------------------------------------------------------------------------------------

No report available as report_methodology has not been run prior. Run report_methodology on the current design for the summary of methodology violations.



check_timing report

Table of Contents
-----------------
1. checking no_clock (0)
2. checking constant_clock (0)
3. checking pulse_width_clock (0)
4. checking unconstrained_internal_endpoints (0)
5. checking no_input_delay (38)
6. checking no_output_delay (85)
7. checking multiple_clock (0)
8. checking generated_clocks (0)
9. checking loops (0)
10. checking partial_input_delay (0)
11. checking partial_output_delay (0)
12. checking latch_loops (0)

1. checking no_clock (0)
------------------------
 There are 0 register/latch pins with no clock.


2. checking constant_clock (0)
------------------------------
 There are 0 register/latch pins with constant_clock.


3. checking pulse_width_clock (0)
---------------------------------
 There are 0 register/latch pins which need pulse_width check


4. checking unconstrained_internal_endpoints (0)
------------------------------------------------
 There are 0 pins that are not constrained for maximum delay.

 There are 0 pins that are not constrained for maximum delay due to constant clock.


5. checking no_input_delay (38)
-------------------------------
 There are 38 input ports with no input delay specified. (HIGH)

 There are 0 input ports with no input delay but user has a false path constraint.


6. checking no_output_delay (85)
--------------------------------
 There are 85 ports with no output delay specified. (HIGH)

 There are 0 ports with no output delay but user has a false path constraint

 There are 0 ports with no output delay but with a timing clock defined on it or propagating through it


7. checking multiple_clock (0)
------------------------------
 There are 0 register/latch pins with multiple clocks.


8. checking generated_clocks (0)
--------------------------------
 There are 0 generated clocks that are not connected to a clock source.


9. checking loops (0)
---------------------
 There are 0 combinational loops in the design.


10. checking partial_input_delay (0)
------------------------------------
 There are 0 input ports with partial input delay specified.


11. checking partial_output_delay (0)
-------------------------------------
 There are 0 ports with partial output delay specified.


12. checking latch_loops (0)
----------------------------
 There are 0 combinational latch loops in the design through latch input



------------------------------------------------------------------------------------------------
| Design Timing Summary
| ---------------------
------------------------------------------------------------------------------------------------

    WNS(ns)      TNS(ns)  TNS Failing Endpoints  TNS Total Endpoints      WHS(ns)      THS(ns)  THS Failing Endpoints  THS Total Endpoints     WPWS(ns)     TPWS(ns)  TPWS Failing Endpoints  TPWS Total Endpoints  
    -------      -------  ---------------------  -------------------      -------      -------  ---------------------  -------------------     --------     --------  ----------------------  --------------------  
      1.815        0.000                      0                 9507        0.073        0.000                      0                 9507        1.958        0.000                       0                  4928  


All user specified timing constraints are met.


------------------------------------------------------------------------------------------------
| Clock Summary
| -------------
------------------------------------------------------------------------------------------------

Clock  Waveform(ns)         Period(ns)      Frequency(MHz)
-----  ------------         ----------      --------------
clk    {0.000 2.500}        5.000           200.000         


------------------------------------------------------------------------------------------------
| Intra Clock Table
| -----------------
------------------------------------------------------------------------------------------------

Clock             WNS(ns)      TNS(ns)  TNS Failing Endpoints  TNS Total Endpoints      WHS(ns)      THS(ns)  THS Failing Endpoints  THS Total Endpoints     WPWS(ns)     TPWS(ns)  TPWS Failing Endpoints  TPWS Total Endpoints  
-----             -------      -------  ---------------------  -------------------      -------      -------  ---------------------  -------------------     --------     --------  ----------------------  --------------------  
clk                 1.815        0.000                      0                 9507        0.073        0.000                      0                 9507        1.958        0.000                       0                  4928  


------------------------------------------------------------------------------------------------
| Inter Clock Table
| -----------------
------------------------------------------------------------------------------------------------

From Clock    To Clock          WNS(ns)      TNS(ns)  TNS Failing Endpoints  TNS Total Endpoints      WHS(ns)      THS(ns)  THS Failing Endpoints  THS Total Endpoints  
----------    --------          -------      -------  ---------------------  -------------------      -------      -------  ---------------------  -------------------  


------------------------------------------------------------------------------------------------
| Other Path Groups Table
| -----------------------
------------------------------------------------------------------------------------------------

Path Group    From Clock    To Clock          WNS(ns)      TNS(ns)  TNS Failing Endpoints  TNS Total Endpoints      WHS(ns)      THS(ns)  THS Failing Endpoints  THS Total Endpoints  
----------    ----------    --------          -------      -------  ---------------------  -------------------      -------      -------  ---------------------  -------------------  


------------------------------------------------------------------------------------------------
| Timing Details
| --------------
------------------------------------------------------------------------------------------------


---------------------------------------------------------------------------------------------------
From Clock:  clk
  To Clock:  clk

Setup :            0  Failing Endpoints,  Worst Slack        1.815ns,  Total Violation        0.000ns
Hold  :            0  Failing Endpoints,  Worst Slack        0.073ns,  Total Violation        0.000ns
PW    :            0  Failing Endpoints,  Worst Slack        1.958ns,  Total Violation        0.000ns
---------------------------------------------------------------------------------------------------


Max Delay Paths
--------------------------------------------------------------------------------------
Slack (MET) :             1.815ns  (required time - arrival time)
  Source:                 u_strategy/u_ofi/order_price_reg[0]/C
                            (rising edge-triggered cell FDCE clocked by clk  {rise@0.000ns fall@2.500ns period=5.000ns})
  Destination:            u_risk/position_reg[10]/CE
                            (rising edge-triggered cell FDCE clocked by clk  {rise@0.000ns fall@2.500ns period=5.000ns})
  Path Group:             clk
  Path Type:              Setup (Max at Slow Process Corner)
  Requirement:            5.000ns  (clk rise@5.000ns - clk rise@0.000ns)
  Data Path Delay:        3.082ns  (logic 0.986ns (31.992%)  route 2.096ns (68.008%))
  Logic Levels:           12  (CARRY8=5 LUT2=1 LUT3=1 LUT4=3 LUT5=1 LUT6=1)
  Clock Path Skew:        -0.007ns (DCD - SCD + CPR)
    Destination Clock Delay (DCD):    0.021ns = ( 5.021 - 5.000 ) 
    Source Clock Delay      (SCD):    0.028ns
    Clock Pessimism Removal (CPR):    0.000ns
  Clock Uncertainty:      0.035ns  ((TSJ^2 + TIJ^2)^1/2 + DJ) / 2 + PE
    Total System Jitter     (TSJ):    0.071ns
    Total Input Jitter      (TIJ):    0.000ns
    Discrete Jitter          (DJ):    0.000ns
    Phase Error              (PE):    0.000ns

    Location             Delay type                Incr(ns)  Path(ns)    Netlist Resource(s)
  -------------------------------------------------------------------    -------------------
                         (clock clk rise edge)        0.000     0.000 r  
                                                      0.000     0.000 r  clk (IN)
                         net (fo=4927, unset)         0.028     0.028    u_strategy/u_ofi/clk
                         FDCE                                         r  u_strategy/u_ofi/order_price_reg[0]/C
  -------------------------------------------------------------------    -------------------
                         FDCE (Prop_FDCE_C_Q)         0.077     0.105 r  u_strategy/u_ofi/order_price_reg[0]/Q
                         net (fo=1, unplaced)         0.102     0.207    u_strategy/u_ofi/ofi_price[0]
                         LUT4 (Prop_LUT4_I0_O)        0.100     0.307 r  u_strategy/u_ofi/risk_price[0]_i_1/O
                         net (fo=5, unplaced)         0.215     0.522    u_strategy/u_ofi/order_price_reg[0]_0
                         LUT4 (Prop_LUT4_I2_O)        0.070     0.592 r  u_strategy/u_ofi/position5_carry_i_8/O
                         net (fo=1, unplaced)         0.257     0.849    u_risk/position5_carry__0_0[0]
                         CARRY8 (Prop_CARRY8_DI[0]_CO[7])
                                                      0.140     0.989 r  u_risk/position5_carry/CO[7]
                         net (fo=1, unplaced)         0.005     0.994    u_risk/position5_carry_n_0
                         CARRY8 (Prop_CARRY8_CI_CO[7])
                                                      0.022     1.016 r  u_risk/position5_carry__0/CO[7]
                         net (fo=31, unplaced)        0.303     1.319    u_strategy/u_ofi/_inferred__4/i__carry[0]
                         LUT2 (Prop_LUT2_I0_O)        0.070     1.389 r  u_strategy/u_ofi/i__carry_i_8__5/O
                         net (fo=1, unplaced)         0.257     1.646    u_risk/risk_reject_i_29_0[0]
                         CARRY8 (Prop_CARRY8_DI[0]_CO[7])
                                                      0.140     1.786 r  u_risk/_inferred__4/i__carry/CO[7]
                         net (fo=1, unplaced)         0.005     1.791    u_risk/_inferred__4/i__carry_n_0
                         CARRY8 (Prop_CARRY8_CI_CO[7])
                                                      0.022     1.813 r  u_risk/_inferred__4/i__carry__0/CO[7]
                         net (fo=1, unplaced)         0.005     1.818    u_risk/_inferred__4/i__carry__0_n_0
                         CARRY8 (Prop_CARRY8_CI_O[5])
                                                      0.116     1.934 f  u_risk/_inferred__4/i__carry__1/O[5]
                         net (fo=1, unplaced)         0.141     2.075    u_strategy/u_ofi/risk_reject_i_15[0]
                         LUT4 (Prop_LUT4_I0_O)        0.100     2.175 f  u_strategy/u_ofi/risk_reject_i_33/O
                         net (fo=1, unplaced)         0.197     2.372    u_risk/risk_reject_i_6_0
                         LUT5 (Prop_LUT5_I4_O)        0.038     2.410 f  u_risk/risk_reject_i_15/O
                         net (fo=1, unplaced)         0.197     2.607    u_risk/risk_reject_i_15_n_0
                         LUT6 (Prop_LUT6_I5_O)        0.038     2.645 r  u_risk/risk_reject_i_6/O
                         net (fo=4, unplaced)         0.165     2.810    u_risk/risk_reject_i_15_0
                         LUT3 (Prop_LUT3_I0_O)        0.053     2.863 r  u_risk/risk_valid_i_1/O
                         net (fo=32, unplaced)        0.247     3.110    u_risk/risk_valid_c
                         FDCE                                         r  u_risk/position_reg[10]/CE
  -------------------------------------------------------------------    -------------------

                         (clock clk rise edge)        5.000     5.000 r  
                                                      0.000     5.000 r  clk (IN)
                         net (fo=4927, unset)         0.021     5.021    u_risk/clk
                         FDCE                                         r  u_risk/position_reg[10]/C
                         clock pessimism              0.000     5.021    
                         clock uncertainty           -0.035     4.986    
                         FDCE (Setup_FDCE_C_CE)      -0.061     4.925    u_risk/position_reg[10]
  -------------------------------------------------------------------
                         required time                          4.925    
                         arrival time                          -3.110    
  -------------------------------------------------------------------
                         slack                                  1.815    





Min Delay Paths
--------------------------------------------------------------------------------------
Slack (MET) :             0.073ns  (arrival time - required time)
  Source:                 u_lat/free_cnt_reg[17]/C
                            (rising edge-triggered cell FDCE clocked by clk  {rise@0.000ns fall@2.500ns period=5.000ns})
  Destination:            u_lat/free_cnt_reg[17]/D
                            (rising edge-triggered cell FDCE clocked by clk  {rise@0.000ns fall@2.500ns period=5.000ns})
  Path Group:             clk
  Path Type:              Hold (Min at Fast Process Corner)
  Requirement:            0.000ns  (clk rise@0.000ns - clk rise@0.000ns)
  Data Path Delay:        0.125ns  (logic 0.056ns (44.800%)  route 0.069ns (55.200%))
  Logic Levels:           1  (CARRY8=1)
  Clock Path Skew:        0.006ns (DCD - SCD - CPR)
    Destination Clock Delay (DCD):    0.019ns
    Source Clock Delay      (SCD):    0.013ns
    Clock Pessimism Removal (CPR):    -0.000ns

    Location             Delay type                Incr(ns)  Path(ns)    Netlist Resource(s)
  -------------------------------------------------------------------    -------------------
                         (clock clk rise edge)        0.000     0.000 r  
                                                      0.000     0.000 r  clk (IN)
                         net (fo=4927, unset)         0.013     0.013    u_lat/clk
                         FDCE                                         r  u_lat/free_cnt_reg[17]/C
  -------------------------------------------------------------------    -------------------
                         FDCE (Prop_FDCE_C_Q)         0.038     0.051 r  u_lat/free_cnt_reg[17]/Q
                         net (fo=5, unplaced)         0.062     0.113    u_lat/free_cnt_reg[17]
                         CARRY8 (Prop_CARRY8_S[1]_O[1])
                                                      0.018     0.131 r  u_lat/free_cnt_reg[16]_i_1/O[1]
                         net (fo=1, unplaced)         0.007     0.138    u_lat/free_cnt_reg[16]_i_1_n_14
                         FDCE                                         r  u_lat/free_cnt_reg[17]/D
  -------------------------------------------------------------------    -------------------

                         (clock clk rise edge)        0.000     0.000 r  
                                                      0.000     0.000 r  clk (IN)
                         net (fo=4927, unset)         0.019     0.019    u_lat/clk
                         FDCE                                         r  u_lat/free_cnt_reg[17]/C
                         clock pessimism              0.000     0.019    
                         FDCE (Hold_FDCE_C_D)         0.046     0.065    u_lat/free_cnt_reg[17]
  -------------------------------------------------------------------
                         required time                         -0.065    
                         arrival time                           0.138    
  -------------------------------------------------------------------
                         slack                                  0.073    





Pulse Width Checks
--------------------------------------------------------------------------------------
Clock Name:         clk
Waveform(ns):       { 0.000 2.500 }
Period(ns):         5.000
Sources:            { clk }

Check Type        Corner  Lib Pin             Reference Pin  Required(ns)  Actual(ns)  Slack(ns)  Location  Pin
Min Period        n/a     RAMB36E2/CLKARDCLK  n/a            1.569         5.000       3.431                u_book/entries_reg[0][order_ref]/CLKARDCLK
Low Pulse Width   Slow    RAMB36E2/CLKARDCLK  n/a            0.542         2.500       1.958                u_book/entries_reg[0][order_ref]/CLKARDCLK
High Pulse Width  Slow    RAMB36E2/CLKARDCLK  n/a            0.542         2.500       1.958                u_book/entries_reg[0][order_ref]/CLKARDCLK



