Copyright 1986-2022 Xilinx, Inc. All Rights Reserved. Copyright 2022-2025 Advanced Micro Devices, Inc. All Rights Reserved.
--------------------------------------------------------------------------------------------------------------------------------------------------
| Tool Version      : Vivado v.2025.2 (lin64) Build 6299465 Fri Nov 14 12:34:56 MST 2025
| Date              : Thu Jul  2 15:53:10 2026
| Host              : abhishek-VMware-Virtual-Platform running 64-bit Ubuntu 24.04.2 LTS
| Command           : report_timing_summary -file results/mm_synth/mmtop_timing.rpt -quiet
| Design            : market_maker_top
| Device            : xcu200-fsgd2104
| Speed File        : -2  PRODUCTION 1.28 03-30-2022
| Design State      : Optimized
| Temperature Grade : E
--------------------------------------------------------------------------------------------------------------------------------------------------

Timing Summary Report

------------------------------------------------------------------------------------------------
| Timer Settings
| --------------
------------------------------------------------------------------------------------------------

  Enable Multi Corner Analysis               :  Yes
  Enable Pessimism Removal                   :  Yes
  Pessimism Removal Resolution               :  Nearest Common Node
  Enable Input Delay Default Clock           :  No
  Enable Preset / Clear Arcs                 :  No
  Disable Flight Delays                      :  No
  Ignore I/O Paths                           :  No
  Timing Early Launch at Borrowing Latches   :  No
  Borrow Time for Max Delay Exceptions       :  Yes
  Merge Timing Exceptions                    :  Yes
  Inter-SLR Compensation                     :  Conservative

  Corner  Analyze    Analyze    
  Name    Max Paths  Min Paths  
  ------  ---------  ---------  
  Slow    Yes        Yes        
  Fast    Yes        Yes        


------------------------------------------------------------------------------------------------
| Report Methodology
| ------------------
------------------------------------------------------------------------------------------------

No report available as report_methodology has not been run prior. Run report_methodology on the current design for the summary of methodology violations.



check_timing report

Table of Contents
-----------------
1. checking no_clock (0)
2. checking constant_clock (0)
3. checking pulse_width_clock (0)
4. checking unconstrained_internal_endpoints (0)
5. checking no_input_delay (62)
6. checking no_output_delay (37)
7. checking multiple_clock (0)
8. checking generated_clocks (0)
9. checking loops (0)
10. checking partial_input_delay (0)
11. checking partial_output_delay (0)
12. checking latch_loops (0)

1. checking no_clock (0)
------------------------
 There are 0 register/latch pins with no clock.


2. checking constant_clock (0)
------------------------------
 There are 0 register/latch pins with constant_clock.


3. checking pulse_width_clock (0)
---------------------------------
 There are 0 register/latch pins which need pulse_width check


4. checking unconstrained_internal_endpoints (0)
------------------------------------------------
 There are 0 pins that are not constrained for maximum delay.

 There are 0 pins that are not constrained for maximum delay due to constant clock.


5. checking no_input_delay (62)
-------------------------------
 There are 62 input ports with no input delay specified. (HIGH)

 There are 0 input ports with no input delay but user has a false path constraint.


6. checking no_output_delay (37)
--------------------------------
 There are 37 ports with no output delay specified. (HIGH)

 There are 0 ports with no output delay but user has a false path constraint

 There are 0 ports with no output delay but with a timing clock defined on it or propagating through it


7. checking multiple_clock (0)
------------------------------
 There are 0 register/latch pins with multiple clocks.


8. checking generated_clocks (0)
--------------------------------
 There are 0 generated clocks that are not connected to a clock source.


9. checking loops (0)
---------------------
 There are 0 combinational loops in the design.


10. checking partial_input_delay (0)
------------------------------------
 There are 0 input ports with partial input delay specified.


11. checking partial_output_delay (0)
-------------------------------------
 There are 0 ports with partial output delay specified.


12. checking latch_loops (0)
----------------------------
 There are 0 combinational latch loops in the design through latch input



------------------------------------------------------------------------------------------------
| Design Timing Summary
| ---------------------
------------------------------------------------------------------------------------------------

    WNS(ns)      TNS(ns)  TNS Failing Endpoints  TNS Total Endpoints      WHS(ns)      THS(ns)  THS Failing Endpoints  THS Total Endpoints     WPWS(ns)     TPWS(ns)  TPWS Failing Endpoints  TPWS Total Endpoints  
    -------      -------  ---------------------  -------------------      -------      -------  ---------------------  -------------------     --------     --------  ----------------------  --------------------  
      1.004        0.000                      0                11667        0.040        0.000                      0                11667        1.968        0.000                       0                  9293  


All user specified timing constraints are met.


------------------------------------------------------------------------------------------------
| Clock Summary
| -------------
------------------------------------------------------------------------------------------------

Clock  Waveform(ns)         Period(ns)      Frequency(MHz)
-----  ------------         ----------      --------------
clk    {0.000 2.500}        5.000           200.000         


------------------------------------------------------------------------------------------------
| Intra Clock Table
| -----------------
------------------------------------------------------------------------------------------------

Clock             WNS(ns)      TNS(ns)  TNS Failing Endpoints  TNS Total Endpoints      WHS(ns)      THS(ns)  THS Failing Endpoints  THS Total Endpoints     WPWS(ns)     TPWS(ns)  TPWS Failing Endpoints  TPWS Total Endpoints  
-----             -------      -------  ---------------------  -------------------      -------      -------  ---------------------  -------------------     --------     --------  ----------------------  --------------------  
clk                 1.004        0.000                      0                11667        0.040        0.000                      0                11667        1.968        0.000                       0                  9293  


------------------------------------------------------------------------------------------------
| Inter Clock Table
| -----------------
------------------------------------------------------------------------------------------------

From Clock    To Clock          WNS(ns)      TNS(ns)  TNS Failing Endpoints  TNS Total Endpoints      WHS(ns)      THS(ns)  THS Failing Endpoints  THS Total Endpoints  
----------    --------          -------      -------  ---------------------  -------------------      -------      -------  ---------------------  -------------------  


------------------------------------------------------------------------------------------------
| Other Path Groups Table
| -----------------------
------------------------------------------------------------------------------------------------

Path Group    From Clock    To Clock          WNS(ns)      TNS(ns)  TNS Failing Endpoints  TNS Total Endpoints      WHS(ns)      THS(ns)  THS Failing Endpoints  THS Total Endpoints  
----------    ----------    --------          -------      -------  ---------------------  -------------------      -------      -------  ---------------------  -------------------  


------------------------------------------------------------------------------------------------
| Timing Details
| --------------
------------------------------------------------------------------------------------------------


---------------------------------------------------------------------------------------------------
From Clock:  clk
  To Clock:  clk

Setup :            0  Failing Endpoints,  Worst Slack        1.004ns,  Total Violation        0.000ns
Hold  :            0  Failing Endpoints,  Worst Slack        0.040ns,  Total Violation        0.000ns
PW    :            0  Failing Endpoints,  Worst Slack        1.968ns,  Total Violation        0.000ns
---------------------------------------------------------------------------------------------------


Max Delay Paths
--------------------------------------------------------------------------------------
Slack (MET) :             1.004ns  (required time - arrival time)
  Source:                 r_ask_sz_reg[15]/C
                            (rising edge-triggered cell FDCE clocked by clk  {rise@0.000ns fall@2.500ns period=5.000ns})
  Destination:            u_mm/u_div/gstage[2].nsh_reg[3][61]_srl4_u_mm_u_div_gstage_c_1/D
                            (rising edge-triggered cell SRL16E clocked by clk  {rise@0.000ns fall@2.500ns period=5.000ns})
  Path Group:             clk
  Path Type:              Setup (Max at Slow Process Corner)
  Requirement:            5.000ns  (clk rise@5.000ns - clk rise@0.000ns)
  Data Path Delay:        3.916ns  (logic 3.000ns (76.609%)  route 0.916ns (23.391%))
  Logic Levels:           16  (CARRY8=6 DSP_A_B_DATA=1 DSP_ALU=2 DSP_M_DATA=1 DSP_MULTIPLIER=1 DSP_OUTPUT=2 DSP_PREADD_DATA=1 LUT2=2)
  Clock Path Skew:        0.015ns (DCD - SCD + CPR)
    Destination Clock Delay (DCD):    0.043ns = ( 5.043 - 5.000 ) 
    Source Clock Delay      (SCD):    0.028ns
    Clock Pessimism Removal (CPR):    0.000ns
  Clock Uncertainty:      0.035ns  ((TSJ^2 + TIJ^2)^1/2 + DJ) / 2 + PE
    Total System Jitter     (TSJ):    0.071ns
    Total Input Jitter      (TIJ):    0.000ns
    Discrete Jitter          (DJ):    0.000ns
    Phase Error              (PE):    0.000ns

    Location             Delay type                Incr(ns)  Path(ns)    Netlist Resource(s)
  -------------------------------------------------------------------    -------------------
                         (clock clk rise edge)        0.000     0.000 r  
                                                      0.000     0.000 r  clk (IN)
                         net (fo=9292, unset)         0.028     0.028    clk
                         FDCE                                         r  r_ask_sz_reg[15]/C
  -------------------------------------------------------------------    -------------------
                         FDCE (Prop_FDCE_C_Q)         0.077     0.105 f  r_ask_sz_reg[15]/Q
                         net (fo=4, unplaced)         0.189     0.294    u_mm/num_r1__5/B[15]
                         DSP_A_B_DATA (Prop_DSP_A_B_DATA_B[15]_B2_DATA[15])
                                                      0.151     0.445 r  u_mm/num_r1__5/DSP_A_B_DATA_INST/B2_DATA[15]
                         net (fo=1, unplaced)         0.000     0.445    u_mm/num_r1__5/DSP_A_B_DATA.B2_DATA<15>
                         DSP_PREADD_DATA (Prop_DSP_PREADD_DATA_B2_DATA[15]_B2B1[15])
                                                      0.073     0.518 r  u_mm/num_r1__5/DSP_PREADD_DATA_INST/B2B1[15]
                         net (fo=1, unplaced)         0.000     0.518    u_mm/num_r1__5/DSP_PREADD_DATA.B2B1<15>
                         DSP_MULTIPLIER (Prop_DSP_MULTIPLIER_B2B1[15]_V[43])
                                                      0.609     1.127 f  u_mm/num_r1__5/DSP_MULTIPLIER_INST/V[43]
                         net (fo=1, unplaced)         0.000     1.127    u_mm/num_r1__5/DSP_MULTIPLIER.V<43>
                         DSP_M_DATA (Prop_DSP_M_DATA_V[43]_V_DATA[43])
                                                      0.046     1.173 r  u_mm/num_r1__5/DSP_M_DATA_INST/V_DATA[43]
                         net (fo=1, unplaced)         0.000     1.173    u_mm/num_r1__5/DSP_M_DATA.V_DATA<43>
                         DSP_ALU (Prop_DSP_ALU_V_DATA[43]_ALU_OUT[47])
                                                      0.571     1.744 f  u_mm/num_r1__5/DSP_ALU_INST/ALU_OUT[47]
                         net (fo=1, unplaced)         0.000     1.744    u_mm/num_r1__5/DSP_ALU.ALU_OUT<47>
                         DSP_OUTPUT (Prop_DSP_OUTPUT_ALU_OUT[47]_PCOUT[47])
                                                      0.122     1.866 r  u_mm/num_r1__5/DSP_OUTPUT_INST/PCOUT[47]
                         net (fo=1, unplaced)         0.014     1.880    u_mm/num_r1__6/PCIN[47]
                         DSP_ALU (Prop_DSP_ALU_PCIN[47]_ALU_OUT[7])
                                                      0.546     2.426 f  u_mm/num_r1__6/DSP_ALU_INST/ALU_OUT[7]
                         net (fo=1, unplaced)         0.000     2.426    u_mm/num_r1__6/DSP_ALU.ALU_OUT<7>
                         DSP_OUTPUT (Prop_DSP_OUTPUT_ALU_OUT[7]_P[7])
                                                      0.109     2.535 r  u_mm/num_r1__6/DSP_OUTPUT_INST/P[7]
                         net (fo=2, unplaced)         0.210     2.745    u_mm/u_div/I220[8]
                         LUT2 (Prop_LUT2_I0_O)        0.053     2.798 r  u_mm/u_div/gstage[29].nsh_reg[30][61]_srl31_u_mm_u_div_gstage_c_28_i_18/O
                         net (fo=1, unplaced)         0.020     2.818    u_mm/u_div/gstage[29].nsh_reg[30][61]_srl31_u_mm_u_div_gstage_c_28_i_18_n_0
                         CARRY8 (Prop_CARRY8_S[0]_CO[7])
                                                      0.199     3.017 r  u_mm/u_div/gstage[29].nsh_reg[30][61]_srl31_u_mm_u_div_gstage_c_28_i_2/CO[7]
                         net (fo=1, unplaced)         0.005     3.022    u_mm/u_div/gstage[29].nsh_reg[30][61]_srl31_u_mm_u_div_gstage_c_28_i_2_n_0
                         CARRY8 (Prop_CARRY8_CI_CO[7])
                                                      0.022     3.044 r  u_mm/u_div/gstage[21].nsh_reg[22][61]_srl23_u_mm_u_div_gstage_c_20_i_2/CO[7]
                         net (fo=1, unplaced)         0.005     3.049    u_mm/u_div/gstage[21].nsh_reg[22][61]_srl23_u_mm_u_div_gstage_c_20_i_2_n_0
                         CARRY8 (Prop_CARRY8_CI_CO[7])
                                                      0.022     3.071 r  u_mm/u_div/gstage[13].nsh_reg[14][61]_srl15_u_mm_u_div_gstage_c_12_i_2/CO[7]
                         net (fo=1, unplaced)         0.005     3.076    u_mm/u_div/gstage[13].nsh_reg[14][61]_srl15_u_mm_u_div_gstage_c_12_i_2_n_0
                         CARRY8 (Prop_CARRY8_CI_O[5])
                                                      0.116     3.192 r  u_mm/u_div/gstage[5].nsh_reg[6][61]_srl7_u_mm_u_div_gstage_c_4_i_2/O[5]
                         net (fo=2, unplaced)         0.171     3.363    u_mm/u_div/gstage[5].nsh_reg[6][61]_srl7_u_mm_u_div_gstage_c_4_i_2_n_10
                         LUT2 (Prop_LUT2_I0_O)        0.051     3.414 r  u_mm/u_div/gstage[5].nsh_reg[6][61]_srl7_u_mm_u_div_gstage_c_4_i_5/O
                         net (fo=1, unplaced)         0.029     3.443    u_mm/u_div/gstage[5].nsh_reg[6][61]_srl7_u_mm_u_div_gstage_c_4_i_5_n_0
                         CARRY8 (Prop_CARRY8_S[5]_CO[7])
                                                      0.166     3.609 r  u_mm/u_div/gstage[5].nsh_reg[6][61]_srl7_u_mm_u_div_gstage_c_4_i_1/CO[7]
                         net (fo=1, unplaced)         0.005     3.614    u_mm/u_div/gstage[5].nsh_reg[6][61]_srl7_u_mm_u_div_gstage_c_4_i_1_n_0
                         CARRY8 (Prop_CARRY8_CI_O[2])
                                                      0.067     3.681 r  u_mm/u_div/num_r_reg[63]_i_1/O[2]
                         net (fo=1, unplaced)         0.263     3.944    u_mm/u_div/p_0_in[58]
                         SRL16E                                       r  u_mm/u_div/gstage[2].nsh_reg[3][61]_srl4_u_mm_u_div_gstage_c_1/D
  -------------------------------------------------------------------    -------------------

                         (clock clk rise edge)        5.000     5.000 r  
                                                      0.000     5.000 r  clk (IN)
                         net (fo=9292, unset)         0.043     5.043    u_mm/u_div/clk
                         SRL16E                                       r  u_mm/u_div/gstage[2].nsh_reg[3][61]_srl4_u_mm_u_div_gstage_c_1/CLK
                         clock pessimism              0.000     5.043    
                         clock uncertainty           -0.035     5.008    
                         SRL16E (Setup_SRL16E_CLK_D)
                                                     -0.060     4.948    u_mm/u_div/gstage[2].nsh_reg[3][61]_srl4_u_mm_u_div_gstage_c_1
  -------------------------------------------------------------------
                         required time                          4.948    
                         arrival time                          -3.944    
  -------------------------------------------------------------------
                         slack                                  1.004    





Min Delay Paths
--------------------------------------------------------------------------------------
Slack (MET) :             0.040ns  (arrival time - required time)
  Source:                 r_inv_reg[0]/C
                            (rising edge-triggered cell FDCE clocked by clk  {rise@0.000ns fall@2.500ns period=5.000ns})
  Destination:            u_mm/u_div/gstage[30].pl_reg[31][0]_srl32_u_mm_u_div_gstage_c_29/D
                            (rising edge-triggered cell SRLC32E clocked by clk  {rise@0.000ns fall@2.500ns period=5.000ns})
  Path Group:             clk
  Path Type:              Hold (Min at Fast Process Corner)
  Requirement:            0.000ns  (clk rise@0.000ns - clk rise@0.000ns)
  Data Path Delay:        0.112ns  (logic 0.038ns (33.929%)  route 0.074ns (66.071%))
  Logic Levels:           0  
  Clock Path Skew:        0.027ns (DCD - SCD - CPR)
    Destination Clock Delay (DCD):    0.039ns
    Source Clock Delay      (SCD):    0.012ns
    Clock Pessimism Removal (CPR):    -0.000ns

    Location             Delay type                Incr(ns)  Path(ns)    Netlist Resource(s)
  -------------------------------------------------------------------    -------------------
                         (clock clk rise edge)        0.000     0.000 r  
                                                      0.000     0.000 r  clk (IN)
                         net (fo=9292, unset)         0.012     0.012    clk
                         FDCE                                         r  r_inv_reg[0]/C
  -------------------------------------------------------------------    -------------------
                         FDCE (Prop_FDCE_C_Q)         0.038     0.050 r  r_inv_reg[0]/Q
                         net (fo=1, unplaced)         0.074     0.124    u_mm/u_div/Q[0]
                         SRLC32E                                      r  u_mm/u_div/gstage[30].pl_reg[31][0]_srl32_u_mm_u_div_gstage_c_29/D
  -------------------------------------------------------------------    -------------------

                         (clock clk rise edge)        0.000     0.000 r  
                                                      0.000     0.000 r  clk (IN)
                         net (fo=9292, unset)         0.039     0.039    u_mm/u_div/clk
                         SRLC32E                                      r  u_mm/u_div/gstage[30].pl_reg[31][0]_srl32_u_mm_u_div_gstage_c_29/CLK
                         clock pessimism              0.000     0.039    
                         SRLC32E (Hold_SRLC32E_CLK_D)
                                                      0.045     0.084    u_mm/u_div/gstage[30].pl_reg[31][0]_srl32_u_mm_u_div_gstage_c_29
  -------------------------------------------------------------------
                         required time                         -0.084    
                         arrival time                           0.124    
  -------------------------------------------------------------------
                         slack                                  0.040    





Pulse Width Checks
--------------------------------------------------------------------------------------
Clock Name:         clk
Waveform(ns):       { 0.000 2.500 }
Period(ns):         5.000
Sources:            { clk }

Check Type        Corner  Lib Pin     Reference Pin  Required(ns)  Actual(ns)  Slack(ns)  Location  Pin
Min Period        n/a     SRL16E/CLK  n/a            1.064         5.000       3.936                u_mm/u_div/gstage[0].nsh_reg[1][61]_srl2_u_mm_u_div_gstage_c/CLK
Low Pulse Width   Slow    SRL16E/CLK  n/a            0.532         2.500       1.968                u_mm/u_div/gstage[0].nsh_reg[1][61]_srl2_u_mm_u_div_gstage_c/CLK
High Pulse Width  Slow    SRL16E/CLK  n/a            0.532         2.500       1.968                u_mm/u_div/gstage[0].nsh_reg[1][61]_srl2_u_mm_u_div_gstage_c/CLK



